Component: Arm Compiler for Embedded 6.23 Tool: armlink [5f102400]

==============================================================================

Section Cross References

    startup_stm32f427xx.o(STACK) refers (Special) to heapauxi.o(.text) for __use_two_region_memory
    startup_stm32f427xx.o(HEAP) refers (Special) to heapauxi.o(.text) for __use_two_region_memory
    startup_stm32f427xx.o(RESET) refers (Special) to heapauxi.o(.text) for __use_two_region_memory
    startup_stm32f427xx.o(RESET) refers to startup_stm32f427xx.o(STACK) for __initial_sp
    startup_stm32f427xx.o(RESET) refers to startup_stm32f427xx.o(.text) for Reset_Handler
    startup_stm32f427xx.o(RESET) refers to stm32f4xx_it.o(.text.NMI_Handler) for NMI_Handler
    startup_stm32f427xx.o(RESET) refers to stm32f4xx_it.o(.text.HardFault_Handler) for HardFault_Handler
    startup_stm32f427xx.o(RESET) refers to stm32f4xx_it.o(.text.MemManage_Handler) for MemManage_Handler
    startup_stm32f427xx.o(RESET) refers to stm32f4xx_it.o(.text.BusFault_Handler) for BusFault_Handler
    startup_stm32f427xx.o(RESET) refers to stm32f4xx_it.o(.text.UsageFault_Handler) for UsageFault_Handler
    startup_stm32f427xx.o(RESET) refers to port.o(.text.SVC_Handler) for SVC_Handler
    startup_stm32f427xx.o(RESET) refers to stm32f4xx_it.o(.text.DebugMon_Handler) for DebugMon_Handler
    startup_stm32f427xx.o(RESET) refers to port.o(.text.PendSV_Handler) for PendSV_Handler
    startup_stm32f427xx.o(RESET) refers to cmsis_os2.o(.text.SysTick_Handler) for SysTick_Handler
    startup_stm32f427xx.o(RESET) refers to stm32f4xx_it.o(.text.EXTI0_IRQHandler) for EXTI0_IRQHandler
    startup_stm32f427xx.o(RESET) refers to stm32f4xx_it.o(.text.DMA1_Stream0_IRQHandler) for DMA1_Stream0_IRQHandler
    startup_stm32f427xx.o(RESET) refers to stm32f4xx_it.o(.text.DMA1_Stream1_IRQHandler) for DMA1_Stream1_IRQHandler
    startup_stm32f427xx.o(RESET) refers to stm32f4xx_it.o(.text.DMA1_Stream3_IRQHandler) for DMA1_Stream3_IRQHandler
    startup_stm32f427xx.o(RESET) refers to stm32f4xx_it.o(.text.DMA1_Stream6_IRQHandler) for DMA1_Stream6_IRQHandler
    startup_stm32f427xx.o(RESET) refers to stm32f4xx_it.o(.text.CAN1_RX0_IRQHandler) for CAN1_RX0_IRQHandler
    startup_stm32f427xx.o(RESET) refers to stm32f4xx_it.o(.text.CAN1_RX1_IRQHandler) for CAN1_RX1_IRQHandler
    startup_stm32f427xx.o(RESET) refers to stm32f4xx_it.o(.text.USART1_IRQHandler) for USART1_IRQHandler
    startup_stm32f427xx.o(RESET) refers to stm32f4xx_it.o(.text.USART3_IRQHandler) for USART3_IRQHandler
    startup_stm32f427xx.o(RESET) refers to stm32f4xx_it.o(.text.EXTI15_10_IRQHandler) for EXTI15_10_IRQHandler
    startup_stm32f427xx.o(RESET) refers to stm32f4xx_it.o(.text.TIM7_IRQHandler) for TIM7_IRQHandler
    startup_stm32f427xx.o(RESET) refers to stm32f4xx_it.o(.text.DMA2_Stream1_IRQHandler) for DMA2_Stream1_IRQHandler
    startup_stm32f427xx.o(RESET) refers to stm32f4xx_it.o(.text.DMA2_Stream2_IRQHandler) for DMA2_Stream2_IRQHandler
    startup_stm32f427xx.o(RESET) refers to stm32f4xx_it.o(.text.CAN2_RX0_IRQHandler) for CAN2_RX0_IRQHandler
    startup_stm32f427xx.o(RESET) refers to stm32f4xx_it.o(.text.CAN2_RX1_IRQHandler) for CAN2_RX1_IRQHandler
    startup_stm32f427xx.o(RESET) refers to stm32f4xx_it.o(.text.OTG_FS_IRQHandler) for OTG_FS_IRQHandler
    startup_stm32f427xx.o(RESET) refers to stm32f4xx_it.o(.text.DMA2_Stream6_IRQHandler) for DMA2_Stream6_IRQHandler
    startup_stm32f427xx.o(RESET) refers to stm32f4xx_it.o(.text.USART6_IRQHandler) for USART6_IRQHandler
    startup_stm32f427xx.o(RESET) refers to stm32f4xx_it.o(.text.UART8_IRQHandler) for UART8_IRQHandler
    startup_stm32f427xx.o(.text) refers (Special) to heapauxi.o(.text) for __use_two_region_memory
    startup_stm32f427xx.o(.text) refers to system_stm32f4xx.o(.text.SystemInit) for SystemInit
    startup_stm32f427xx.o(.text) refers to __main.o(!!!main) for __main
    startup_stm32f427xx.o(.text) refers to startup_stm32f427xx.o(HEAP) for Heap_Mem
    startup_stm32f427xx.o(.text) refers to startup_stm32f427xx.o(STACK) for Stack_Mem
    main.o(.text.main) refers to stm32f4xx_hal.o(.text.HAL_Init) for HAL_Init
    main.o(.text.main) refers to main.o(.text.SystemClock_Config) for SystemClock_Config
    main.o(.text.main) refers to gpio.o(.text.MX_GPIO_Init) for MX_GPIO_Init
    main.o(.text.main) refers to dma.o(.text.MX_DMA_Init) for MX_DMA_Init
    main.o(.text.main) refers to can.o(.text.MX_CAN1_Init) for MX_CAN1_Init
    main.o(.text.main) refers to can.o(.text.MX_CAN2_Init) for MX_CAN2_Init
    main.o(.text.main) refers to tim.o(.text.MX_TIM2_Init) for MX_TIM2_Init
    main.o(.text.main) refers to usart.o(.text.MX_UART8_Init) for MX_UART8_Init
    main.o(.text.main) refers to usart.o(.text.MX_USART1_UART_Init) for MX_USART1_UART_Init
    main.o(.text.main) refers to usart.o(.text.MX_USART3_UART_Init) for MX_USART3_UART_Init
    main.o(.text.main) refers to usart.o(.text.MX_USART6_UART_Init) for MX_USART6_UART_Init
[...]
    t_pumg_last                              0x2000032f   Data           1  relay.o(.bss..L_MergedGlobals)
    t_shijue                                 0x20000330   Data           1  robot_message.o(.bss..L_MergedGlobals)
    action_Num                               0x20000334   Data           4  robot_message.o(.bss..L_MergedGlobals)
    sync_data_from_c                         0x20000338   Data          23  bsp_uart.o(.bss..L_MergedGlobals)
    frame                                    0x2000034f   Data          39  bsp_uart.o(.bss..L_MergedGlobals)
    d_angle                                  0x20000378   Data           2  moto.o(.bss..L_MergedGlobals)
    rx_data                                  0x2000037a   Data           8  moto.o(.bss..L_MergedGlobals)
    moto_gimbal                              0x20000384   Data          64  moto.o(.bss..L_MergedGlobals)
    chassis_auto_ctrl_flag                   0x200003c4   Data           1  chassis.o(.bss..L_MergedGlobals)
    vx                                       0x200003c6   Data           2  chassis.o(.bss..L_MergedGlobals)
    vy                                       0x200003c8   Data           2  chassis.o(.bss..L_MergedGlobals)
    vr                                       0x200003ca   Data           2  chassis.o(.bss..L_MergedGlobals)
    lift_inited                              0x200003cc   Data           1  lift_moto_ctrl.o(.bss..L_MergedGlobals)
    camera_lift_inited                       0x200003cd   Data           1  lift_moto_ctrl.o(.bss..L_MergedGlobals)
    lift_moto_current_set                    0x200003ce   Data           4  lift_moto_ctrl.o(.bss..L_MergedGlobals)
    pid_lift_pos                             0x200003d4   Data          92  lift_moto_ctrl.o(.bss..L_MergedGlobals)
    t_r                                      0x20000430   Data           1  modes.o(.bss..L_MergedGlobals)
    Fetch_Two_Silver_ing                     0x20000431   Data           1  modes.o(.bss..L_MergedGlobals)
    Fetch_Left_Silver_ing                    0x20000432   Data           1  modes.o(.bss..L_MergedGlobals)
    Fetch_Right_Silver_ing                   0x20000433   Data           1  modes.o(.bss..L_MergedGlobals)
    Before_Exchange_Above_Silver_ing         0x20000434   Data           1  modes.o(.bss..L_MergedGlobals)
    Before_Exchange_Below_Silver_ing         0x20000435   Data           1  modes.o(.bss..L_MergedGlobals)
    Fetch_Ground_ing                         0x20000436   Data           1  modes.o(.bss..L_MergedGlobals)
    Gold_To_Storage_ing                      0x20000437   Data           1  modes.o(.bss..L_MergedGlobals)
    Gold_To_DogHole_ing                      0x20000438   Data           1  modes.o(.bss..L_MergedGlobals)
    Gold_To_DogHole_Back_ing                 0x20000439   Data           1  modes.o(.bss..L_MergedGlobals)
    To_DogHole_ing                           0x2000043a   Data           1  modes.o(.bss..L_MergedGlobals)
    To_DogHole_Back_ing                      0x2000043b   Data           1  modes.o(.bss..L_MergedGlobals)
    SHIJUE_mode_ing                          0x2000043c   Data           1  modes.o(.bss..L_MergedGlobals)
    Break_While_ctrl                         0x2000043d   Data           1  modes.o(.bss..L_MergedGlobals)
    SHIJUE_mode_arm                          0x2000043e   Data           1  modes.o(.bss..L_MergedGlobals)
    xipan_debug_flag                         0x2000043f   Data           1  modes.o(.bss..L_MergedGlobals)
    seq                                      0x20000440   Data           1  ui_interface.o(.bss..L_MergedGlobals)
    _ui_1_frame                              0x20000442   Data          30  ui_interface.o(.bss..L_MergedGlobals)
    _ui_2_frame                              0x20000460   Data          45  ui_interface.o(.bss..L_MergedGlobals)
    Eng_life                                 0x2000048e   Data           1  selfcheck_task.o(.bss..L_MergedGlobals.1)
    device                                   0x2000048f   Data          13  selfcheck_task.o(.bss..L_MergedGlobals.1)
    device_time                              0x2000049c   Data          26  selfcheck_task.o(.bss..L_MergedGlobals.1)
    Keys                                     0x200004e8   Data          64  key.o(.bss.Keys)
    MTMotoState                              0x20000528   Data          40  mtmotodriver.o(.bss.MTMotoState)
    NEW_RC_DATA                              0x20000550   Data          10  referee.o(.bss.NEW_RC_DATA)
    RC_CtrlData                              0x2000055a   Data          24  inculdes.o(.bss.RC_CtrlData)
    Transmit_buff                            0x20000574   Data         128  bsp_uart.o(.bss.Transmit_buff)
    UART8_Rx_Buffer                          0x200005f4   Data         128  bsp_uart.o(.bss.UART8_Rx_Buffer)
    USART1_Rx_Buffer                         0x20000674   Data         128  rcdriver.o(.bss.USART1_Rx_Buffer)
    USART3_Rx_Buffer                         0x200006f4   Data         128  bsp_uart.o(.bss.USART3_Rx_Buffer)
    USART6_Rx_Buffer                         0x20000774   Data         128  bsp_uart.o(.bss.USART6_Rx_Buffer)
    USBD_StrDesc                             0x200007f8   Data         512  usbd_desc.o(.bss.USBD_StrDesc)
    UserRxBufferFS                           0x20000c18   Data        2048  usbd_cdc_if.o(.bss.UserRxBufferFS)
    UserTxBufferFS                           0x20001418   Data        2048  usbd_cdc_if.o(.bss.UserTxBufferFS)
    camera_pid_lift_pos                      0x20001c18   Data          92  lift_moto_ctrl.o(.bss.camera_pid_lift_pos)
    camera_pid_lift_reset_spd                0x20001c74   Data          92  lift_moto_ctrl.o(.bss.camera_pid_lift_reset_spd)
    camera_pid_lift_spd                      0x20001cd0   Data          92  lift_moto_ctrl.o(.bss.camera_pid_lift_spd)
    cmd_id_queue                             0x20001d2c   Data          24  robot_message.o(.bss.cmd_id_queue)
    game_robot_HP_t                          0x20001d44   Data          32  referee.o(.bss.game_robot_HP_t)
    hUsbDeviceFS                             0x20001d64   Data         732  usb_device.o(.bss.hUsbDeviceFS)
    hcan1                                    0x20002040   Data          40  can.o(.bss.hcan1)
    hcan2                                    0x20002068   Data          40  can.o(.bss.hcan2)
    hdma_uart8_rx                            0x20002090   Data          96  usart.o(.bss.hdma_uart8_rx)
    hdma_uart8_tx                            0x200020f0   Data          96  usart.o(.bss.hdma_uart8_tx)
    hdma_usart1_rx                           0x20002150   Data          96  usart.o(.bss.hdma_usart1_rx)
    hdma_usart3_rx                           0x200021b0   Data          96  usart.o(.bss.hdma_usart3_rx)
    hdma_usart3_tx                           0x20002210   Data          96  usart.o(.bss.hdma_usart3_tx)
    hdma_usart6_rx                           0x20002270   Data          96  usart.o(.bss.hdma_usart6_rx)
    hdma_usart6_tx                           0x200022d0   Data          96  usart.o(.bss.hdma_usart6_tx)
    hpcd_USB_OTG_FS                          0x20002330   Data        1252  usbd_conf.o(.bss.hpcd_USB_OTG_FS)
    htim2                                    0x20002814   Data          72  tim.o(.bss.htim2)
    htim7                                    0x2000285c   Data          72  stm32f4xx_hal_timebase_tim.o(.bss.htim7)
    huart1                                   0x200028a4   Data          72  usart.o(.bss.huart1)
    huart3                                   0x200028ec   Data          72  usart.o(.bss.huart3)
    huart6                                   0x20002934   Data          72  usart.o(.bss.huart6)
    huart8                                   0x2000297c   Data          72  usart.o(.bss.huart8)
    moto_chassis                             0x200029c4   Data         128  moto.o(.bss.moto_chassis)
    nuc_receive_data                         0x20002a44   Data        4212  robot_message.o(.bss.nuc_receive_data)
    pid_chassis_moto                         0x20003ab8   Data         552  chassis.o(.bss.pid_chassis_moto)
    pid_lift_reset_spd                       0x20003ce0   Data          92  lift_moto_ctrl.o(.bss.pid_lift_reset_spd)
    pid_lift_spd                             0x20003d3c   Data          92  lift_moto_ctrl.o(.bss.pid_lift_spd)
    robot_interaction_data                   0x200042e8   Data         118  referee.o(.bss.robot_interaction_data)
    sync_data_to_c                           0x2000435e   Data          26  bsp_uart.o(.bss.sync_data_to_c)
    ui_g_1_0                                 0x20007f78   Data          90  ui_g.o(.bss.ui_g_1_0)
    ui_g_2_0                                 0x20007fd2   Data          45  ui_g.o(.bss.ui_g_2_0)
    ui_g_3_0                                 0x20008000   Data          90  ui_g.o(.bss.ui_g_3_0)
    ui_g_4_0                                 0x2000805a   Data          30  ui_g.o(.bss.ui_g_4_0)
    ui_g_close_0                             0x20008078   Data          30  ui_g.o(.bss.ui_g_close_0)
    ui_g_die_0                               0x20008096   Data          30  ui_g.o(.bss.ui_g_die_0)
    ui_g_open_0                              0x200080b4   Data          30  ui_g.o(.bss.ui_g_open_0)
    ui_g_pumg_0                              0x200080d2   Data          60  ui_g.o(.bss.ui_g_pumg_0)
    ui_g_shijue_0                            0x2000810e   Data          60  ui_g.o(.bss.ui_g_shijue_0)
    usb_cdc_data                             0x2000814a   Data        1028  bsp_usb.o(.bss.usb_cdc_data)
    uwTick                                   0x20008550   Data           4  stm32f4xx_hal.o(.bss.uwTick)
    xQueueRegistry                           0x20008c0c   Data          64  queue.o(.bss.xQueueRegistry)



==============================================================================

Memory Map of the image

  Image Entry point : 0x080001ad

  Load Region LR_IROM1 (Base: 0x08000000, Size: 0x0000f5f0, Max: 0x00200000, ABSOLUTE, COMPRESSED[0x0000f5b0])

    Execution Region ER_IROM1 (Exec base: 0x08000000, Load base: 0x08000000, Size: 0x0000f4a0, Max: 0x00200000, ABSOLUTE)

    Exec Addr    Load Addr    Size         Type   Attr      Idx    E Section Name        Object

    0x08000000   0x08000000   0x000001ac   Data   RO            3    RESET               startup_stm32f427xx.o
    0x080001ac   0x080001ac   0x00000008   Code   RO         2899  * !!!main             c_w.l(__main.o)
    0x080001b4   0x080001b4   0x0000005c   Code   RO         3295    !!!scatter          c_w.l(__scatter.o)
    0x08000210   0x08000210   0x0000003a   Code   RO         3293    !!dczerorl          c_w.l(__dczerorl.o)
    0x0800024a   0x0800024a   0x00000002   PAD
    0x0800024c   0x0800024c   0x00000002   Code   RO         3296    !!handler_null      c_w.l(__scatter.o)
    0x0800024e   0x0800024e   0x00000002   PAD
    0x08000250   0x08000250   0x0000001c   Code   RO         3299    !!handler_zi        c_w.l(__scatter_zi.o)
    0x0800026c   0x0800026c   0x00000000   Code   RO         2882    .ARM.Collect$$_printf_percent$$00000000  c_w.l(_printf_percent.o)
    0x0800026c   0x0800026c   0x00000006   Code   RO         2881    .ARM.Collect$$_printf_percent$$0000000C  c_w.l(_printf_x.o)
    0x08000272   0x08000272   0x00000004   Code   RO         2922    .ARM.Collect$$_printf_percent$$00000017  c_w.l(_printf_percent_end.o)
    0x08000276   0x08000276   0x00000002   Code   RO         3098    .ARM.Collect$$libinit$$00000000  c_w.l(libinit.o)
    0x08000278   0x08000278   0x00000004   Code   RO         3099    .ARM.Collect$$libinit$$00000001  c_w.l(libinit2.o)
    0x0800027c   0x0800027c   0x00000000   Code   RO         3102    .ARM.Collect$$libinit$$00000004  c_w.l(libinit2.o)
    0x0800027c   0x0800027c   0x00000000   Code   RO         3104    .ARM.Collect$$libinit$$00000006  c_w.l(libinit2.o)
    0x0800027c   0x0800027c   0x00000000   Code   RO         3107    .ARM.Collect$$libinit$$0000000C  c_w.l(libinit2.o)
    0x0800027c   0x0800027c   0x00000000   Code   RO         3109    .ARM.Collect$$libinit$$0000000E  c_w.l(libinit2.o)
    0x0800027c   0x0800027c   0x00000000   Code   RO         3111    .ARM.Collect$$libinit$$00000010  c_w.l(libinit2.o)
    0x0800027c   0x0800027c   0x00000000   Code   RO         3114    .ARM.Collect$$libinit$$00000013  c_w.l(libinit2.o)
    0x0800027c   0x0800027c   0x00000000   Code   RO         3116    .ARM.Collect$$libinit$$00000015  c_w.l(libinit2.o)
    0x0800027c   0x0800027c   0x00000000   Code   RO         3118    .ARM.Collect$$libinit$$00000017  c_w.l(libinit2.o)
    0x0800027c   0x0800027c   0x00000000   Code   RO         3120    .ARM.Collect$$libinit$$00000019  c_w.l(libinit2.o)
    0x0800027c   0x0800027c   0x00000000   Code   RO         3122    .ARM.Collect$$libinit$$0000001B  c_w.l(libinit2.o)
    0x0800027c   0x0800027c   0x00000000   Code   RO         3124    .ARM.Collect$$libinit$$0000001D  c_w.l(libinit2.o)
    0x0800027c   0x0800027c   0x00000000   Code   RO         3126    .ARM.Collect$$libinit$$0000001F  c_w.l(libinit2.o)
    0x0800027c   0x0800027c   0x00000000   Code   RO         3128    .ARM.Collect$$libinit$$00000021  c_w.l(libinit2.o)
    0x0800027c   0x0800027c   0x00000000   Code   RO         3130    .ARM.Collect$$libinit$$00000023  c_w.l(libinit2.o)
    0x0800027c   0x0800027c   0x00000000   Code   RO         3132    .ARM.Collect$$libinit$$00000025  c_w.l(libinit2.o)
    0x0800027c   0x0800027c   0x00000000   Code   RO         3134    .ARM.Collect$$libinit$$00000027  c_w.l(libinit2.o)
    0x0800027c   0x0800027c   0x00000000   Code   RO         3138    .ARM.Collect$$libinit$$0000002E  c_w.l(libinit2.o)
    0x0800027c   0x0800027c   0x00000000   Code   RO         3140    .ARM.Collect$$libinit$$00000030  c_w.l(libinit2.o)
    0x0800027c   0x0800027c   0x00000000   Code   RO         3142    .ARM.Collect$$libinit$$00000032  c_w.l(libinit2.o)
    0x0800027c   0x0800027c   0x00000000   Code   RO         3144    .ARM.Collect$$libinit$$00000034  c_w.l(libinit2.o)
    0x0800027c   0x0800027c   0x00000002   Code   RO         3145    .ARM.Collect$$libinit$$00000035  c_w.l(libinit2.o)
    0x0800027e   0x0800027e   0x00000002   Code   RO         3274    .ARM.Collect$$libshutdown$$00000000  c_w.l(libshutdown.o)
    0x08000280   0x08000280   0x00000000   Code   RO         3147    .ARM.Collect$$libshutdown$$00000002  c_w.l(libshutdown2.o)
    0x08000280   0x08000280   0x00000000   Code   RO         3149    .ARM.Collect$$libshutdown$$00000004  c_w.l(libshutdown2.o)
    0x08000280   0x08000280   0x00000000   Code   RO         3152    .ARM.Collect$$libshutdown$$00000007  c_w.l(libshutdown2.o)
    0x08000280   0x08000280   0x00000000   Code   RO         3155    .ARM.Collect$$libshutdown$$0000000A  c_w.l(libshutdown2.o)
    0x08000280   0x08000280   0x00000000   Code   RO         3157    .ARM.Collect$$libshutdown$$0000000C  c_w.l(libshutdown2.o)
    0x08000280   0x08000280   0x00000000   Code   RO         3160    .ARM.Collect$$libshutdown$$0000000F  c_w.l(libshutdown2.o)
    0x08000280   0x08000280   0x00000002   Code   RO         3161    .ARM.Collect$$libshutdown$$00000010  c_w.l(libshutdown2.o)
    0x08000282   0x08000282   0x00000000   Code   RO         2913    .ARM.Collect$$rtentry$$00000000  c_w.l(__rtentry.o)
    0x08000282   0x08000282   0x00000000   Code   RO         2953    .ARM.Collect$$rtentry$$00000002  c_w.l(__rtentry2.o)
    0x08000282   0x08000282   0x00000006   Code   RO         2965    .ARM.Collect$$rtentry$$00000004  c_w.l(__rtentry4.o)
    0x08000288   0x08000288   0x00000000   Code   RO         2955    .ARM.Collect$$rtentry$$00000009  c_w.l(__rtentry2.o)
    0x08000288   0x08000288   0x00000004   Code   RO         2956    .ARM.Collect$$rtentry$$0000000A  c_w.l(__rtentry2.o)
    0x0800028c   0x0800028c   0x00000000   Code   RO         2958    .ARM.Collect$$rtentry$$0000000C  c_w.l(__rtentry2.o)
    0x0800028c   0x0800028c   0x00000008   Code   RO         2959    .ARM.Collect$$rtentry$$0000000D  c_w.l(__rtentry2.o)
    0x08000294   0x08000294   0x00000002   Code   RO         3168    .ARM.Collect$$rtexit$$00000000  c_w.l(rtexit.o)
    0x08000296   0x08000296   0x00000000   Code   RO         3226    .ARM.Collect$$rtexit$$00000002  c_w.l(rtexit2.o)
    0x08000296   0x08000296   0x00000004   Code   RO         3227    .ARM.Collect$$rtexit$$00000003  c_w.l(rtexit2.o)
    0x0800029a   0x0800029a   0x00000006   Code   RO         3228    .ARM.Collect$$rtexit$$00000004  c_w.l(rtexit2.o)
    0x080002a0   0x080002a0   0x00000040   Code   RO            4    .text               startup_stm32f427xx.o
    0x080002e0   0x080002e0   0x000000f0   Code   RO         2830    .text               c_w.l(lludivv7m.o)
    0x080003d0   0x080003d0   0x0000004e   Code   RO         2838    .text               c_w.l(_printf_pad.o)
    0x0800041e   0x0800041e   0x00000002   PAD
    0x08000420   0x08000420   0x00000058   Code   RO         2843    .text               c_w.l(_printf_hex_int.o)
    0x08000478   0x08000478   0x0000003e   Code   RO         2885    .text               c_w.l(strlen.o)
    0x080004b6   0x080004b6   0x0000008a   Code   RO         2887    .text               c_w.l(rt_memcpy_v6.o)
    0x08000540   0x08000540   0x00000010   Code   RO         2891    .text               c_w.l(aeabi_memset4.o)
    0x08000550   0x08000550   0x0000004e   Code   RO         2895    .text               c_w.l(rt_memclr_w.o)
    0x0800059e   0x0800059e   0x00000006   Code   RO         2897    .text               c_w.l(heapauxi.o)
    0x080005a4   0x080005a4   0x000000b2   Code   RO         2918    .text               c_w.l(_printf_intcommon.o)
    0x08000656   0x08000656   0x00000064   Code   RO         2935    .text               c_w.l(rt_memcpy_w.o)
    0x080006ba   0x080006ba   0x0000004a   Code   RO         2994    .text               c_w.l(sys_stackheap_outer.o)
    0x08000704   0x08000704   0x00000012   Code   RO         3081    .text               c_w.l(exit.o)
    0x08000716   0x08000716   0x00000002   PAD
    0x08000718   0x08000718   0x00000008   Code   RO         3162    .text               c_w.l(libspace.o)
    0x08000720   0x08000720   0x00000002   Code   RO         3165    .text               c_w.l(use_no_semi.o)
    0x08000722   0x08000722   0x00000000   Code   RO         3167    .text               c_w.l(indicate_semi.o)
    0x08000722   0x08000722   0x00000002   PAD
    0x08000724   0x08000724   0x0000000c   Code   RO         3219    .text               c_w.l(sys_exit.o)
    0x08000730   0x08000730   0x00000010   Code   RO           39    .text.Arm_Ctrl_Task  freertos.o
    0x08000740   0x08000740   0x000000aa   Code   RO         2229    .text.Arm_Lift_Ctrl  lift_moto_ctrl.o
    0x080007ea   0x080007ea   0x00000002   PAD
    0x080007ec   0x080007ec   0x0000037c   Code   RO         2313    .text.Before_Exchange_Above_Silver_Loop  modes.o
    0x08000b68   0x08000b68   0x00000330   Code   RO         2315    .text.Before_Exchange_Below_Silver_Loop  modes.o
    0x08000e98   0x08000e98   0x00000002   Code   RO          153    .text.BusFault_Handler  stm32f4xx_it.o
    0x08000e9a   0x08000e9a   0x00000002   PAD
    0x08000e9c   0x08000e9c   0x0000000c   Code   RO          169    .text.CAN1_RX0_IRQHandler  stm32f4xx_it.o
    0x08000ea8   0x08000ea8   0x0000000c   Code   RO          171    .text.CAN1_RX1_IRQHandler  stm32f4xx_it.o
    0x08000eb4   0x08000eb4   0x0000000c   Code   RO          185    .text.CAN2_RX0_IRQHandler  stm32f4xx_it.o
    0x08000ec0   0x08000ec0   0x0000000c   Code   RO          187    .text.CAN2_RX1_IRQHandler  stm32f4xx_it.o
    0x08000ecc   0x08000ecc   0x00000004   Code   RO         2598    .text.CDC_Control_FS  usbd_cdc_if.o
    0x08000ed0   0x08000ed0   0x00000004   Code   RO         2596    .text.CDC_DeInit_FS  usbd_cdc_if.o
    0x08000ed4   0x08000ed4   0x0000002c   Code   RO         2594    .text.CDC_Init_FS   usbd_cdc_if.o
    0x08000f00   0x08000f00   0x00000036   Code   RO         2600    .text.CDC_Receive_FS  usbd_cdc_if.o
    0x08000f36   0x08000f36   0x00000002   PAD
    0x08000f38   0x08000f38   0x00000004   Code   RO         2602    .text.CDC_TransmitCplt_FS  usbd_cdc_if.o
    0x08000f3c   0x08000f3c   0x00000036   Code   RO         2604    .text.CDC_Transmit_FS  usbd_cdc_if.o
    0x08000f72   0x08000f72   0x00000002   PAD
    0x08000f74   0x08000f74   0x000000aa   Code   RO         2237    .text.Camera_Lift_Ctrl  lift_moto_ctrl.o
    0x0800101e   0x0800101e   0x00000002   PAD
    0x08001020   0x08001020   0x000000ce   Code   RO         2255    .text.Custom_Robot_Ctrl  arm_whole_ctrl.o
    0x080010ee   0x080010ee   0x00000002   PAD
    0x080010f0   0x080010f0   0x0000013e   Code   RO         2170    .text.DBUS_decode   rcdriver.o
    0x0800122e   0x0800122e   0x00000002   PAD
    0x08001230   0x08001230   0x0000000c   Code   RO          161    .text.DMA1_Stream0_IRQHandler  stm32f4xx_it.o
    0x0800123c   0x0800123c   0x0000000c   Code   RO          163    .text.DMA1_Stream1_IRQHandler  stm32f4xx_it.o
    0x08001248   0x08001248   0x0000000c   Code   RO          165    .text.DMA1_Stream3_IRQHandler  stm32f4xx_it.o
    0x08001254   0x08001254   0x0000000c   Code   RO          167    .text.DMA1_Stream6_IRQHandler  stm32f4xx_it.o
    0x08001260   0x08001260   0x0000000c   Code   RO          181    .text.DMA2_Stream1_IRQHandler  stm32f4xx_it.o
    0x0800126c   0x0800126c   0x0000000c   Code   RO          183    .text.DMA2_Stream2_IRQHandler  stm32f4xx_it.o
    0x08001278   0x08001278   0x0000000c   Code   RO          191    .text.DMA2_Stream6_IRQHandler  stm32f4xx_it.o
    0x08001284   0x08001284   0x00000002   Code   RO          157    .text.DebugMon_Handler  stm32f4xx_it.o
    0x08001286   0x08001286   0x00000002   PAD
    0x08001288   0x08001288   0x00000006   Code   RO          159    .text.EXTI0_IRQHandler  stm32f4xx_it.o
    0x0800128e   0x0800128e   0x00000002   PAD
    0x08001290   0x08001290   0x00000008   Code   RO          177    .text.EXTI15_10_IRQHandler  stm32f4xx_it.o
    0x08001298   0x08001298   0x00000006   Code   RO           15    .text.Error_Handler  main.o
    0x0800129e   0x0800129e   0x00000002   PAD
    0x080012a0   0x080012a0   0x000001ec   Code   RO         2303    .text.Fetch_Gold_To_Storage_Loop  modes.o
    0x0800148c   0x0800148c   0x0000020e   Code   RO         2295    .text.Fetch_Silver_To_Storage_Loop  modes.o
    0x0800169a   0x0800169a   0x00000002   PAD
    0x0800169c   0x0800169c   0x00000058   Code   RO         1949    .text.GetDt         time.o
    0x080016f4   0x080016f4   0x0000002e   Code   RO         1188    .text.HAL_CAN_ActivateNotification  stm32f4xx_hal_can.o
    0x08001722   0x08001722   0x00000002   PAD
    0x08001724   0x08001724   0x000000a4   Code   RO         1174    .text.HAL_CAN_AddTxMessage  stm32f4xx_hal_can.o
    0x080017c8   0x080017c8   0x000000de   Code   RO         1164    .text.HAL_CAN_ConfigFilter  stm32f4xx_hal_can.o
    0x080018a6   0x080018a6   0x00000002   PAD
    0x080018a8   0x080018a8   0x00000002   Code   RO         1218    .text.HAL_CAN_ErrorCallback  stm32f4xx_hal_can.o
    0x080018aa   0x080018aa   0x00000002   PAD
    0x080018ac   0x080018ac   0x0000012e   Code   RO         1184    .text.HAL_CAN_GetRxMessage  stm32f4xx_hal_can.o
    0x080019da   0x080019da   0x00000002   PAD
    0x080019dc   0x080019dc   0x0000025e   Code   RO         1192    .text.HAL_CAN_IRQHandler  stm32f4xx_hal_can.o
    0x08001c3a   0x08001c3a   0x00000002   PAD
    0x08001c3c   0x08001c3c   0x000000f4   Code   RO         1154    .text.HAL_CAN_Init  stm32f4xx_hal_can.o
    0x08001d30   0x08001d30   0x00000136   Code   RO           77    .text.HAL_CAN_MspInit  can.o
    0x08001e66   0x08001e66   0x00000002   PAD
    0x08001e68   0x08001e68   0x00000002   Code   RO         1206    .text.HAL_CAN_RxFifo0FullCallback  stm32f4xx_hal_can.o
    0x08001e6a   0x08001e6a   0x00000002   PAD
    0x08001e6c   0x08001e6c   0x0000000e   Code   RO         1981    .text.HAL_CAN_RxFifo0MsgPendingCallback  bsp_can.o
    0x08001e7a   0x08001e7a   0x00000002   PAD
    0x08001e7c   0x08001e7c   0x00000002   Code   RO         1210    .text.HAL_CAN_RxFifo1FullCallback  stm32f4xx_hal_can.o
    0x08001e7e   0x08001e7e   0x00000002   PAD
    0x08001e80   0x08001e80   0x0000000e   Code   RO         1983    .text.HAL_CAN_RxFifo1MsgPendingCallback  bsp_can.o
    0x08001e8e   0x08001e8e   0x00000002   PAD
    0x08001e90   0x08001e90   0x00000002   Code   RO         1214    .text.HAL_CAN_SleepCallback  stm32f4xx_hal_can.o
    0x08001e92   0x08001e92   0x00000002   PAD
    0x08001e94   0x08001e94   0x0000005a   Code   RO         1166    .text.HAL_CAN_Start  stm32f4xx_hal_can.o
    0x08001eee   0x08001eee   0x00000002   PAD
    0x08001ef0   0x08001ef0   0x00000002   Code   RO         1196    .text.HAL_CAN_TxMailbox0AbortCallback  stm32f4xx_hal_can.o
    0x08001ef2   0x08001ef2   0x00000002   PAD
    0x08001ef4   0x08001ef4   0x00000002   Code   RO         1194    .text.HAL_CAN_TxMailbox0CompleteCallback  stm32f4xx_hal_can.o
    0x08001ef6   0x08001ef6   0x00000002   PAD
    0x08001ef8   0x08001ef8   0x00000002   Code   RO         1200    .text.HAL_CAN_TxMailbox1AbortCallback  stm32f4xx_hal_can.o
    0x08001efa   0x08001efa   0x00000002   PAD
    0x08001efc   0x08001efc   0x00000002   Code   RO         1198    .text.HAL_CAN_TxMailbox1CompleteCallback  stm32f4xx_hal_can.o
    0x08001efe   0x08001efe   0x00000002   PAD
    0x08001f00   0x08001f00   0x00000002   Code   RO         1204    .text.HAL_CAN_TxMailbox2AbortCallback  stm32f4xx_hal_can.o
    0x08001f02   0x08001f02   0x00000002   PAD
    0x08001f04   0x08001f04   0x00000002   Code   RO         1202    .text.HAL_CAN_TxMailbox2CompleteCallback  stm32f4xx_hal_can.o
    0x08001f06   0x08001f06   0x00000002   PAD
    0x08001f08   0x08001f08   0x00000002   Code   RO         1216    .text.HAL_CAN_WakeUpFromRxMsgCallback  stm32f4xx_hal_can.o
    0x08001f0a   0x08001f0a   0x00000002   PAD
    0x08001f0c   0x08001f0c   0x0000008e   Code   RO          915    .text.HAL_DMA_Abort  stm32f4xx_hal_dma.o
    0x08001f9a   0x08001f9a   0x00000002   PAD
    0x08001f9c   0x08001f9c   0x00000024   Code   RO          917    .text.HAL_DMA_Abort_IT  stm32f4xx_hal_dma.o
    0x08001fc0   0x08001fc0   0x000001c4   Code   RO          921    .text.HAL_DMA_IRQHandler  stm32f4xx_hal_dma.o
    0x08002184   0x08002184   0x00000162   Code   RO          907    .text.HAL_DMA_Init  stm32f4xx_hal_dma.o
    0x080022e6   0x080022e6   0x00000002   PAD
    0x080022e8   0x080022e8   0x00000072   Code   RO          911    .text.HAL_DMA_Start  stm32f4xx_hal_dma.o
    0x0800235a   0x0800235a   0x00000002   PAD
    0x0800235c   0x0800235c   0x000000a2   Code   RO          913    .text.HAL_DMA_Start_IT  stm32f4xx_hal_dma.o
    0x080023fe   0x080023fe   0x00000002   PAD
    0x08002400   0x08002400   0x00000028   Code   RO         1080    .text.HAL_Delay     stm32f4xx_hal.o
    0x08002428   0x08002428   0x00000092   Code   RO         1995    .text.HAL_GPIO_EXTI_Callback  wd.o
    0x080024ba   0x080024ba   0x00000002   PAD
    0x080024bc   0x080024bc   0x00000016   Code   RO          881    .text.HAL_GPIO_EXTI_IRQHandler  stm32f4xx_hal_gpio.o
    0x080024d2   0x080024d2   0x00000002   PAD
    0x080024d4   0x080024d4   0x0000019e   Code   RO          869    .text.HAL_GPIO_Init  stm32f4xx_hal_gpio.o
    0x08002672   0x08002672   0x00000002   PAD
    0x08002674   0x08002674   0x0000000a   Code   RO          873    .text.HAL_GPIO_ReadPin  stm32f4xx_hal_gpio.o
    0x0800267e   0x0800267e   0x00000002   PAD
    0x08002680   0x08002680   0x0000000a   Code   RO          875    .text.HAL_GPIO_WritePin  stm32f4xx_hal_gpio.o
    0x0800268a   0x0800268a   0x00000002   PAD
    0x0800268c   0x0800268c   0x0000000c   Code   RO         1072    .text.HAL_GetTick   stm32f4xx_hal.o
    0x08002698   0x08002698   0x0000001a   Code   RO         1070    .text.HAL_IncTick   stm32f4xx_hal.o
    0x080026b2   0x080026b2   0x00000002   PAD
    0x080026b4   0x080026b4   0x00000036   Code   RO         1060    .text.HAL_Init      stm32f4xx_hal.o
    0x080026ea   0x080026ea   0x00000002   PAD
    0x080026ec   0x080026ec   0x000000b2   Code   RO          213    .text.HAL_InitTick  stm32f4xx_hal_timebase_tim.o
    0x0800279e   0x0800279e   0x00000002   PAD
    0x080027a0   0x080027a0   0x00000042   Code   RO          204    .text.HAL_MspInit   stm32f4xx_hal_msp.o
    0x080027e2   0x080027e2   0x00000002   PAD
    0x080027e4   0x080027e4   0x00000022   Code   RO         1012    .text.HAL_NVIC_EnableIRQ  stm32f4xx_hal_cortex.o
    0x08002806   0x08002806   0x00000002   PAD
    0x08002808   0x08002808   0x00000056   Code   RO         1010    .text.HAL_NVIC_SetPriority  stm32f4xx_hal_cortex.o
    0x0800285e   0x0800285e   0x00000002   PAD
    0x08002860   0x08002860   0x00000020   Code   RO         1008    .text.HAL_NVIC_SetPriorityGrouping  stm32f4xx_hal_cortex.o
    0x08002880   0x08002880   0x00000002   Code   RO          629    .text.HAL_PCDEx_LPM_Callback  stm32f4xx_hal_pcd_ex.o
    0x08002882   0x08002882   0x00000002   PAD
    0x08002884   0x08002884   0x00000008   Code   RO          627    .text.HAL_PCDEx_SetRxFiFo  stm32f4xx_hal_pcd_ex.o
    0x0800288c   0x0800288c   0x000000ce   Code   RO          625    .text.HAL_PCDEx_SetTxFiFo  stm32f4xx_hal_pcd_ex.o
    0x0800295a   0x0800295a   0x00000002   PAD
    0x0800295c   0x0800295c   0x00000008   Code   RO         2639    .text.HAL_PCD_ConnectCallback  usbd_conf.o
    0x08002964   0x08002964   0x00000014   Code   RO         2625    .text.HAL_PCD_DataInStageCallback  usbd_conf.o
    0x08002978   0x08002978   0x00000016   Code   RO         2623    .text.HAL_PCD_DataOutStageCallback  usbd_conf.o
    0x0800298e   0x0800298e   0x00000002   PAD
    0x08002990   0x08002990   0x00000008   Code   RO         2641    .text.HAL_PCD_DisconnectCallback  usbd_conf.o
    0x08002998   0x08002998   0x00000050   Code   RO          595    .text.HAL_PCD_EP_Close  stm32f4xx_hal_pcd.o
    0x080029e8   0x080029e8   0x0000005e   Code   RO          605    .text.HAL_PCD_EP_ClrStall  stm32f4xx_hal_pcd.o
    0x08002a46   0x08002a46   0x00000002   PAD
    0x08002a48   0x08002a48   0x00000012   Code   RO          599    .text.HAL_PCD_EP_GetRxCount  stm32f4xx_hal_pcd.o
    0x08002a5a   0x08002a5a   0x00000002   PAD
    0x08002a5c   0x08002a5c   0x00000074   Code   RO          593    .text.HAL_PCD_EP_Open  stm32f4xx_hal_pcd.o
    0x08002ad0   0x08002ad0   0x00000042   Code   RO          597    .text.HAL_PCD_EP_Receive  stm32f4xx_hal_pcd.o
    0x08002b12   0x08002b12   0x00000002   PAD
    0x08002b14   0x08002b14   0x0000006e   Code   RO          603    .text.HAL_PCD_EP_SetStall  stm32f4xx_hal_pcd.o
    0x08002b82   0x08002b82   0x00000002   PAD
    0x08002b84   0x08002b84   0x0000003a   Code   RO          601    .text.HAL_PCD_EP_Transmit  stm32f4xx_hal_pcd.o
    0x08002bbe   0x08002bbe   0x00000002   PAD
    0x08002bc0   0x08002bc0   0x00000906   Code   RO          559    .text.HAL_PCD_IRQHandler  stm32f4xx_hal_pcd.o
    0x080034c6   0x080034c6   0x00000002   PAD
    0x080034c8   0x080034c8   0x00000008   Code   RO         2637    .text.HAL_PCD_ISOINIncompleteCallback  usbd_conf.o
    0x080034d0   0x080034d0   0x00000008   Code   RO         2635    .text.HAL_PCD_ISOOUTIncompleteCallback  usbd_conf.o
    0x080034d8   0x080034d8   0x0000026e   Code   RO          547    .text.HAL_PCD_Init  stm32f4xx_hal_pcd.o
    0x08003746   0x08003746   0x00000002   PAD
    0x08003748   0x08003748   0x00000088   Code   RO         2617    .text.HAL_PCD_MspInit  usbd_conf.o
    0x080037d0   0x080037d0   0x0000002a   Code   RO         2629    .text.HAL_PCD_ResetCallback  usbd_conf.o
    0x080037fa   0x080037fa   0x00000002   PAD
    0x080037fc   0x080037fc   0x00000008   Code   RO         2633    .text.HAL_PCD_ResumeCallback  usbd_conf.o
    0x08003804   0x08003804   0x00000008   Code   RO         2627    .text.HAL_PCD_SOFCallback  usbd_conf.o
    0x0800380c   0x0800380c   0x00000028   Code   RO          591    .text.HAL_PCD_SetAddress  stm32f4xx_hal_pcd.o
    0x08003834   0x08003834   0x0000000e   Code   RO         2621    .text.HAL_PCD_SetupStageCallback  usbd_conf.o
    0x08003842   0x08003842   0x00000002   PAD
    0x08003844   0x08003844   0x0000003e   Code   RO          555    .text.HAL_PCD_Start  stm32f4xx_hal_pcd.o
    0x08003882   0x08003882   0x00000002   PAD
    0x08003884   0x08003884   0x00000034   Code   RO         2631    .text.HAL_PCD_SuspendCallback  usbd_conf.o
    0x080038b8   0x080038b8   0x00000164   Code   RO          749    .text.HAL_RCC_ClockConfig  stm32f4xx_hal_rcc.o
    0x08003a1c   0x08003a1c   0x0000003e   Code   RO          767    .text.HAL_RCC_GetClockConfig  stm32f4xx_hal_rcc.o
    0x08003a5a   0x08003a5a   0x00000002   PAD
    0x08003a5c   0x08003a5c   0x0000000c   Code   RO          759    .text.HAL_RCC_GetHCLKFreq  stm32f4xx_hal_rcc.o
    0x08003a68   0x08003a68   0x00000026   Code   RO          761    .text.HAL_RCC_GetPCLK1Freq  stm32f4xx_hal_rcc.o
    0x08003a8e   0x08003a8e   0x00000002   PAD
    0x08003a90   0x08003a90   0x00000026   Code   RO          763    .text.HAL_RCC_GetPCLK2Freq  stm32f4xx_hal_rcc.o
    0x08003ab6   0x08003ab6   0x00000002   PAD
    0x08003ab8   0x08003ab8   0x0000006e   Code   RO          751    .text.HAL_RCC_GetSysClockFreq  stm32f4xx_hal_rcc.o
    0x08003b26   0x08003b26   0x00000002   PAD
    0x08003b28   0x08003b28   0x000003ac   Code   RO          747    .text.HAL_RCC_OscConfig  stm32f4xx_hal_rcc.o
    0x08003ed4   0x08003ed4   0x00000002   Code   RO          533    .text.HAL_TIMEx_BreakCallback  stm32f4xx_hal_tim_ex.o
    0x08003ed6   0x08003ed6   0x00000002   PAD
    0x08003ed8   0x08003ed8   0x00000002   Code   RO          529    .text.HAL_TIMEx_CommutCallback  stm32f4xx_hal_tim_ex.o
    0x08003eda   0x08003eda   0x00000002   PAD
    0x08003edc   0x08003edc   0x000000ba   Code   RO          523    .text.HAL_TIMEx_MasterConfigSynchronization  stm32f4xx_hal_tim_ex.o
    0x08003f96   0x08003f96   0x00000002   PAD
    0x08003f98   0x08003f98   0x0000005a   Code   RO          228    .text.HAL_TIM_Base_Init  stm32f4xx_hal_tim.o
    0x08003ff2   0x08003ff2   0x00000002   PAD
    0x08003ff4   0x08003ff4   0x0000002e   Code   RO          103    .text.HAL_TIM_Base_MspInit  tim.o
    0x08004022   0x08004022   0x00000002   PAD
    0x08004024   0x08004024   0x000000aa   Code   RO          242    .text.HAL_TIM_Base_Start_IT  stm32f4xx_hal_tim.o
    0x080040ce   0x080040ce   0x00000002   PAD
    0x080040d0   0x080040d0   0x000001a0   Code   RO          408    .text.HAL_TIM_ConfigClockSource  stm32f4xx_hal_tim.o
    0x08004270   0x08004270   0x00000002   Code   RO          364    .text.HAL_TIM_IC_CaptureCallback  stm32f4xx_hal_tim.o
    0x08004272   0x08004272   0x00000002   PAD
    0x08004274   0x08004274   0x0000014e   Code   RO          362    .text.HAL_TIM_IRQHandler  stm32f4xx_hal_tim.o
    0x080043c2   0x080043c2   0x00000002   PAD
    0x080043c4   0x080043c4   0x00000002   Code   RO          366    .text.HAL_TIM_OC_DelayElapsedCallback  stm32f4xx_hal_tim.o
    0x080043c6   0x080043c6   0x00000002   PAD
    0x080043c8   0x080043c8   0x00000002   Code   RO          368    .text.HAL_TIM_PWM_PulseFinishedCallback  stm32f4xx_hal_tim.o
    0x080043ca   0x080043ca   0x00000002   PAD
    0x080043cc   0x080043cc   0x00000014   Code   RO           17    .text.HAL_TIM_PeriodElapsedCallback  main.o
    0x080043e0   0x080043e0   0x00000002   Code   RO          372    .text.HAL_TIM_TriggerCallback  stm32f4xx_hal_tim.o
    0x080043e2   0x080043e2   0x00000002   PAD
    0x080043e4   0x080043e4   0x00000002   Code   RO         1320    .text.HAL_UARTEx_RxEventCallback  stm32f4xx_hal_uart.o
    0x080043e6   0x080043e6   0x00000002   PAD
    0x080043e8   0x080043e8   0x00000002   Code   RO         1318    .text.HAL_UART_ErrorCallback  stm32f4xx_hal_uart.o
    0x080043ea   0x080043ea   0x00000002   PAD
    0x080043ec   0x080043ec   0x00000570   Code   RO         1312    .text.HAL_UART_IRQHandler  stm32f4xx_hal_uart.o
    0x0800495c   0x0800495c   0x00000060   Code   RO         1234    .text.HAL_UART_Init  stm32f4xx_hal_uart.o
    0x080049bc   0x080049bc   0x000003b8   Code   RO          124    .text.HAL_UART_MspInit  usart.o
    0x08004d74   0x08004d74   0x00000002   Code   RO         1326    .text.HAL_UART_RxCpltCallback  stm32f4xx_hal_uart.o
    0x08004d76   0x08004d76   0x00000002   PAD
    0x08004d78   0x08004d78   0x000000bc   Code   RO         1260    .text.HAL_UART_Transmit_DMA  stm32f4xx_hal_uart.o
    0x08004e34   0x08004e34   0x00000002   Code   RO         1322    .text.HAL_UART_TxCpltCallback  stm32f4xx_hal_uart.o
    0x08004e36   0x08004e36   0x00000002   PAD
    0x08004e38   0x08004e38   0x00000002   Code   RO         1324    .text.HAL_UART_TxHalfCpltCallback  stm32f4xx_hal_uart.o
    0x08004e3a   0x08004e3a   0x00000002   PAD
    0x08004e3c   0x08004e3c   0x00000002   Code   RO          149    .text.HardFault_Handler  stm32f4xx_it.o
    0x08004e3e   0x08004e3e   0x00000002   PAD
    0x08004e40   0x08004e40   0x00000032   Code   RO         2012    .text.Key_Check_Hold  key.o
    0x08004e72   0x08004e72   0x00000002   PAD
    0x08004e74   0x08004e74   0x0000005a   Code   RO         2008    .text.Key_Init      key.o
    0x08004ece   0x08004ece   0x00000002   PAD
    0x08004ed0   0x08004ed0   0x000000f8   Code   RO         2337    .text.LiftTask      eng_task.o
    0x08004fc8   0x08004fc8   0x00000052   Code   RO         2272    .text.MTSetMotoPosition_single  mtmotodriver.o
    0x0800501a   0x0800501a   0x00000002   PAD
    0x0800501c   0x0800501c   0x0000001a   Code   RO         2274    .text.MTUpdateMotoState  mtmotodriver.o
    0x08005036   0x08005036   0x00000002   PAD
    0x08005038   0x08005038   0x00000040   Code   RO           73    .text.MX_CAN1_Init  can.o
    0x08005078   0x08005078   0x00000040   Code   RO           75    .text.MX_CAN2_Init  can.o
    0x080050b8   0x080050b8   0x000000ac   Code   RO           92    .text.MX_DMA_Init   dma.o
    0x08005164   0x08005164   0x000000cc   Code   RO           37    .text.MX_FREERTOS_Init  freertos.o
    0x08005230   0x08005230   0x00000126   Code   RO           28    .text.MX_GPIO_Init  gpio.o
    0x08005356   0x08005356   0x00000002   PAD
    0x08005358   0x08005358   0x00000072   Code   RO          101    .text.MX_TIM2_Init  tim.o
    0x080053ca   0x080053ca   0x00000002   PAD
    0x080053cc   0x080053cc   0x0000003c   Code   RO          116    .text.MX_UART8_Init  usart.o
    0x08005408   0x08005408   0x00000046   Code   RO          118    .text.MX_USART1_UART_Init  usart.o
    0x0800544e   0x0800544e   0x00000002   PAD
    0x08005450   0x08005450   0x0000003c   Code   RO          120    .text.MX_USART3_UART_Init  usart.o
    0x0800548c   0x0800548c   0x0000003c   Code   RO          122    .text.MX_USART6_UART_Init  usart.o
    0x080054c8   0x080054c8   0x00000072   Code   RO         2558    .text.MX_USB_DEVICE_Init  usb_device.o
    0x0800553a   0x0800553a   0x00000002   PAD
    0x0800553c   0x0800553c   0x00000002   Code   RO          151    .text.MemManage_Handler  stm32f4xx_it.o
    0x0800553e   0x0800553e   0x00000002   PAD
    0x08005540   0x08005540   0x00001e30   Code   RO         2291    .text.ModeTask      modes.o
    0x08007370   0x08007370   0x0000001a   Code   RO         2183    .text.MotoStateInit  moto.o
    0x0800738a   0x0800738a   0x00000002   PAD
    0x0800738c   0x0800738c   0x000002cc   Code   RO         2203    .text.MotoTask      chassis.o
    0x08007658   0x08007658   0x00000002   Code   RO          147    .text.NMI_Handler   stm32f4xx_it.o
    0x0800765a   0x0800765a   0x00000002   PAD
    0x0800765c   0x0800765c   0x00000118   Code   RO         2087    .text.Nuc_data_unpacked  robot_message.o
    0x08007774   0x08007774   0x0000000c   Code   RO          189    .text.OTG_FS_IRQHandler  stm32f4xx_it.o
    0x08007780   0x08007780   0x00000064   Code   RO         1923    .text.PendSV_Handler  port.o
    0x080077e4   0x080077e4   0x00000068   Code   RO         2172    .text.Rc_IRQ        rcdriver.o
    0x0800784c   0x0800784c   0x0000000e   Code   RO         2257    .text.Robot_Custom_Ctrl  arm_whole_ctrl.o
    0x0800785a   0x0800785a   0x00000002   PAD
    0x0800785c   0x0800785c   0x00000086   Code   RO         2151    .text.Robot_Custom_Data_Transmit  bsp_uart.o
    0x080078e2   0x080078e2   0x00000002   PAD
    0x080078e4   0x080078e4   0x00000020   Code   RO         2153    .text.Robot_Custom_Data_Transmit_Init  bsp_uart.o
    0x08007904   0x08007904   0x0000000c   PAD
    0x08007910   0x08007910   0x00000024   Code   RO         1907    .text.SVC_Handler   port.o
    0x08007934   0x08007934   0x00000416   Code   RO         2187    .text.SaveMotoMsg   moto.o
    0x08007d4a   0x08007d4a   0x00000002   PAD
    0x08007d4c   0x08007d4c   0x0000028a   Code   RO         2129    .text.SelfCheck_mode  selfcheck_task.o
    0x08007fd6   0x08007fd6   0x00000002   PAD
    0x08007fd8   0x08007fd8   0x0000005c   Code   RO         2185    .text.SetMotoCurrent  moto.o
    0x08008034   0x08008034   0x0000001e   Code   RO         1718    .text.SysTick_Handler  cmsis_os2.o
    0x08008052   0x08008052   0x00000002   PAD
    0x08008054   0x08008054   0x000000ac   Code   RO           13    .text.SystemClock_Config  main.o
    0x08008100   0x08008100   0x00000012   Code   RO         1356    .text.SystemInit    system_stm32f4xx.o
    0x08008112   0x08008112   0x00000002   PAD
    0x08008114   0x08008114   0x0000000c   Code   RO          179    .text.TIM7_IRQHandler  stm32f4xx_it.o
    0x08008120   0x08008120   0x00000144   Code   RO          232    .text.TIM_Base_SetConfig  stm32f4xx_hal_tim.o
    0x08008264   0x08008264   0x00000038   Code   RO         2333    .text.TransmitTask  eng_task.o
    0x0800829c   0x0800829c   0x00000082   Code   RO          195    .text.UART8_IRQHandler  stm32f4xx_it.o
    0x0800831e   0x0800831e   0x00000002   PAD
    0x08008320   0x08008320   0x0000000c   Code   RO         1316    .text.UART_DMAAbortOnError  stm32f4xx_hal_uart.o
    0x0800832c   0x0800832c   0x0000017c   Code   RO         1266    .text.UART_DMAError  stm32f4xx_hal_uart.o
    0x080084a8   0x080084a8   0x000000b0   Code   RO         1262    .text.UART_DMATransmitCplt  stm32f4xx_hal_uart.o
    0x08008558   0x08008558   0x00000006   Code   RO         1264    .text.UART_DMATxHalfCplt  stm32f4xx_hal_uart.o
    0x0800855e   0x0800855e   0x00000002   PAD
    0x08008560   0x08008560   0x000000fe   Code   RO         1314    .text.UART_Receive_IT  stm32f4xx_hal_uart.o
    0x0800865e   0x0800865e   0x00000002   PAD
    0x08008660   0x08008660   0x000000e6   Code   RO         1238    .text.UART_SetConfig  stm32f4xx_hal_uart.o
    0x08008746   0x08008746   0x00000002   PAD
    0x08008748   0x08008748   0x00000022   Code   RO          173    .text.USART1_IRQHandler  stm32f4xx_it.o
    0x0800876a   0x0800876a   0x00000002   PAD
    0x0800876c   0x0800876c   0x00000082   Code   RO          175    .text.USART3_IRQHandler  stm32f4xx_it.o
    0x080087ee   0x080087ee   0x00000002   PAD
    0x080087f0   0x080087f0   0x00000072   Code   RO          193    .text.USART6_IRQHandler  stm32f4xx_it.o
    0x08008862   0x08008862   0x00000002   PAD
    0x08008864   0x08008864   0x00000078   Code   RO         2796    .text.USBD_CDC_DataIn  usbd_cdc.o
    0x080088dc   0x080088dc   0x0000003c   Code   RO         2798    .text.USBD_CDC_DataOut  usbd_cdc.o
    0x08008918   0x08008918   0x0000005a   Code   RO         2790    .text.USBD_CDC_DeInit  usbd_cdc.o
    0x08008972   0x08008972   0x00000002   PAD
    0x08008974   0x08008974   0x00000038   Code   RO         2794    .text.USBD_CDC_EP0_RxReady  usbd_cdc.o
    0x080089ac   0x080089ac   0x00000010   Code   RO         2806    .text.USBD_CDC_GetDeviceQualifierDescriptor  usbd_cdc.o
    0x080089bc   0x080089bc   0x00000052   Code   RO         2802    .text.USBD_CDC_GetFSCfgDesc  usbd_cdc.o
    0x08008a0e   0x08008a0e   0x00000002   PAD
    0x08008a10   0x08008a10   0x00000056   Code   RO         2800    .text.USBD_CDC_GetHSCfgDesc  usbd_cdc.o
    0x08008a66   0x08008a66   0x00000002   PAD
    0x08008a68   0x08008a68   0x00000052   Code   RO         2804    .text.USBD_CDC_GetOtherSpeedCfgDesc  usbd_cdc.o
    0x08008aba   0x08008aba   0x00000002   PAD
    0x08008abc   0x08008abc   0x000000c8   Code   RO         2788    .text.USBD_CDC_Init  usbd_cdc.o
    0x08008b84   0x08008b84   0x00000034   Code   RO         2816    .text.USBD_CDC_ReceivePacket  usbd_cdc.o
    0x08008bb8   0x08008bb8   0x00000018   Code   RO         2808    .text.USBD_CDC_RegisterInterface  usbd_cdc.o
    0x08008bd0   0x08008bd0   0x0000001a   Code   RO         2812    .text.USBD_CDC_SetRxBuffer  usbd_cdc.o
    0x08008bea   0x08008bea   0x00000002   PAD
    0x08008bec   0x08008bec   0x0000001e   Code   RO         2810    .text.USBD_CDC_SetTxBuffer  usbd_cdc.o
    0x08008c0a   0x08008c0a   0x00000002   PAD
    0x08008c0c   0x08008c0c   0x000000e8   Code   RO         2792    .text.USBD_CDC_Setup  usbd_cdc.o
    0x08008cf4   0x08008cf4   0x00000044   Code   RO         2814    .text.USBD_CDC_TransmitPacket  usbd_cdc.o
    0x08008d38   0x08008d38   0x00000012   Code   RO         2703    .text.USBD_ClrClassConfig  usbd_core.o
    0x08008d4a   0x08008d4a   0x00000002   PAD
    0x08008d4c   0x08008d4c   0x00000004   Code   RO         2711    .text.USBD_CoreFindEP  usbd_core.o
    0x08008d50   0x08008d50   0x00000004   Code   RO         2709    .text.USBD_CoreFindIF  usbd_core.o
    0x08008d54   0x08008d54   0x00000010   Code   RO         2772    .text.USBD_CtlContinueRx  usbd_ioreq.o
    0x08008d64   0x08008d64   0x00000010   Code   RO         2768    .text.USBD_CtlContinueSendData  usbd_ioreq.o
    0x08008d74   0x08008d74   0x00000016   Code   RO         2747    .text.USBD_CtlError  usbd_ctlreq.o
    0x08008d8a   0x08008d8a   0x00000002   PAD
    0x08008d8c   0x08008d8c   0x0000001a   Code   RO         2770    .text.USBD_CtlPrepareRx  usbd_ioreq.o
    0x08008da6   0x08008da6   0x00000002   PAD
    0x08008da8   0x08008da8   0x00000016   Code   RO         2776    .text.USBD_CtlReceiveStatus  usbd_ioreq.o
    0x08008dbe   0x08008dbe   0x00000002   PAD
    0x08008dc0   0x08008dc0   0x0000001a   Code   RO         2766    .text.USBD_CtlSendData  usbd_ioreq.o
    0x08008dda   0x08008dda   0x00000002   PAD
    0x08008ddc   0x08008ddc   0x00000016   Code   RO         2774    .text.USBD_CtlSendStatus  usbd_ioreq.o
    0x08008df2   0x08008df2   0x00000002   PAD
    0x08008df4   0x08008df4   0x00000024   Code   RO         2577    .text.USBD_FS_ConfigStrDescriptor  usbd_desc.o
    0x08008e18   0x08008e18   0x0000000e   Code   RO         2567    .text.USBD_FS_DeviceDescriptor  usbd_desc.o
    0x08008e26   0x08008e26   0x00000002   PAD
    0x08008e28   0x08008e28   0x00000028   Code   RO         2579    .text.USBD_FS_InterfaceStrDescriptor  usbd_desc.o
    0x08008e50   0x08008e50   0x0000000e   Code   RO         2569    .text.USBD_FS_LangIDStrDescriptor  usbd_desc.o
    0x08008e5e   0x08008e5e   0x00000002   PAD
    0x08008e60   0x08008e60   0x0000001c   Code   RO         2571    .text.USBD_FS_ManufacturerStrDescriptor  usbd_desc.o
    0x08008e7c   0x08008e7c   0x00000020   Code   RO         2573    .text.USBD_FS_ProductStrDescriptor  usbd_desc.o
    0x08008e9c   0x08008e9c   0x00000170   Code   RO         2575    .text.USBD_FS_SerialStrDescriptor  usbd_desc.o
    0x0800900c   0x0800900c   0x00000084   Code   RO         2733    .text.USBD_GetEpDesc  usbd_core.o
    0x08009090   0x08009090   0x000000fe   Code   RO         2755    .text.USBD_GetString  usbd_ctlreq.o
    0x0800918e   0x0800918e   0x00000002   PAD
    0x08009190   0x08009190   0x0000002a   Code   RO         2689    .text.USBD_Init     usbd_core.o
    0x080091ba   0x080091ba   0x00000002   PAD
    0x080091bc   0x080091bc   0x00000022   Code   RO         2661    .text.USBD_LL_ClearStallEP  usbd_conf.o
    0x080091de   0x080091de   0x00000002   PAD
    0x080091e0   0x080091e0   0x00000022   Code   RO         2655    .text.USBD_LL_CloseEP  usbd_conf.o
    0x08009202   0x08009202   0x00000002   PAD
    0x08009204   0x08009204   0x000000b6   Code   RO         2713    .text.USBD_LL_DataInStage  usbd_core.o
    0x080092ba   0x080092ba   0x00000002   PAD
    0x080092bc   0x080092bc   0x00000070   Code   RO         2707    .text.USBD_LL_DataOutStage  usbd_core.o
    0x0800932c   0x0800932c   0x00000004   Code   RO         2729    .text.USBD_LL_DevConnected  usbd_core.o
    0x08009330   0x08009330   0x00000022   Code   RO         2731    .text.USBD_LL_DevDisconnected  usbd_core.o
    0x08009352   0x08009352   0x00000002   PAD
    0x08009354   0x08009354   0x00000008   Code   RO         2671    .text.USBD_LL_GetRxDataSize  usbd_conf.o
    0x0800935c   0x0800935c   0x0000006e   Code   RO         2643    .text.USBD_LL_Init  usbd_conf.o
    0x080093ca   0x080093ca   0x00000002   PAD
    0x080093cc   0x080093cc   0x0000002a   Code   RO         2663    .text.USBD_LL_IsStallEP  usbd_conf.o
    0x080093f6   0x080093f6   0x00000002   PAD
    0x080093f8   0x080093f8   0x0000002c   Code   RO         2725    .text.USBD_LL_IsoINIncomplete  usbd_core.o
    0x08009424   0x08009424   0x0000002c   Code   RO         2727    .text.USBD_LL_IsoOUTIncomplete  usbd_core.o
    0x08009450   0x08009450   0x00000028   Code   RO         2653    .text.USBD_LL_OpenEP  usbd_conf.o
    0x08009478   0x08009478   0x00000022   Code   RO         2669    .text.USBD_LL_PrepareReceive  usbd_conf.o
    0x0800949a   0x0800949a   0x00000002   PAD
    0x0800949c   0x0800949c   0x00000060   Code   RO         2715    .text.USBD_LL_Reset  usbd_core.o
    0x080094fc   0x080094fc   0x00000014   Code   RO         2721    .text.USBD_LL_Resume  usbd_core.o
    0x08009510   0x08009510   0x0000001e   Code   RO         2723    .text.USBD_LL_SOF   usbd_core.o
    0x0800952e   0x0800952e   0x00000002   PAD
    0x08009530   0x08009530   0x00000008   Code   RO         2717    .text.USBD_LL_SetSpeed  usbd_core.o
    0x08009538   0x08009538   0x00000022   Code   RO         2665    .text.USBD_LL_SetUSBAddress  usbd_conf.o
    0x0800955a   0x0800955a   0x00000002   PAD
    0x0800955c   0x0800955c   0x00000062   Code   RO         2705    .text.USBD_LL_SetupStage  usbd_core.o
    0x080095be   0x080095be   0x00000002   PAD
    0x080095c0   0x080095c0   0x00000022   Code   RO         2659    .text.USBD_LL_StallEP  usbd_conf.o
    0x080095e2   0x080095e2   0x00000002   PAD
    0x080095e4   0x080095e4   0x00000022   Code   RO         2649    .text.USBD_LL_Start  usbd_conf.o
    0x08009606   0x08009606   0x00000002   PAD
    0x08009608   0x08009608   0x0000001c   Code   RO         2719    .text.USBD_LL_Suspend  usbd_core.o
    0x08009624   0x08009624   0x00000022   Code   RO         2667    .text.USBD_LL_Transmit  usbd_conf.o
    0x08009646   0x08009646   0x00000002   PAD
    0x08009648   0x08009648   0x00000016   Code   RO         2753    .text.USBD_ParseSetupRequest  usbd_ctlreq.o
    0x0800965e   0x0800965e   0x00000002   PAD
    0x08009660   0x08009660   0x00000042   Code   RO         2693    .text.USBD_RegisterClass  usbd_core.o
    0x080096a2   0x080096a2   0x00000002   PAD
    0x080096a4   0x080096a4   0x00000010   Code   RO         2701    .text.USBD_SetClassConfig  usbd_core.o
    0x080096b4   0x080096b4   0x00000004   Code   RO         2695    .text.USBD_Start    usbd_core.o
    0x080096b8   0x080096b8   0x00000378   Code   RO         2745    .text.USBD_StdDevReq  usbd_ctlreq.o
    0x08009a30   0x08009a30   0x00000162   Code   RO         2751    .text.USBD_StdEPReq  usbd_ctlreq.o
    0x08009b92   0x08009b92   0x00000002   PAD
    0x08009b94   0x08009b94   0x00000070   Code   RO         2749    .text.USBD_StdItfReq  usbd_ctlreq.o
    0x08009c04   0x08009c04   0x00000002   Code   RO         2675    .text.USBD_static_free  usbd_conf.o
    0x08009c06   0x08009c06   0x00000002   PAD
    0x08009c08   0x08009c08   0x0000000a   Code   RO         2673    .text.USBD_static_malloc  usbd_conf.o
    0x08009c12   0x08009c12   0x00000002   PAD
    0x08009c14   0x08009c14   0x00000082   Code   RO          663    .text.USB_ActivateEndpoint  stm32f4xx_ll_usb.o
    0x08009c96   0x08009c96   0x00000002   PAD
    0x08009c98   0x08009c98   0x00000020   Code   RO          705    .text.USB_ActivateSetup  stm32f4xx_ll_usb.o
    0x08009cb8   0x08009cb8   0x00000212   Code   RO          641    .text.USB_CoreInit  stm32f4xx_ll_usb.o
    0x08009eca   0x08009eca   0x00000002   PAD
    0x08009ecc   0x08009ecc   0x00000082   Code   RO          667    .text.USB_DeactivateEndpoint  stm32f4xx_ll_usb.o
    0x08009f4e   0x08009f4e   0x00000002   PAD
    0x08009f50   0x08009f50   0x0000001e   Code   RO          687    .text.USB_DevConnect  stm32f4xx_ll_usb.o
    0x08009f6e   0x08009f6e   0x00000002   PAD
    0x08009f70   0x08009f70   0x0000001e   Code   RO          689    .text.USB_DevDisconnect  stm32f4xx_ll_usb.o
    0x08009f8e   0x08009f8e   0x00000002   PAD
    0x08009f90   0x08009f90   0x000004b6   Code   RO          653    .text.USB_DevInit   stm32f4xx_ll_usb.o
    0x0800a446   0x0800a446   0x00000002   PAD
    0x0800a448   0x0800a448   0x0000000e   Code   RO          647    .text.USB_DisableGlobalInt  stm32f4xx_ll_usb.o
    0x0800a456   0x0800a456   0x00000002   PAD
    0x0800a458   0x0800a458   0x0000005a   Code   RO          707    .text.USB_EP0_OutStart  stm32f4xx_ll_usb.o
    0x0800a4b2   0x0800a4b2   0x00000002   PAD
    0x0800a4b4   0x0800a4b4   0x00000052   Code   RO          681    .text.USB_EPClearStall  stm32f4xx_ll_usb.o
    0x0800a506   0x0800a506   0x00000002   PAD
    0x0800a508   0x0800a508   0x0000003e   Code   RO          679    .text.USB_EPSetStall  stm32f4xx_ll_usb.o
    0x0800a546   0x0800a546   0x00000002   PAD
    0x0800a548   0x0800a548   0x0000023a   Code   RO          671    .text.USB_EPStartXfer  stm32f4xx_ll_usb.o
    0x0800a782   0x0800a782   0x00000002   PAD
    0x0800a784   0x0800a784   0x0000010e   Code   RO          675    .text.USB_EPStopXfer  stm32f4xx_ll_usb.o
    0x0800a892   0x0800a892   0x00000002   PAD
    0x0800a894   0x0800a894   0x0000000e   Code   RO          645    .text.USB_EnableGlobalInt  stm32f4xx_ll_usb.o
    0x0800a8a2   0x0800a8a2   0x00000002   PAD
    0x0800a8a4   0x0800a8a4   0x000000be   Code   RO          657    .text.USB_FlushTxFifo  stm32f4xx_ll_usb.o
    0x0800a962   0x0800a962   0x00000002   PAD
    0x0800a964   0x0800a964   0x0000001a   Code   RO          661    .text.USB_GetDevSpeed  stm32f4xx_ll_usb.o
    0x0800a97e   0x0800a97e   0x00000002   PAD
    0x0800a980   0x0800a980   0x00000008   Code   RO          651    .text.USB_GetMode   stm32f4xx_ll_usb.o
    0x0800a988   0x0800a988   0x0000000e   Code   RO          697    .text.USB_ReadDevAllInEpInterrupt  stm32f4xx_ll_usb.o
    0x0800a996   0x0800a996   0x00000002   PAD
    0x0800a998   0x0800a998   0x0000000e   Code   RO          695    .text.USB_ReadDevAllOutEpInterrupt  stm32f4xx_ll_usb.o
    0x0800a9a6   0x0800a9a6   0x00000002   PAD
    0x0800a9a8   0x0800a9a8   0x00000024   Code   RO          701    .text.USB_ReadDevInEPInterrupt  stm32f4xx_ll_usb.o
    0x0800a9cc   0x0800a9cc   0x00000010   Code   RO          699    .text.USB_ReadDevOutEPInterrupt  stm32f4xx_ll_usb.o
    0x0800a9dc   0x0800a9dc   0x00000008   Code   RO          691    .text.USB_ReadInterrupts  stm32f4xx_ll_usb.o
    0x0800a9e4   0x0800a9e4   0x000000aa   Code   RO          677    .text.USB_ReadPacket  stm32f4xx_ll_usb.o
    0x0800aa8e   0x0800aa8e   0x00000002   PAD
    0x0800aa90   0x0800aa90   0x00000368   Code   RO          649    .text.USB_SetCurrentMode  stm32f4xx_ll_usb.o
    0x0800adf8   0x0800adf8   0x00000022   Code   RO          685    .text.USB_SetDevAddress  stm32f4xx_ll_usb.o
    0x0800ae1a   0x0800ae1a   0x00000002   PAD
    0x0800ae1c   0x0800ae1c   0x00000118   Code   RO          643    .text.USB_SetTurnaroundTime  stm32f4xx_ll_usb.o
    0x0800af34   0x0800af34   0x0000006a   Code   RO          673    .text.USB_WritePacket  stm32f4xx_ll_usb.o
    0x0800af9e   0x0800af9e   0x00000002   PAD
    0x0800afa0   0x0800afa0   0x00000002   Code   RO          155    .text.UsageFault_Handler  stm32f4xx_it.o
    0x0800afa2   0x0800afa2   0x00000002   PAD
    0x0800afa4   0x0800afa4   0x0000002a   Code   RO         2131    .text.__NVIC_SystemReset  selfcheck_task.o
    0x0800afce   0x0800afce   0x00000002   PAD
    0x0800afd0   0x0800afd0   0x00000190   Code   RO         2397    .text._ui_init_g_1_0  ui_g.o
    0x0800b160   0x0800b160   0x00000192   Code   RO         2421    .text._ui_init_g_3_0  ui_g.o
    0x0800b2f2   0x0800b2f2   0x00000002   PAD
    0x0800b2f4   0x0800b2f4   0x00000154   Code   RO         2227    .text.arm_lift_reset  lift_moto_ctrl.o
    0x0800b448   0x0800b448   0x00000026   Code   RO         2070    .text.arm_xipan_close  relay.o
    0x0800b46e   0x0800b46e   0x00000002   PAD
    0x0800b470   0x0800b470   0x00000026   Code   RO         2068    .text.arm_xipan_open  relay.o
    0x0800b496   0x0800b496   0x00000002   PAD
    0x0800b498   0x0800b498   0x000000ba   Code   RO         2363    .text.calc_crc16    ui_interface.o
    0x0800b552   0x0800b552   0x00000002   PAD
    0x0800b554   0x0800b554   0x0000008e   Code   RO         2361    .text.calc_crc8     ui_interface.o
    0x0800b5e2   0x0800b5e2   0x00000002   PAD
    0x0800b5e4   0x0800b5e4   0x0000015c   Code   RO         2235    .text.camera_lift_reset  lift_moto_ctrl.o
    0x0800b740   0x0800b740   0x00000078   Code   RO         1979    .text.can_filter_init  bsp_can.o
    0x0800b7b8   0x0800b7b8   0x0000000e   Code   RO         2101    .text.cmd_id_init   robot_message.o
    0x0800b7c6   0x0800b7c6   0x00000002   PAD
    0x0800b7c8   0x0800b7c8   0x00000072   Code   RO         2099    .text.cmd_id_queue_handle  robot_message.o
    0x0800b83a   0x0800b83a   0x00000002   PAD
    0x0800b83c   0x0800b83c   0x0000003c   Code   RO         2097    .text.cmd_id_task_create  robot_message.o
    0x0800b878   0x0800b878   0x00000104   Code   RO         2029    .text.decodeDataFrame  referee.o
    0x0800b97c   0x0800b97c   0x0000002c   Code   RO         2145    .text.decode_five_jiont_back_data  bsp_uart.o
    0x0800b9a8   0x0800b9a8   0x00000056   Code   RO           11    .text.main          main.o
    0x0800b9fe   0x0800b9fe   0x00000002   PAD
    0x0800ba00   0x0800ba00   0x00000020   Code   RO         1778    .text.osDelay       cmsis_os2.o
    0x0800ba20   0x0800ba20   0x00000028   Code   RO         1720    .text.osKernelInitialize  cmsis_os2.o
    0x0800ba48   0x0800ba48   0x0000003c   Code   RO         1726    .text.osKernelStart  cmsis_os2.o
    0x0800ba84   0x0800ba84   0x00000094   Code   RO         1742    .text.osThreadNew   cmsis_os2.o
    0x0800bb18   0x0800bb18   0x00000052   Code   RO         1959    .text.pidInit       pid.o
    0x0800bb6a   0x0800bb6a   0x00000002   PAD
    0x0800bb6c   0x0800bb6c   0x00000104   Code   RO         1963    .text.pid_calculate  pid.o
    0x0800bc70   0x0800bc70   0x0000028a   Code   RO         1553    .text.prvAddNewTaskToReadyList  tasks.o
    0x0800befa   0x0800befa   0x00000002   PAD
    0x0800befc   0x0800befc   0x00000086   Code   RO         1585    .text.prvIdleTask   tasks.o
    0x0800bf82   0x0800bf82   0x00000002   PAD
    0x0800bf84   0x0800bf84   0x00000104   Code   RO         1551    .text.prvInitialiseNewTask  tasks.o
    0x0800c088   0x0800c088   0x00000028   Code   RO         1915    .text.prvPortStartFirstTask  port.o
    0x0800c0b0   0x0800c0b0   0x0000003e   Code   RO         1905    .text.prvTaskExitError  port.o
    0x0800c0ee   0x0800c0ee   0x00000002   PAD
    0x0800c0f0   0x0800c0f0   0x0000037a   Code   RO         1670    .text.prvTimerTask  timers.o
    0x0800c46a   0x0800c46a   0x00000002   PAD
    0x0800c46c   0x0800c46c   0x00000074   Code   RO         1452    .text.prvUnlockQueue  queue.o
    0x0800c4e0   0x0800c4e0   0x000001e8   Code   RO         1881    .text.pvPortMalloc  heap_4.o
    0x0800c6c8   0x0800c6c8   0x00000024   Code   RO         1903    .text.pxPortInitialiseStack  port.o
    0x0800c6ec   0x0800c6ec   0x00000158   Code   RO         2025    .text.referee_data_solve  referee.o
    0x0800c844   0x0800c844   0x00000034   Code   RO         2143    .text.sync_data_to_c_init  bsp_uart.o
    0x0800c878   0x0800c878   0x00000004   Code   RO         2403    .text.ui_init_g_1   ui_g.o
    0x0800c87c   0x0800c87c   0x0000010e   Code   RO         2415    .text.ui_init_g_2   ui_g.o
    0x0800c98a   0x0800c98a   0x00000002   PAD
    0x0800c98c   0x0800c98c   0x00000004   Code   RO         2427    .text.ui_init_g_3   ui_g.o
    0x0800c990   0x0800c990   0x0000009a   Code   RO         2439    .text.ui_init_g_4   ui_g.o
    0x0800ca2a   0x0800ca2a   0x00000002   PAD
    0x0800ca2c   0x0800ca2c   0x0000009c   Code   RO         2463    .text.ui_init_g_close  ui_g.o
    0x0800cac8   0x0800cac8   0x0000009c   Code   RO         2475    .text.ui_init_g_die  ui_g.o
    0x0800cb64   0x0800cb64   0x0000009a   Code   RO         2499    .text.ui_init_g_open  ui_g.o
    0x0800cbfe   0x0800cbfe   0x00000002   PAD
    0x0800cc00   0x0800cc00   0x000000be   Code   RO         2511    .text.ui_init_g_pumg  ui_g.o
    0x0800ccbe   0x0800ccbe   0x00000002   PAD
    0x0800ccc0   0x0800ccc0   0x000000c2   Code   RO         2523    .text.ui_init_g_shijue  ui_g.o
    0x0800cd82   0x0800cd82   0x00000002   PAD
    0x0800cd84   0x0800cd84   0x000001e4   Code   RO         2365    .text.ui_proc_1_frame  ui_interface.o
    0x0800cf68   0x0800cf68   0x000000c2   Code   RO         2367    .text.ui_proc_2_frame  ui_interface.o
    0x0800d02a   0x0800d02a   0x00000002   PAD
    0x0800d02c   0x0800d02c   0x00000132   Code   RO         2369    .text.ui_proc_5_frame  ui_interface.o
    0x0800d15e   0x0800d15e   0x00000002   PAD
    0x0800d160   0x0800d160   0x000000ae   Code   RO         2373    .text.ui_proc_string_frame  ui_interface.o
    0x0800d20e   0x0800d20e   0x00000002   PAD
    0x0800d210   0x0800d210   0x0000003a   Code   RO         2407    .text.ui_remove_g_1  ui_g.o
    0x0800d24a   0x0800d24a   0x00000002   PAD
    0x0800d24c   0x0800d24c   0x0000003a   Code   RO         2419    .text.ui_remove_g_2  ui_g.o
    0x0800d286   0x0800d286   0x00000002   PAD
    0x0800d288   0x0800d288   0x00000046   Code   RO         2431    .text.ui_remove_g_3  ui_g.o
    0x0800d2ce   0x0800d2ce   0x00000002   PAD
    0x0800d2d0   0x0800d2d0   0x0000002e   Code   RO         2443    .text.ui_remove_g_4  ui_g.o
    0x0800d2fe   0x0800d2fe   0x00000002   PAD
    0x0800d300   0x0800d300   0x0000002e   Code   RO         2467    .text.ui_remove_g_close  ui_g.o
    0x0800d32e   0x0800d32e   0x00000002   PAD
    0x0800d330   0x0800d330   0x0000002e   Code   RO         2503    .text.ui_remove_g_open  ui_g.o
    0x0800d35e   0x0800d35e   0x00000002   PAD
    0x0800d360   0x0800d360   0x00000262   Code   RO         2349    .text.ui_task       referee_ui_task.o
    0x0800d5c2   0x0800d5c2   0x00000002   PAD
    0x0800d5c4   0x0800d5c4   0x0000017a   Code   RO         2149    .text.usart_dma_init  bsp_uart.o
    0x0800d73e   0x0800d73e   0x00000002   PAD
    0x0800d740   0x0800d740   0x00000004   Code   RO         2119    .text.usb_data_send  bsp_usb.o
    0x0800d744   0x0800d744   0x00000016   Code   RO         2117    .text.usb_init      bsp_usb.o
    0x0800d75a   0x0800d75a   0x00000002   PAD
    0x0800d75c   0x0800d75c   0x0000004a   Code   RO         2335    .text.usb_task      eng_task.o
    0x0800d7a6   0x0800d7a6   0x00000002   PAD
    0x0800d7a8   0x0800d7a8   0x00000022   Code   RO         1416    .text.uxListRemove  list.o
    0x0800d7ca   0x0800d7ca   0x00000002   PAD
    0x0800d7cc   0x0800d7cc   0x0000001a   Code   RO         1864    .text.vApplicationGetIdleTaskMemory  cmsis_os2.o
    0x0800d7e6   0x0800d7e6   0x00000002   PAD
    0x0800d7e8   0x0800d7e8   0x0000001c   Code   RO         1866    .text.vApplicationGetTimerTaskMemory  cmsis_os2.o
    0x0800d804   0x0800d804   0x00000016   Code   RO         1408    .text.vListInitialise  list.o
    0x0800d81a   0x0800d81a   0x00000002   PAD
    0x0800d81c   0x0800d81c   0x00000006   Code   RO         1410    .text.vListInitialiseItem  list.o
    0x0800d822   0x0800d822   0x00000002   PAD
    0x0800d824   0x0800d824   0x00000062   Code   RO         1414    .text.vListInsert   list.o
    0x0800d886   0x0800d886   0x00000002   PAD
    0x0800d888   0x0800d888   0x0000001a   Code   RO         1412    .text.vListInsertEnd  list.o
    0x0800d8a2   0x0800d8a2   0x00000002   PAD
    0x0800d8a4   0x0800d8a4   0x00000014   Code   RO         1913    .text.vPortEnableVFP  port.o
    0x0800d8b8   0x0800d8b8   0x00000046   Code   RO         1919    .text.vPortEnterCritical  port.o
    0x0800d8fe   0x0800d8fe   0x00000002   PAD
    0x0800d900   0x0800d900   0x0000002e   Code   RO         1921    .text.vPortExitCritical  port.o
    0x0800d92e   0x0800d92e   0x00000002   PAD
    0x0800d930   0x0800d930   0x000000de   Code   RO         1883    .text.vPortFree     heap_4.o
    0x0800da0e   0x0800da0e   0x00000002   PAD
    0x0800da10   0x0800da10   0x00000034   Code   RO         1911    .text.vPortSetupTimerInterrupt  port.o
    0x0800da44   0x0800da44   0x00000058   Code   RO         1486    .text.vQueueAddToRegistry  queue.o
    0x0800da9c   0x0800da9c   0x00000052   Code   RO         1490    .text.vQueueWaitForMessageRestricted  queue.o
    0x0800daee   0x0800daee   0x00000002   PAD
    0x0800daf0   0x0800daf0   0x00000080   Code   RO         1565    .text.vTaskDelay    tasks.o
    0x0800db70   0x0800db70   0x00000012   Code   RO         1615    .text.vTaskInternalSetTimeOutState  tasks.o
    0x0800db82   0x0800db82   0x00000002   PAD
    0x0800db84   0x0800db84   0x0000000e   Code   RO         1619    .text.vTaskMissedYield  tasks.o
    0x0800db92   0x0800db92   0x00000002   PAD
    0x0800db94   0x0800db94   0x00000074   Code   RO         1603    .text.vTaskPlaceOnEventList  tasks.o
    0x0800dc08   0x0800dc08   0x0000007a   Code   RO         1607    .text.vTaskPlaceOnEventListRestricted  tasks.o
    0x0800dc82   0x0800dc82   0x00000002   PAD
    0x0800dc84   0x0800dc84   0x000000f0   Code   RO         1583    .text.vTaskStartScheduler  tasks.o
    0x0800dd74   0x0800dd74   0x00000010   Code   RO         1561    .text.vTaskSuspendAll  tasks.o
    0x0800dd84   0x0800dd84   0x000000cc   Code   RO         1577    .text.vTaskSwitchContext  tasks.o
    0x0800de50   0x0800de50   0x00000038   Code   RO         1993    .text.wd_init       wd.o
    0x0800de88   0x0800de88   0x00000188   Code   RO         1909    .text.xPortStartScheduler  port.o
    0x0800e010   0x0800e010   0x0000002e   Code   RO         1925    .text.xPortSysTickHandler  port.o
    0x0800e03e   0x0800e03e   0x00000002   PAD
    0x0800e040   0x0800e040   0x000000da   Code   RO         1428    .text.xQueueGenericCreateStatic  queue.o
    0x0800e11a   0x0800e11a   0x00000002   PAD
    0x0800e11c   0x0800e11c   0x000002c0   Code   RO         1442    .text.xQueueGenericSend  queue.o
    0x0800e3dc   0x0800e3dc   0x0000023e   Code   RO         1458    .text.xQueueReceive  queue.o
    0x0800e61a   0x0800e61a   0x00000002   PAD
    0x0800e61c   0x0800e61c   0x0000009a   Code   RO         1617    .text.xTaskCheckForTimeOut  tasks.o
    0x0800e6b6   0x0800e6b6   0x00000002   PAD
    0x0800e6b8   0x0800e6b8   0x00000060   Code   RO         1555    .text.xTaskCreate   tasks.o
    0x0800e718   0x0800e718   0x00000076   Code   RO         1549    .text.xTaskCreateStatic  tasks.o
    0x0800e78e   0x0800e78e   0x00000002   PAD
    0x0800e790   0x0800e790   0x0000001e   Code   RO         1631    .text.xTaskGetSchedulerState  tasks.o
    0x0800e7ae   0x0800e7ae   0x00000002   PAD
    0x0800e7b0   0x0800e7b0   0x0000000c   Code   RO         1591    .text.xTaskGetTickCount  tasks.o
    0x0800e7bc   0x0800e7bc   0x00000104   Code   RO         1589    .text.xTaskIncrementTick  tasks.o
    0x0800e8c0   0x0800e8c0   0x0000008e   Code   RO         1635    .text.xTaskPriorityDisinherit  tasks.o
    0x0800e94e   0x0800e94e   0x00000002   PAD
    0x0800e950   0x0800e950   0x00000072   Code   RO         1609    .text.xTaskRemoveFromEventList  tasks.o
    0x0800e9c2   0x0800e9c2   0x00000002   PAD
    0x0800e9c4   0x0800e9c4   0x000000ee   Code   RO         1563    .text.xTaskResumeAll  tasks.o
    0x0800eab2   0x0800eab2   0x00000002   PAD
    0x0800eab4   0x0800eab4   0x000000b4   Code   RO         1668    .text.xTimerCreateTimerTask  timers.o
    0x0800eb68   0x0800eb68   0x00000018   Code   RO         2983    x$fpl$dcmpinf       fz_wm.l(dcmpi.o)
    0x0800eb80   0x0800eb80   0x00000078   Code   RO         2937    x$fpl$deqf          fz_wm.l(deqf.o)
    0x0800ebf8   0x0800ebf8   0x00000078   Code   RO         2939    x$fpl$dgeqf         fz_wm.l(dgeqf.o)
    0x0800ec70   0x0800ec70   0x00000078   Code   RO         2941    x$fpl$dleqf         fz_wm.l(dleqf.o)
    0x0800ece8   0x0800ece8   0x0000009c   Code   RO         2943    x$fpl$dnaninf       fz_wm.l(dnaninf.o)
    0x0800ed84   0x0800ed84   0x0000000c   Code   RO         2945    x$fpl$dretinf       fz_wm.l(dretinf.o)
    0x0800ed90   0x0800ed90   0x00000056   Code   RO         2911    x$fpl$f2d           fz_wm.l(f2d.o)
    0x0800ede6   0x0800ede6   0x00000054   Code   RO         2909    x$fpl$fcmp          fz_wm.l(dcmp.o)
    0x0800ee3a   0x0800ee3a   0x0000008c   Code   RO         2947    x$fpl$fnaninf       fz_wm.l(fnaninf.o)
    0x0800eec6   0x0800eec6   0x0000001a   Code   RO         3215    x$fpl$fpinit        fz_wm.l(fpinit.o)
    0x0800eee0   0x0800eee0   0x00000000   Code   RO         2951    x$fpl$usenofp       fz_wm.l(usenofp.o)
    0x0800eee0   0x0800eee0   0x00000028   Data   RO         2844    .constdata          c_w.l(_printf_hex_int.o)
    0x0800ef08   0x0800ef08   0x00000010   Data   RO         1361    .rodata.AHBPrescTable  system_stm32f4xx.o
    0x0800ef18   0x0800ef18   0x00000008   Data   RO         1362    .rodata.APBPrescTable  system_stm32f4xx.o
    0x0800ef20   0x0800ef20   0x00000024   Data   RO           56    .rodata.Arm_Ctrl_attributes  freertos.o
    0x0800ef44   0x0800ef44   0x00000100   Data   RO         2105    .rodata.CRC08_Table  robot_message.o
    0x0800f044   0x0800f044   0x00000100   Data   RO         2382    .rodata.CRC8_TAB    ui_interface.o
    0x0800f144   0x0800f144   0x00000024   Data   RO           60    .rodata.Lift_attributes  freertos.o
    0x0800f168   0x0800f168   0x00000024   Data   RO           58    .rodata.Mode_attributes  freertos.o
    0x0800f18c   0x0800f18c   0x00000024   Data   RO           57    .rodata.Moto_attributes  freertos.o
    0x0800f1b0   0x0800f1b0   0x00000024   Data   RO           62    .rodata.SelfCheck_attributes  freertos.o
    0x0800f1d4   0x0800f1d4   0x00000024   Data   RO           59    .rodata.Transmit_attributes  freertos.o
    0x0800f1f8   0x0800f1f8   0x00000024   Data   RO           63    .rodata.UI_attributes  freertos.o
    0x0800f21c   0x0800f21c   0x00000024   Data   RO           61    .rodata.USB_attributes  freertos.o
    0x0800f240   0x0800f240   0x00000008   Data   RO          931    .rodata.cst8        stm32f4xx_hal_dma.o
    0x0800f248   0x0800f248   0x00000032   Data   RO           55    .rodata.str1.1      freertos.o
    0x0800f27a   0x0800f27a   0x00000005   Data   RO         1708    .rodata.str1.1      timers.o
    0x0800f27f   0x0800f27f   0x00000001   PAD
    0x0800f280   0x0800f280   0x00000200   Data   RO         2383    .rodata.wCRC_Table  ui_interface.o
    0x0800f480   0x0800f480   0x00000020   Data   RO         3292    Region$$Table       anon$$obj.o


    Execution Region RW_IRAM2 (Exec base: 0x10000000, Load base: 0x0800f5b0, Size: 0x00000000, Max: 0x00010000, ABSOLUTE)

    **** No section assigned to this execution region ****


    Execution Region RW_IRAM1 (Exec base: 0x20000000, Load base: 0x0800f4a0, Size: 0x00009250, Max: 0x00030000, ABSOLUTE, COMPRESSED[0x00000110])

    Exec Addr    Load Addr    Size         Type   Attr      Idx    E Section Name        Object

    0x20000000   COMPRESSED   0x00000008   Data   RW         1119    .data..L_MergedGlobals  stm32f4xx_hal.o
    0x20000008   COMPRESSED   0x00000002   Data   RW         2133    .data..L_MergedGlobals  selfcheck_task.o
    0x2000000a   COMPRESSED   0x00000002   PAD
    0x2000000c   COMPRESSED   0x00000008   Data   RW         2340    .data..L_MergedGlobals  eng_task.o
    0x20000014   COMPRESSED   0x00000020   Data   RW         2549    .data..L_MergedGlobals  ui_g.o
    0x20000034   COMPRESSED   0x0000001c   Data   RW         2581    .data.FS_Desc       usbd_desc.o
    0x20000050   COMPRESSED   0x00000001   Data   RW         2321    .data.ShiJue_mode_ctrl  modes.o
    0x20000051   COMPRESSED   0x00000003   PAD
    0x20000054   COMPRESSED   0x00000004   Data   RW         1360    .data.SystemCoreClock  system_stm32f4xx.o
    0x20000058   COMPRESSED   0x00000038   Data   RW         2818    .data.USBD_CDC      usbd_cdc.o
    0x20000090   COMPRESSED   0x00000043   Data   RW         2820    .data.USBD_CDC_CfgDesc  usbd_cdc.o
    0x200000d3   COMPRESSED   0x00000001   PAD
    0x200000d4   COMPRESSED   0x0000000a   Data   RW         2819    .data.USBD_CDC_DeviceQualifierDesc  usbd_cdc.o
    0x200000de   COMPRESSED   0x00000002   PAD
    0x200000e0   COMPRESSED   0x00000012   Data   RW         2582    .data.USBD_FS_DeviceDesc  usbd_desc.o
    0x200000f2   COMPRESSED   0x00000002   PAD
    0x200000f4   COMPRESSED   0x00000014   Data   RW         2606    .data.USBD_Interface_fops_FS  usbd_cdc_if.o
    0x20000108   COMPRESSED   0x00000004   Data   RW         2583    .data.USBD_LangIDDesc  usbd_desc.o
    0x2000010c   COMPRESSED   0x0000001a   Data   RW         2584    .data.USBD_StringSerial  usbd_desc.o
    0x20000126   COMPRESSED   0x00000002   Data   RW         2212    .data.chassis_speed_coefficient  chassis.o
    0x20000128   COMPRESSED   0x00000004   Data   RW         2319    .data.set_error_roll  modes.o
    0x2000012c   COMPRESSED   0x00000001   Data   RW         2351    .data.t_UI          referee_ui_task.o
    0x2000012d   COMPRESSED   0x00000003   PAD
    0x20000130   COMPRESSED   0x00000004   Data   RW         2533    .data.ui_g_4_gk     ui_g.o
    0x20000134   COMPRESSED   0x00000004   Data   RW         2537    .data.ui_g_close_close  ui_g.o
    0x20000138   COMPRESSED   0x00000004   Data   RW         2539    .data.ui_g_die_die  ui_g.o
    0x2000013c   COMPRESSED   0x00000004   Data   RW         2543    .data.ui_g_open_open  ui_g.o
    0x20000140   COMPRESSED   0x00000004   Data   RW         2545    .data.ui_g_pumg_pumg  ui_g.o
    0x20000144   COMPRESSED   0x00000004   Data   RW         2548    .data.ui_g_shijue_shijue  ui_g.o
    0x20000148   COMPRESSED   0x00000004   Data   RW         2381    .data.ui_self_id    ui_interface.o
    0x2000014c   COMPRESSED   0x00000004   Data   RW         1929    .data.uxCriticalNesting  port.o
    0x20000150        -       0x00000060   Zero   RW         3163    .bss                c_w.l(libspace.o)
    0x200001b0        -       0x00000020   Zero   RW           64    .bss..L_MergedGlobals  freertos.o
    0x200001d0        -       0x00000078   Zero   RW         1658    .bss..L_MergedGlobals  tasks.o
    0x20000248        -       0x0000003c   Zero   RW         1709    .bss..L_MergedGlobals  timers.o
    0x20000284        -       0x00000020   Zero   RW         1894    .bss..L_MergedGlobals  heap_4.o
    0x200002a4        -       0x00000008   Zero   RW         1930    .bss..L_MergedGlobals  port.o
    0x200002ac        -       0x00000002   Zero   RW         1997    .bss..L_MergedGlobals  wd.o
    0x200002ae   COMPRESSED   0x00000002   PAD
    0x200002b0        -       0x0000007e   Zero   RW         2035    .bss..L_MergedGlobals  referee.o
    0x2000032e        -       0x00000002   Zero   RW         2073    .bss..L_MergedGlobals  relay.o
    0x20000330        -       0x00000008   Zero   RW         2108    .bss..L_MergedGlobals  robot_message.o
    0x20000338        -       0x0000003e   Zero   RW         2161    .bss..L_MergedGlobals  bsp_uart.o
    0x20000376   COMPRESSED   0x00000002   PAD
    0x20000378        -       0x0000004c   Zero   RW         2194    .bss..L_MergedGlobals  moto.o
    0x200003c4        -       0x00000008   Zero   RW         2214    .bss..L_MergedGlobals  chassis.o
    0x200003cc        -       0x00000064   Zero   RW         2246    .bss..L_MergedGlobals  lift_moto_ctrl.o
    0x20000430        -       0x00000010   Zero   RW         2324    .bss..L_MergedGlobals  modes.o
    0x20000440        -       0x0000004d   Zero   RW         2388    .bss..L_MergedGlobals  ui_interface.o
    0x2000048d   COMPRESSED   0x00000001   PAD
    0x2000048e        -       0x00000028   Zero   RW         2134    .bss..L_MergedGlobals.1  selfcheck_task.o
    0x200004b6   COMPRESSED   0x00000002   PAD
    0x200004b8        -       0x00000028   Zero   RW         1659    .bss..L_MergedGlobals.2  tasks.o
    0x200004e0        -       0x00000004   Zero   RW           83    .bss.HAL_RCC_CAN1_CLK_ENABLED  can.o
    0x200004e4        -       0x00000004   Zero   RW         1868    .bss.KernelState    cmsis_os2.o
    0x200004e8        -       0x00000040   Zero   RW         2016    .bss.Keys           key.o
    0x20000528        -       0x00000028   Zero   RW         2276    .bss.MTMotoState    mtmotodriver.o
    0x20000550        -       0x0000000a   Zero   RW         2033    .bss.NEW_RC_DATA    referee.o
    0x2000055a        -       0x00000018   Zero   RW         1940    .bss.RC_CtrlData    inculdes.o
    0x20000572   COMPRESSED   0x00000002   PAD
    0x20000574        -       0x00000080   Zero   RW         2159    .bss.Transmit_buff  bsp_uart.o
    0x200005f4        -       0x00000080   Zero   RW         2158    .bss.UART8_Rx_Buffer  bsp_uart.o
    0x20000674        -       0x00000080   Zero   RW         2174    .bss.USART1_Rx_Buffer  rcdriver.o
    0x200006f4        -       0x00000080   Zero   RW         2157    .bss.USART3_Rx_Buffer  bsp_uart.o
    0x20000774        -       0x00000080   Zero   RW         2156    .bss.USART6_Rx_Buffer  bsp_uart.o
    0x200007f4        -       0x00000001   Zero   RW         2757    .bss.USBD_SetConfig.cfgidx  usbd_ctlreq.o
    0x200007f5   COMPRESSED   0x00000003   PAD
    0x200007f8        -       0x00000200   Zero   RW         2585    .bss.USBD_StrDesc   usbd_desc.o
    0x200009f8        -       0x00000220   Zero   RW         2680    .bss.USBD_static_malloc.mem  usbd_conf.o
    0x20000c18        -       0x00000800   Zero   RW         2607    .bss.UserRxBufferFS  usbd_cdc_if.o
    0x20001418        -       0x00000800   Zero   RW         2608    .bss.UserTxBufferFS  usbd_cdc_if.o
    0x20001c18        -       0x0000005c   Zero   RW         2242    .bss.camera_pid_lift_pos  lift_moto_ctrl.o
    0x20001c74        -       0x0000005c   Zero   RW         2244    .bss.camera_pid_lift_reset_spd  lift_moto_ctrl.o
    0x20001cd0        -       0x0000005c   Zero   RW         2243    .bss.camera_pid_lift_spd  lift_moto_ctrl.o
    0x20001d2c        -       0x00000018   Zero   RW         2104    .bss.cmd_id_queue   robot_message.o
    0x20001d44        -       0x00000020   Zero   RW         2031    .bss.game_robot_HP_t  referee.o
    0x20001d64        -       0x000002dc   Zero   RW         2560    .bss.hUsbDeviceFS   usb_device.o
    0x20002040        -       0x00000028   Zero   RW           81    .bss.hcan1          can.o
    0x20002068        -       0x00000028   Zero   RW           82    .bss.hcan2          can.o
    0x20002090        -       0x00000060   Zero   RW          132    .bss.hdma_uart8_rx  usart.o
    0x200020f0        -       0x00000060   Zero   RW          133    .bss.hdma_uart8_tx  usart.o
    0x20002150        -       0x00000060   Zero   RW          134    .bss.hdma_usart1_rx  usart.o
    0x200021b0        -       0x00000060   Zero   RW          136    .bss.hdma_usart3_rx  usart.o
    0x20002210        -       0x00000060   Zero   RW          135    .bss.hdma_usart3_tx  usart.o
    0x20002270        -       0x00000060   Zero   RW          137    .bss.hdma_usart6_rx  usart.o
    0x200022d0        -       0x00000060   Zero   RW          138    .bss.hdma_usart6_tx  usart.o
    0x20002330        -       0x000004e4   Zero   RW         2679    .bss.hpcd_USB_OTG_FS  usbd_conf.o
    0x20002814        -       0x00000048   Zero   RW          107    .bss.htim2          tim.o
    0x2000285c        -       0x00000048   Zero   RW          219    .bss.htim7          stm32f4xx_hal_timebase_tim.o
    0x200028a4        -       0x00000048   Zero   RW          129    .bss.huart1         usart.o
    0x200028ec        -       0x00000048   Zero   RW          130    .bss.huart3         usart.o
    0x20002934        -       0x00000048   Zero   RW          131    .bss.huart6         usart.o
    0x2000297c        -       0x00000048   Zero   RW          128    .bss.huart8         usart.o
    0x200029c4        -       0x00000080   Zero   RW         2193    .bss.moto_chassis   moto.o
    0x20002a44        -       0x00001074   Zero   RW         2103    .bss.nuc_receive_data  robot_message.o
    0x20003ab8        -       0x00000228   Zero   RW         2213    .bss.pid_chassis_moto  chassis.o
    0x20003ce0        -       0x0000005c   Zero   RW         2240    .bss.pid_lift_reset_spd  lift_moto_ctrl.o
    0x20003d3c        -       0x0000005c   Zero   RW         2239    .bss.pid_lift_spd   lift_moto_ctrl.o
    0x20003d98        -       0x000000a0   Zero   RW         1707    .bss.prvCheckForValidListAndQueue.ucStaticTimerQueueStorage  timers.o
    0x20003e38        -       0x00000050   Zero   RW         1706    .bss.prvCheckForValidListAndQueue.xStaticTimerQueue  timers.o
    0x20003e88        -       0x00000460   Zero   RW         1657    .bss.pxReadyTasksLists  tasks.o
    0x200042e8        -       0x00000076   Zero   RW         2032    .bss.robot_interaction_data  referee.o
    0x2000435e        -       0x0000001a   Zero   RW         2155    .bss.sync_data_to_c  bsp_uart.o
    0x20004378        -       0x00003c00   Zero   RW         1893    .bss.ucHeap         heap_4.o
    0x20007f78        -       0x0000005a   Zero   RW         2529    .bss.ui_g_1_0       ui_g.o
    0x20007fd2        -       0x0000002d   Zero   RW         2530    .bss.ui_g_2_0       ui_g.o
    0x20007fff   COMPRESSED   0x00000001   PAD
    0x20008000        -       0x0000005a   Zero   RW         2531    .bss.ui_g_3_0       ui_g.o
    0x2000805a        -       0x0000001e   Zero   RW         2532    .bss.ui_g_4_0       ui_g.o
    0x20008078        -       0x0000001e   Zero   RW         2536    .bss.ui_g_close_0   ui_g.o
    0x20008096        -       0x0000001e   Zero   RW         2538    .bss.ui_g_die_0     ui_g.o
    0x200080b4        -       0x0000001e   Zero   RW         2542    .bss.ui_g_open_0    ui_g.o
    0x200080d2        -       0x0000003c   Zero   RW         2544    .bss.ui_g_pumg_0    ui_g.o
    0x2000810e        -       0x0000003c   Zero   RW         2547    .bss.ui_g_shijue_0  ui_g.o
    0x2000814a        -       0x00000404   Zero   RW         2121    .bss.usb_cdc_data   bsp_usb.o
    0x2000854e   COMPRESSED   0x00000002   PAD
    0x20008550        -       0x00000004   Zero   RW         1118    .bss.uwTick         stm32f4xx_hal.o
    0x20008554        -       0x00000200   Zero   RW         1870    .bss.vApplicationGetIdleTaskMemory.Idle_Stack  cmsis_os2.o
    0x20008754        -       0x0000005c   Zero   RW         1869    .bss.vApplicationGetIdleTaskMemory.Idle_TCB  cmsis_os2.o
    0x200087b0        -       0x00000400   Zero   RW         1872    .bss.vApplicationGetTimerTaskMemory.Timer_Stack  cmsis_os2.o
    0x20008bb0        -       0x0000005c   Zero   RW         1871    .bss.vApplicationGetTimerTaskMemory.Timer_TCB  cmsis_os2.o
    0x20008c0c        -       0x00000040   Zero   RW         1492    .bss.xQueueRegistry  queue.o
    0x20008c4c   COMPRESSED   0x00000004   PAD
    0x20008c50        -       0x00000200   Zero   RW            2    HEAP                startup_stm32f427xx.o
    0x20008e50        -       0x00000400   Zero   RW            1    STACK               startup_stm32f427xx.o


==============================================================================

Image component sizes


      Code (inc. data)   RO Data    RW Data    ZI Data      Debug   Object Name

       220          0          0          0          0        902   arm_whole_ctrl.o
       148          0          0          0          0       3832   bsp_can.o
       640          0          0          0        600       7023   bsp_uart.o
        26          0          0          0       1028       1228   bsp_usb.o
       438          0          0          0         84       7074   can.o
       716         20          0          2        560       4658   chassis.o
       364          0          0          0       1724      43490   cmsis_os2.o
       172          0          0          0          0       3698   dma.o
       378          4          0          8          0       2552   eng_task.o
       220          0        338          0         32       4621   freertos.o
       294          0          0          0          0       4311   gpio.o
       710          0          0          0      15392       5886   heap_4.o
         0          0          0          0         24       1043   inculdes.o
       140          0          0          0         64       2887   key.o
      1028         44          0          0        560       4423   lift_moto_ctrl.o
       186          0          0          0          0       2363   list.o
       284          0          0          0          0       6328   main.o
     10454         56          0          5         16      13945   modes.o
      1164         10          0          0        204       7424   moto.o
       108          0          0          0         40       3056   mtmotodriver.o
       342          8          0          0          0       4032   pid.o
       900         16          0          4          8       4392   port.o
      1782          0          0          0         64      30817   queue.o
       422          0          0          0        128       1470   rcdriver.o
       604         10          0          0        286       6521   referee.o
       610          0          0          1          0       1081   referee_ui_task.o
        76          0          0          0          2       1436   relay.o
       468          0        256          0       4244       5446   robot_message.o
       692          0          0          2         40       3534   selfcheck_task.o
        64         26        428          0       1536        856   startup_stm32f427xx.o
       132          0          0          8          4       7687   stm32f4xx_hal.o
      1696          6          0          0          0      14077   stm32f4xx_hal_can.o
       152          0          0          0          0      10867   stm32f4xx_hal_cortex.o
      1260          6          8          0          0      10589   stm32f4xx_hal_dma.o
       456          0          0          0          0       5496   stm32f4xx_hal_gpio.o
        66          0          0          0          0       3717   stm32f4xx_hal_msp.o
      3576          0          0          0          0      17443   stm32f4xx_hal_pcd.o
       216          0          0          0          0       4768   stm32f4xx_hal_pcd_ex.o
      1556          4          0          0          0       7611   stm32f4xx_hal_rcc.o
      1342          0          0          0          0      58412   stm32f4xx_hal_tim.o
       190          0          0          0          0      21949   stm32f4xx_hal_tim_ex.o
       178          0          0          0         72       7441   stm32f4xx_hal_timebase_tim.o
      2744          0          0          0          0      32694   stm32f4xx_hal_uart.o
       590          0          0          0          0      11330   stm32f4xx_it.o
      4964          0          0          0          0      37393   stm32f4xx_ll_usb.o
        18          0         24          4          0       2777   system_stm32f4xx.o
      3066          8          0          0       1280      44761   tasks.o
       160          0          0          0         72       5335   tim.o
        88          8          0          0          0       1485   time.o
      1070         18          5          0        300      16639   timers.o
      2408          0          0         56        465      18207   ui_g.o
      1486          0        768          4         77      19023   ui_interface.o
      1202          0          0          0        960       8529   usart.o
       114          0          0          0        732       3203   usb_device.o
      1224         12          0        133          0      11534   usbd_cdc.o
       164          0          0         20       4096       5007   usbd_cdc_if.o
       784          0          0          0       1796      18531   usbd_conf.o
       986          0          0          0          0      11153   usbd_core.o
      1652         32          0          0          1      11247   usbd_ctlreq.o
       532         40          0         76        512       4129   usbd_desc.o
       128          0          0          0          0       4728   usbd_ioreq.o
       202          0          0          0          2       1577   wd.o

    ----------------------------------------------------------------------
     58488        328       1860        336      37024     629668   Object Totals
         0          0         32          0          0          0   (incl. Generated)
       436          0          1         13         19          0   (incl. Padding)

    ----------------------------------------------------------------------

      Code (inc. data)   RO Data    RW Data    ZI Data      Debug   Library Member Name

        58          0          0          0          0          0   __dczerorl.o
         8          0          0          0          0         68   __main.o
         0          0          0          0          0          0   __rtentry.o
        12          0          0          0          0          0   __rtentry2.o
         6          0          0          0          0          0   __rtentry4.o
        94          8          0          0          0          0   __scatter.o
        28          0          0          0          0          0   __scatter_zi.o
        88          4         40          0          0         88   _printf_hex_int.o
       178          0          0          0          0         88   _printf_intcommon.o
        78          0          0          0          0        108   _printf_pad.o
         0          0          0          0          0          0   _printf_percent.o
         4          0          0          0          0          0   _printf_percent_end.o
         6          0          0          0          0          0   _printf_x.o
        16          0          0          0          0         68   aeabi_memset4.o
        18          0          0          0          0         80   exit.o
         6          0          0          0          0        152   heapauxi.o
         0          0          0          0          0          0   indicate_semi.o
         2          0          0          0          0          0   libinit.o
         6          0          0          0          0          0   libinit2.o
         2          0          0          0          0          0   libshutdown.o
         2          0          0          0          0          0   libshutdown2.o
         8          4          0          0         96         68   libspace.o
       240          0          0          0          0        100   lludivv7m.o
        78          0          0          0          0         80   rt_memclr_w.o
       138          0          0          0          0         68   rt_memcpy_v6.o
       100          0          0          0          0         80   rt_memcpy_w.o
         2          0          0          0          0          0   rtexit.o
        10          0          0          0          0          0   rtexit2.o
        62          0          0          0          0         76   strlen.o
        12          4          0          0          0         68   sys_exit.o
        74          0          0          0          0         80   sys_stackheap_outer.o
         2          0          0          0          0         68   use_no_semi.o
        84          0          0          0          0        244   dcmp.o
        24          0          0          0          0        116   dcmpi.o
       120          4          0          0          0        140   deqf.o
       120          4          0          0          0        140   dgeqf.o
       120          4          0          0          0        140   dleqf.o
       156          4          0          0          0        140   dnaninf.o
        12          0          0          0          0        116   dretinf.o
        86          4          0          0          0        132   f2d.o
       140          4          0          0          0        132   fnaninf.o
        26          0          0          0          0        116   fpinit.o
         0          0          0          0          0          0   usenofp.o

    ----------------------------------------------------------------------
      2236         44         40          0         96       2756   Library Totals
        10          0          0          0          0          0   (incl. Padding)

    ----------------------------------------------------------------------

      Code (inc. data)   RO Data    RW Data    ZI Data      Debug   Library Name

      1338         20         40          0         96       1340   c_w.l
       888         24          0          0          0       1416   fz_wm.l

    ----------------------------------------------------------------------
      2236         44         40          0         96       2756   Library Totals

    ----------------------------------------------------------------------

==============================================================================


      Code (inc. data)   RO Data    RW Data    ZI Data      Debug   

     60724        372       1900        336      37120     629788   Grand Totals
     60724        372       1900        272      37120     629788   ELF Image Totals (compressed)
     60724        372       1900        272          0          0   ROM Totals

==============================================================================

    Total RO  Size (Code + RO Data)                62624 (  61.16kB)
    Total RW  Size (RW Data + ZI Data)             37456 (  36.58kB)
    Total ROM Size (Code + RO Data + RW Data)      62896 (  61.42kB)

==============================================================================

