Component: Arm Compiler for Embedded 6.23 Tool: armlink [5f102400]

==============================================================================

Section Cross References

    startup_stm32f427xx.o(STACK) refers (Special) to heapauxi.o(.text) for __use_two_region_memory
    startup_stm32f427xx.o(HEAP) refers (Special) to heapauxi.o(.text) for __use_two_region_memory
    startup_stm32f427xx.o(RESET) refers (Special) to heapauxi.o(.text) for __use_two_region_memory
    startup_stm32f427xx.o(RESET) refers to startup_stm32f427xx.o(STACK) for __initial_sp
    startup_stm32f427xx.o(RESET) refers to startup_stm32f427xx.o(.text) for Reset_Handler
    startup_stm32f427xx.o(RESET) refers to stm32f4xx_it.o(.text.NMI_Handler) for NMI_Handler
    startup_stm32f427xx.o(RESET) refers to stm32f4xx_it.o(.text.HardFault_Handler) for HardFault_Handler
    startup_stm32f427xx.o(RESET) refers to stm32f4xx_it.o(.text.MemManage_Handler) for MemManage_Handler
    startup_stm32f427xx.o(RESET) refers to stm32f4xx_it.o(.text.BusFault_Handler) for BusFault_Handler
    startup_stm32f427xx.o(RESET) refers to stm32f4xx_it.o(.text.UsageFault_Handler) for UsageFault_Handler
    startup_stm32f427xx.o(RESET) refers to port.o(.text.SVC_Handler) for SVC_Handler
    startup_stm32f427xx.o(RESET) refers to stm32f4xx_it.o(.text.DebugMon_Handler) for DebugMon_Handler
    startup_stm32f427xx.o(RESET) refers to port.o(.text.PendSV_Handler) for PendSV_Handler
    startup_stm32f427xx.o(RESET) refers to cmsis_os2.o(.text.SysTick_Handler) for SysTick_Handler
    startup_stm32f427xx.o(RESET) refers to stm32f4xx_it.o(.text.EXTI0_IRQHandler) for EXTI0_IRQHandler
    startup_stm32f427xx.o(RESET) refers to stm32f4xx_it.o(.text.DMA1_Stream0_IRQHandler) for DMA1_Stream0_IRQHandler
    startup_stm32f427xx.o(RESET) refers to stm32f4xx_it.o(.text.DMA1_Stream1_IRQHandler) for DMA1_Stream1_IRQHandler
    startup_stm32f427xx.o(RESET) refers to stm32f4xx_it.o(.text.DMA1_Stream3_IRQHandler) for DMA1_Stream3_IRQHandler
    startup_stm32f427xx.o(RESET) refers to stm32f4xx_it.o(.text.DMA1_Stream6_IRQHandler) for DMA1_Stream6_IRQHandler
    startup_stm32f427xx.o(RESET) refers to stm32f4xx_it.o(.text.CAN1_RX0_IRQHandler) for CAN1_RX0_IRQHandler
    startup_stm32f427xx.o(RESET) refers to stm32f4xx_it.o(.text.CAN1_RX1_IRQHandler) for CAN1_RX1_IRQHandler
    startup_stm32f427xx.o(RESET) refers to stm32f4xx_it.o(.text.USART1_IRQHandler) for USART1_IRQHandler
    startup_stm32f427xx.o(RESET) refers to stm32f4xx_it.o(.text.USART3_IRQHandler) for USART3_IRQHandler
    startup_stm32f427xx.o(RESET) refers to stm32f4xx_it.o(.text.EXTI15_10_IRQHandler) for EXTI15_10_IRQHandler
    startup_stm32f427xx.o(RESET) refers to stm32f4xx_it.o(.text.TIM7_IRQHandler) for TIM7_IRQHandler
    startup_stm32f427xx.o(RESET) refers to stm32f4xx_it.o(.text.DMA2_Stream1_IRQHandler) for DMA2_Stream1_IRQHandler
    startup_stm32f427xx.o(RESET) refers to stm32f4xx_it.o(.text.DMA2_Stream2_IRQHandler) for DMA2_Stream2_IRQHandler
    startup_stm32f427xx.o(RESET) refers to stm32f4xx_it.o(.text.CAN2_RX0_IRQHandler) for CAN2_RX0_IRQHandler
    startup_stm32f427xx.o(RESET) refers to stm32f4xx_it.o(.text.CAN2_RX1_IRQHandler) for CAN2_RX1_IRQHandler
    startup_stm32f427xx.o(RESET) refers to stm32f4xx_it.o(.text.OTG_FS_IRQHandler) for OTG_FS_IRQHandler
    startup_stm32f427xx.o(RESET) refers to stm32f4xx_it.o(.text.DMA2_Stream6_IRQHandler) for DMA2_Stream6_IRQHandler
    startup_stm32f427xx.o(RESET) refers to stm32f4xx_it.o(.text.USART6_IRQHandler) for USART6_IRQHandler
    startup_stm32f427xx.o(RESET) refers to stm32f4xx_it.o(.text.UART8_IRQHandler) for UART8_IRQHandler
    startup_stm32f427xx.o(.text) refers (Special) to heapauxi.o(.text) for __use_two_region_memory
    startup_stm32f427xx.o(.text) refers to system_stm32f4xx.o(.text.SystemInit) for SystemInit
    startup_stm32f427xx.o(.text) refers to __main.o(!!!main) for __main
    startup_stm32f427xx.o(.text) refers to startup_stm32f427xx.o(HEAP) for Heap_Mem
    startup_stm32f427xx.o(.text) refers to startup_stm32f427xx.o(STACK) for Stack_Mem
    main.o(.text.main) refers to stm32f4xx_hal.o(.text.HAL_Init) for HAL_Init
    main.o(.text.main) refers to main.o(.text.SystemClock_Config) for SystemClock_Config
    main.o(.text.main) refers to gpio.o(.text.MX_GPIO_Init) for MX_GPIO_Init
    main.o(.text.main) refers to dma.o(.text.MX_DMA_Init) for MX_DMA_Init
    main.o(.text.main) refers to can.o(.text.MX_CAN1_Init) for MX_CAN1_Init
    main.o(.text.main) refers to can.o(.text.MX_CAN2_Init) for MX_CAN2_Init
    main.o(.text.main) refers to tim.o(.text.MX_TIM2_Init) for MX_TIM2_Init
    main.o(.text.main) refers to usart.o(.text.MX_UART8_Init) for MX_UART8_Init
    main.o(.text.main) refers to usart.o(.text.MX_USART1_UART_Init) for MX_USART1_UART_Init
    main.o(.text.main) refers to usart.o(.text.MX_USART3_UART_Init) for MX_USART3_UART_Init
    main.o(.text.main) refers to usart.o(.text.MX_USART6_UART_Init) for MX_USART6_UART_Init
[...]
    camera_lift_reset_flag                   0x200002a5   Data           1  wd.o(.bss..L_MergedGlobals)
    game_result                              0x200002a8   Data           1  referee.o(.bss..L_MergedGlobals)
    robot_hurt_t                             0x200002a9   Data           1  referee.o(.bss..L_MergedGlobals)
    referee_warning                          0x200002aa   Data           3  referee.o(.bss..L_MergedGlobals)
    field_event                              0x200002b0   Data           4  referee.o(.bss..L_MergedGlobals)
    referee_receive_header                   0x200002b4   Data           5  referee.o(.bss..L_MergedGlobals)
    bullet_remaining_t                       0x200002ba   Data           6  referee.o(.bss..L_MergedGlobals)
    buff_t                                   0x200002c0   Data           7  referee.o(.bss..L_MergedGlobals)
    shoot_data_t                             0x200002c7   Data           7  referee.o(.bss..L_MergedGlobals)
    game_state                               0x200002ce   Data          11  referee.o(.bss..L_MergedGlobals)
    robot_pos                                0x200002dc   Data          12  referee.o(.bss..L_MergedGlobals)
    robot_state                              0x200002e8   Data          13  referee.o(.bss..L_MergedGlobals)
    power_heat_data_t                        0x200002f8   Data          16  referee.o(.bss..L_MergedGlobals)
    custom_controller_data_t                 0x20000308   Data          30  referee.o(.bss..L_MergedGlobals)
    t_pumg                                   0x20000326   Data           1  relay.o(.bss..L_MergedGlobals)
    t_pumg_last                              0x20000327   Data           1  relay.o(.bss..L_MergedGlobals)
    t_shijue                                 0x20000328   Data           1  robot_message.o(.bss..L_MergedGlobals)
    action_Num                               0x2000032c   Data           4  robot_message.o(.bss..L_MergedGlobals)
    sync_data_from_c                         0x20000330   Data          23  bsp_uart.o(.bss..L_MergedGlobals)
    frame                                    0x20000347   Data          39  bsp_uart.o(.bss..L_MergedGlobals)
    d_angle                                  0x20000370   Data           2  moto.o(.bss..L_MergedGlobals)
    rx_data                                  0x20000372   Data           8  moto.o(.bss..L_MergedGlobals)
    moto_gimbal                              0x2000037c   Data          64  moto.o(.bss..L_MergedGlobals)
    chassis_auto_ctrl_flag                   0x200003bc   Data           1  chassis.o(.bss..L_MergedGlobals)
    vx                                       0x200003be   Data           2  chassis.o(.bss..L_MergedGlobals)
    vy                                       0x200003c0   Data           2  chassis.o(.bss..L_MergedGlobals)
    vr                                       0x200003c2   Data           2  chassis.o(.bss..L_MergedGlobals)
    lift_inited                              0x200003c4   Data           1  lift_moto_ctrl.o(.bss..L_MergedGlobals)
    camera_lift_inited                       0x200003c5   Data           1  lift_moto_ctrl.o(.bss..L_MergedGlobals)
    lift_moto_current_set                    0x200003c6   Data           4  lift_moto_ctrl.o(.bss..L_MergedGlobals)
    pid_lift_pos                             0x200003cc   Data          92  lift_moto_ctrl.o(.bss..L_MergedGlobals)
    t_r                                      0x20000428   Data           1  modes.o(.bss..L_MergedGlobals)
    Fetch_Two_Silver_ing                     0x20000429   Data           1  modes.o(.bss..L_MergedGlobals)
    Fetch_Left_Silver_ing                    0x2000042a   Data           1  modes.o(.bss..L_MergedGlobals)
    Fetch_Right_Silver_ing                   0x2000042b   Data           1  modes.o(.bss..L_MergedGlobals)
    Before_Exchange_Above_Silver_ing         0x2000042c   Data           1  modes.o(.bss..L_MergedGlobals)
    Before_Exchange_Below_Silver_ing         0x2000042d   Data           1  modes.o(.bss..L_MergedGlobals)
    Fetch_Ground_ing                         0x2000042e   Data           1  modes.o(.bss..L_MergedGlobals)
    Gold_To_Storage_ing                      0x2000042f   Data           1  modes.o(.bss..L_MergedGlobals)
    Gold_To_DogHole_ing                      0x20000430   Data           1  modes.o(.bss..L_MergedGlobals)
    Gold_To_DogHole_Back_ing                 0x20000431   Data           1  modes.o(.bss..L_MergedGlobals)
    To_DogHole_ing                           0x20000432   Data           1  modes.o(.bss..L_MergedGlobals)
    To_DogHole_Back_ing                      0x20000433   Data           1  modes.o(.bss..L_MergedGlobals)
    Break_While_ctrl                         0x20000434   Data           1  modes.o(.bss..L_MergedGlobals)
    xipan_debug_flag                         0x20000435   Data           1  modes.o(.bss..L_MergedGlobals)
    seq                                      0x20000436   Data           1  ui_interface.o(.bss..L_MergedGlobals)
    _ui_1_frame                              0x20000438   Data          30  ui_interface.o(.bss..L_MergedGlobals)
    _ui_2_frame                              0x20000456   Data          45  ui_interface.o(.bss..L_MergedGlobals)
    Eng_life                                 0x20000484   Data           1  selfcheck_task.o(.bss..L_MergedGlobals.1)
    device                                   0x20000485   Data          13  selfcheck_task.o(.bss..L_MergedGlobals.1)
    device_time                              0x20000492   Data          26  selfcheck_task.o(.bss..L_MergedGlobals.1)
    Keys                                     0x200004dc   Data          64  key.o(.bss.Keys)
    NEW_RC_DATA                              0x2000051c   Data          10  referee.o(.bss.NEW_RC_DATA)
    RC_CtrlData                              0x20000526   Data          24  inculdes.o(.bss.RC_CtrlData)
    Transmit_buff                            0x20000540   Data         128  bsp_uart.o(.bss.Transmit_buff)
    UART8_Rx_Buffer                          0x200005c0   Data         128  bsp_uart.o(.bss.UART8_Rx_Buffer)
    USART1_Rx_Buffer                         0x20000640   Data         128  rcdriver.o(.bss.USART1_Rx_Buffer)
    USART3_Rx_Buffer                         0x200006c0   Data         128  bsp_uart.o(.bss.USART3_Rx_Buffer)
    USART6_Rx_Buffer                         0x20000740   Data         128  bsp_uart.o(.bss.USART6_Rx_Buffer)
    USBD_StrDesc                             0x200007c4   Data         512  usbd_desc.o(.bss.USBD_StrDesc)
    UserRxBufferFS                           0x20000be4   Data        2048  usbd_cdc_if.o(.bss.UserRxBufferFS)
    UserTxBufferFS                           0x200013e4   Data        2048  usbd_cdc_if.o(.bss.UserTxBufferFS)
    camera_pid_lift_pos                      0x20001be4   Data          92  lift_moto_ctrl.o(.bss.camera_pid_lift_pos)
    camera_pid_lift_reset_spd                0x20001c40   Data          92  lift_moto_ctrl.o(.bss.camera_pid_lift_reset_spd)
    camera_pid_lift_spd                      0x20001c9c   Data          92  lift_moto_ctrl.o(.bss.camera_pid_lift_spd)
    cmd_id_queue                             0x20001cf8   Data          24  robot_message.o(.bss.cmd_id_queue)
    game_robot_HP_t                          0x20001d10   Data          32  referee.o(.bss.game_robot_HP_t)
    hUsbDeviceFS                             0x20001d30   Data         732  usb_device.o(.bss.hUsbDeviceFS)
    hcan1                                    0x2000200c   Data          40  can.o(.bss.hcan1)
    hcan2                                    0x20002034   Data          40  can.o(.bss.hcan2)
    hdma_uart8_rx                            0x2000205c   Data          96  usart.o(.bss.hdma_uart8_rx)
    hdma_uart8_tx                            0x200020bc   Data          96  usart.o(.bss.hdma_uart8_tx)
    hdma_usart1_rx                           0x2000211c   Data          96  usart.o(.bss.hdma_usart1_rx)
    hdma_usart3_rx                           0x2000217c   Data          96  usart.o(.bss.hdma_usart3_rx)
    hdma_usart3_tx                           0x200021dc   Data          96  usart.o(.bss.hdma_usart3_tx)
    hdma_usart6_rx                           0x2000223c   Data          96  usart.o(.bss.hdma_usart6_rx)
    hdma_usart6_tx                           0x2000229c   Data          96  usart.o(.bss.hdma_usart6_tx)
    hpcd_USB_OTG_FS                          0x200022fc   Data        1252  usbd_conf.o(.bss.hpcd_USB_OTG_FS)
    htim2                                    0x200027e0   Data          72  tim.o(.bss.htim2)
    htim4                                    0x20002828   Data          72  tim.o(.bss.htim4)
    htim7                                    0x20002870   Data          72  stm32f4xx_hal_timebase_tim.o(.bss.htim7)
    huart1                                   0x200028b8   Data          72  usart.o(.bss.huart1)
    huart3                                   0x20002900   Data          72  usart.o(.bss.huart3)
    huart6                                   0x20002948   Data          72  usart.o(.bss.huart6)
    huart8                                   0x20002990   Data          72  usart.o(.bss.huart8)
    moto_chassis                             0x200029d8   Data         128  moto.o(.bss.moto_chassis)
    nuc_receive_data                         0x20002a58   Data        4212  robot_message.o(.bss.nuc_receive_data)
    pid_chassis_moto                         0x20003acc   Data         552  chassis.o(.bss.pid_chassis_moto)
    pid_lift_reset_spd                       0x20003cf4   Data          92  lift_moto_ctrl.o(.bss.pid_lift_reset_spd)
    pid_lift_spd                             0x20003d50   Data          92  lift_moto_ctrl.o(.bss.pid_lift_spd)
    robot_interaction_data                   0x200042fc   Data         118  referee.o(.bss.robot_interaction_data)
    sync_data_to_c                           0x20004372   Data          27  bsp_uart.o(.bss.sync_data_to_c)
    ui_g_1_0                                 0x20007f8e   Data          90  ui_g.o(.bss.ui_g_1_0)
    ui_g_2_0                                 0x20007fe8   Data          45  ui_g.o(.bss.ui_g_2_0)
    ui_g_3_0                                 0x20008016   Data          90  ui_g.o(.bss.ui_g_3_0)
    ui_g_4_0                                 0x20008070   Data          30  ui_g.o(.bss.ui_g_4_0)
    ui_g_close_0                             0x2000808e   Data          30  ui_g.o(.bss.ui_g_close_0)
    ui_g_die_0                               0x200080ac   Data          30  ui_g.o(.bss.ui_g_die_0)
    ui_g_open_0                              0x200080ca   Data          30  ui_g.o(.bss.ui_g_open_0)
    ui_g_pumg_0                              0x200080e8   Data          60  ui_g.o(.bss.ui_g_pumg_0)
    ui_g_shijue_0                            0x20008124   Data          60  ui_g.o(.bss.ui_g_shijue_0)
    usb_cdc_data                             0x20008160   Data        1028  bsp_usb.o(.bss.usb_cdc_data)
    uwTick                                   0x20008564   Data           4  stm32f4xx_hal.o(.bss.uwTick)
    xQueueRegistry                           0x20008c20   Data          64  queue.o(.bss.xQueueRegistry)



==============================================================================

Memory Map of the image

  Image Entry point : 0x080001ad

  Load Region LR_IROM1 (Base: 0x08000000, Size: 0x0000f2e0, Max: 0x00200000, ABSOLUTE)

    Execution Region ER_IROM1 (Exec base: 0x08000000, Load base: 0x08000000, Size: 0x0000f198, Max: 0x00200000, ABSOLUTE)

    Exec Addr    Load Addr    Size         Type   Attr      Idx    E Section Name        Object

    0x08000000   0x08000000   0x000001ac   Data   RO            3    RESET               startup_stm32f427xx.o
    0x080001ac   0x080001ac   0x00000008   Code   RO         2915  * !!!main             c_w.l(__main.o)
    0x080001b4   0x080001b4   0x0000005c   Code   RO         3299    !!!scatter          c_w.l(__scatter.o)
    0x08000210   0x08000210   0x0000001a   Code   RO         3303    !!handler_copy      c_w.l(__scatter_copy.o)
    0x0800022a   0x0800022a   0x00000002   PAD
    0x0800022c   0x0800022c   0x00000002   Code   RO         3300    !!handler_null      c_w.l(__scatter.o)
    0x0800022e   0x0800022e   0x00000002   PAD
    0x08000230   0x08000230   0x0000001c   Code   RO         3305    !!handler_zi        c_w.l(__scatter_zi.o)
    0x0800024c   0x0800024c   0x00000000   Code   RO         2898    .ARM.Collect$$_printf_percent$$00000000  c_w.l(_printf_percent.o)
    0x0800024c   0x0800024c   0x00000006   Code   RO         2897    .ARM.Collect$$_printf_percent$$0000000C  c_w.l(_printf_x.o)
    0x08000252   0x08000252   0x00000004   Code   RO         2936    .ARM.Collect$$_printf_percent$$00000017  c_w.l(_printf_percent_end.o)
    0x08000256   0x08000256   0x00000002   Code   RO         3104    .ARM.Collect$$libinit$$00000000  c_w.l(libinit.o)
    0x08000258   0x08000258   0x00000004   Code   RO         3105    .ARM.Collect$$libinit$$00000001  c_w.l(libinit2.o)
    0x0800025c   0x0800025c   0x00000000   Code   RO         3108    .ARM.Collect$$libinit$$00000004  c_w.l(libinit2.o)
    0x0800025c   0x0800025c   0x00000000   Code   RO         3110    .ARM.Collect$$libinit$$00000006  c_w.l(libinit2.o)
    0x0800025c   0x0800025c   0x00000000   Code   RO         3113    .ARM.Collect$$libinit$$0000000C  c_w.l(libinit2.o)
    0x0800025c   0x0800025c   0x00000000   Code   RO         3115    .ARM.Collect$$libinit$$0000000E  c_w.l(libinit2.o)
    0x0800025c   0x0800025c   0x00000000   Code   RO         3117    .ARM.Collect$$libinit$$00000010  c_w.l(libinit2.o)
    0x0800025c   0x0800025c   0x00000000   Code   RO         3120    .ARM.Collect$$libinit$$00000013  c_w.l(libinit2.o)
    0x0800025c   0x0800025c   0x00000000   Code   RO         3122    .ARM.Collect$$libinit$$00000015  c_w.l(libinit2.o)
    0x0800025c   0x0800025c   0x00000000   Code   RO         3124    .ARM.Collect$$libinit$$00000017  c_w.l(libinit2.o)
    0x0800025c   0x0800025c   0x00000000   Code   RO         3126    .ARM.Collect$$libinit$$00000019  c_w.l(libinit2.o)
    0x0800025c   0x0800025c   0x00000000   Code   RO         3128    .ARM.Collect$$libinit$$0000001B  c_w.l(libinit2.o)
    0x0800025c   0x0800025c   0x00000000   Code   RO         3130    .ARM.Collect$$libinit$$0000001D  c_w.l(libinit2.o)
    0x0800025c   0x0800025c   0x00000000   Code   RO         3132    .ARM.Collect$$libinit$$0000001F  c_w.l(libinit2.o)
    0x0800025c   0x0800025c   0x00000000   Code   RO         3134    .ARM.Collect$$libinit$$00000021  c_w.l(libinit2.o)
    0x0800025c   0x0800025c   0x00000000   Code   RO         3136    .ARM.Collect$$libinit$$00000023  c_w.l(libinit2.o)
    0x0800025c   0x0800025c   0x00000000   Code   RO         3138    .ARM.Collect$$libinit$$00000025  c_w.l(libinit2.o)
    0x0800025c   0x0800025c   0x00000000   Code   RO         3140    .ARM.Collect$$libinit$$00000027  c_w.l(libinit2.o)
    0x0800025c   0x0800025c   0x00000000   Code   RO         3144    .ARM.Collect$$libinit$$0000002E  c_w.l(libinit2.o)
    0x0800025c   0x0800025c   0x00000000   Code   RO         3146    .ARM.Collect$$libinit$$00000030  c_w.l(libinit2.o)
    0x0800025c   0x0800025c   0x00000000   Code   RO         3148    .ARM.Collect$$libinit$$00000032  c_w.l(libinit2.o)
    0x0800025c   0x0800025c   0x00000000   Code   RO         3150    .ARM.Collect$$libinit$$00000034  c_w.l(libinit2.o)
    0x0800025c   0x0800025c   0x00000002   Code   RO         3151    .ARM.Collect$$libinit$$00000035  c_w.l(libinit2.o)
    0x0800025e   0x0800025e   0x00000002   Code   RO         3280    .ARM.Collect$$libshutdown$$00000000  c_w.l(libshutdown.o)
    0x08000260   0x08000260   0x00000000   Code   RO         3153    .ARM.Collect$$libshutdown$$00000002  c_w.l(libshutdown2.o)
    0x08000260   0x08000260   0x00000000   Code   RO         3155    .ARM.Collect$$libshutdown$$00000004  c_w.l(libshutdown2.o)
    0x08000260   0x08000260   0x00000000   Code   RO         3158    .ARM.Collect$$libshutdown$$00000007  c_w.l(libshutdown2.o)
    0x08000260   0x08000260   0x00000000   Code   RO         3161    .ARM.Collect$$libshutdown$$0000000A  c_w.l(libshutdown2.o)
    0x08000260   0x08000260   0x00000000   Code   RO         3163    .ARM.Collect$$libshutdown$$0000000C  c_w.l(libshutdown2.o)
    0x08000260   0x08000260   0x00000000   Code   RO         3166    .ARM.Collect$$libshutdown$$0000000F  c_w.l(libshutdown2.o)
    0x08000260   0x08000260   0x00000002   Code   RO         3167    .ARM.Collect$$libshutdown$$00000010  c_w.l(libshutdown2.o)
    0x08000262   0x08000262   0x00000000   Code   RO         2927    .ARM.Collect$$rtentry$$00000000  c_w.l(__rtentry.o)
    0x08000262   0x08000262   0x00000000   Code   RO         2961    .ARM.Collect$$rtentry$$00000002  c_w.l(__rtentry2.o)
    0x08000262   0x08000262   0x00000006   Code   RO         2973    .ARM.Collect$$rtentry$$00000004  c_w.l(__rtentry4.o)
    0x08000268   0x08000268   0x00000000   Code   RO         2963    .ARM.Collect$$rtentry$$00000009  c_w.l(__rtentry2.o)
    0x08000268   0x08000268   0x00000004   Code   RO         2964    .ARM.Collect$$rtentry$$0000000A  c_w.l(__rtentry2.o)
    0x0800026c   0x0800026c   0x00000000   Code   RO         2966    .ARM.Collect$$rtentry$$0000000C  c_w.l(__rtentry2.o)
    0x0800026c   0x0800026c   0x00000008   Code   RO         2967    .ARM.Collect$$rtentry$$0000000D  c_w.l(__rtentry2.o)
    0x08000274   0x08000274   0x00000002   Code   RO         3174    .ARM.Collect$$rtexit$$00000000  c_w.l(rtexit.o)
    0x08000276   0x08000276   0x00000000   Code   RO         3232    .ARM.Collect$$rtexit$$00000002  c_w.l(rtexit2.o)
    0x08000276   0x08000276   0x00000004   Code   RO         3233    .ARM.Collect$$rtexit$$00000003  c_w.l(rtexit2.o)
    0x0800027a   0x0800027a   0x00000006   Code   RO         3234    .ARM.Collect$$rtexit$$00000004  c_w.l(rtexit2.o)
    0x08000280   0x08000280   0x00000040   Code   RO            4    .text               startup_stm32f427xx.o
    0x080002c0   0x080002c0   0x000000f0   Code   RO         2846    .text               c_w.l(lludivv7m.o)
    0x080003b0   0x080003b0   0x0000004e   Code   RO         2854    .text               c_w.l(_printf_pad.o)
    0x080003fe   0x080003fe   0x00000002   PAD
    0x08000400   0x08000400   0x00000058   Code   RO         2859    .text               c_w.l(_printf_hex_int.o)
    0x08000458   0x08000458   0x0000003e   Code   RO         2901    .text               c_w.l(strlen.o)
    0x08000496   0x08000496   0x0000008a   Code   RO         2903    .text               c_w.l(rt_memcpy_v6.o)
    0x08000520   0x08000520   0x00000010   Code   RO         2907    .text               c_w.l(aeabi_memset4.o)
    0x08000530   0x08000530   0x0000004e   Code   RO         2911    .text               c_w.l(rt_memclr_w.o)
    0x0800057e   0x0800057e   0x00000006   Code   RO         2913    .text               c_w.l(heapauxi.o)
    0x08000584   0x08000584   0x000000b2   Code   RO         2932    .text               c_w.l(_printf_intcommon.o)
    0x08000636   0x08000636   0x00000064   Code   RO         2949    .text               c_w.l(rt_memcpy_w.o)
    0x0800069a   0x0800069a   0x0000004a   Code   RO         3000    .text               c_w.l(sys_stackheap_outer.o)
    0x080006e4   0x080006e4   0x00000012   Code   RO         3087    .text               c_w.l(exit.o)
    0x080006f6   0x080006f6   0x00000002   PAD
    0x080006f8   0x080006f8   0x00000008   Code   RO         3168    .text               c_w.l(libspace.o)
    0x08000700   0x08000700   0x00000002   Code   RO         3171    .text               c_w.l(use_no_semi.o)
    0x08000702   0x08000702   0x00000000   Code   RO         3173    .text               c_w.l(indicate_semi.o)
    0x08000702   0x08000702   0x00000002   PAD
    0x08000704   0x08000704   0x0000000c   Code   RO         3225    .text               c_w.l(sys_exit.o)
    0x08000710   0x08000710   0x00000010   Code   RO           39    .text.Arm_Ctrl_Task  freertos.o
    0x08000720   0x08000720   0x000000aa   Code   RO         2246    .text.Arm_Lift_Ctrl  lift_moto_ctrl.o
    0x080007ca   0x080007ca   0x00000002   PAD
    0x080007cc   0x080007cc   0x0000037c   Code   RO         2329    .text.Before_Exchange_Above_Silver_Loop  modes.o
    0x08000b48   0x08000b48   0x00000330   Code   RO         2331    .text.Before_Exchange_Below_Silver_Loop  modes.o
    0x08000e78   0x08000e78   0x00000002   Code   RO          162    .text.BusFault_Handler  stm32f4xx_it.o
    0x08000e7a   0x08000e7a   0x00000002   PAD
    0x08000e7c   0x08000e7c   0x0000000c   Code   RO          178    .text.CAN1_RX0_IRQHandler  stm32f4xx_it.o
    0x08000e88   0x08000e88   0x0000000c   Code   RO          180    .text.CAN1_RX1_IRQHandler  stm32f4xx_it.o
    0x08000e94   0x08000e94   0x0000000c   Code   RO          194    .text.CAN2_RX0_IRQHandler  stm32f4xx_it.o
    0x08000ea0   0x08000ea0   0x0000000c   Code   RO          196    .text.CAN2_RX1_IRQHandler  stm32f4xx_it.o
    0x08000eac   0x08000eac   0x00000004   Code   RO         2614    .text.CDC_Control_FS  usbd_cdc_if.o
    0x08000eb0   0x08000eb0   0x00000004   Code   RO         2612    .text.CDC_DeInit_FS  usbd_cdc_if.o
    0x08000eb4   0x08000eb4   0x0000002c   Code   RO         2610    .text.CDC_Init_FS   usbd_cdc_if.o
    0x08000ee0   0x08000ee0   0x00000036   Code   RO         2616    .text.CDC_Receive_FS  usbd_cdc_if.o
    0x08000f16   0x08000f16   0x00000002   PAD
    0x08000f18   0x08000f18   0x00000004   Code   RO         2618    .text.CDC_TransmitCplt_FS  usbd_cdc_if.o
    0x08000f1c   0x08000f1c   0x00000036   Code   RO         2620    .text.CDC_Transmit_FS  usbd_cdc_if.o
    0x08000f52   0x08000f52   0x00000002   PAD
    0x08000f54   0x08000f54   0x000000aa   Code   RO         2254    .text.Camera_Lift_Ctrl  lift_moto_ctrl.o
    0x08000ffe   0x08000ffe   0x00000002   PAD
    0x08001000   0x08001000   0x000000ce   Code   RO         2272    .text.Custom_Robot_Ctrl  arm_whole_ctrl.o
    0x080010ce   0x080010ce   0x00000002   PAD
    0x080010d0   0x080010d0   0x0000013e   Code   RO         2187    .text.DBUS_decode   rcdriver.o
    0x0800120e   0x0800120e   0x00000002   PAD
    0x08001210   0x08001210   0x0000000c   Code   RO          170    .text.DMA1_Stream0_IRQHandler  stm32f4xx_it.o
    0x0800121c   0x0800121c   0x0000000c   Code   RO          172    .text.DMA1_Stream1_IRQHandler  stm32f4xx_it.o
    0x08001228   0x08001228   0x0000000c   Code   RO          174    .text.DMA1_Stream3_IRQHandler  stm32f4xx_it.o
    0x08001234   0x08001234   0x0000000c   Code   RO          176    .text.DMA1_Stream6_IRQHandler  stm32f4xx_it.o
    0x08001240   0x08001240   0x0000000c   Code   RO          190    .text.DMA2_Stream1_IRQHandler  stm32f4xx_it.o
    0x0800124c   0x0800124c   0x0000000c   Code   RO          192    .text.DMA2_Stream2_IRQHandler  stm32f4xx_it.o
    0x08001258   0x08001258   0x0000000c   Code   RO          200    .text.DMA2_Stream6_IRQHandler  stm32f4xx_it.o
    0x08001264   0x08001264   0x00000002   Code   RO          166    .text.DebugMon_Handler  stm32f4xx_it.o
    0x08001266   0x08001266   0x00000002   PAD
    0x08001268   0x08001268   0x00000006   Code   RO          168    .text.EXTI0_IRQHandler  stm32f4xx_it.o
    0x0800126e   0x0800126e   0x00000002   PAD
    0x08001270   0x08001270   0x00000008   Code   RO          186    .text.EXTI15_10_IRQHandler  stm32f4xx_it.o
    0x08001278   0x08001278   0x00000006   Code   RO           15    .text.Error_Handler  main.o
    0x0800127e   0x0800127e   0x00000002   PAD
    0x08001280   0x08001280   0x000001ec   Code   RO         2319    .text.Fetch_Gold_To_Storage_Loop  modes.o
    0x0800146c   0x0800146c   0x0000020e   Code   RO         2311    .text.Fetch_Silver_To_Storage_Loop  modes.o
    0x0800167a   0x0800167a   0x00000002   PAD
    0x0800167c   0x0800167c   0x00000058   Code   RO         1958    .text.GetDt         time.o
    0x080016d4   0x080016d4   0x0000002e   Code   RO         1197    .text.HAL_CAN_ActivateNotification  stm32f4xx_hal_can.o
    0x08001702   0x08001702   0x00000002   PAD
    0x08001704   0x08001704   0x000000a4   Code   RO         1183    .text.HAL_CAN_AddTxMessage  stm32f4xx_hal_can.o
    0x080017a8   0x080017a8   0x000000de   Code   RO         1173    .text.HAL_CAN_ConfigFilter  stm32f4xx_hal_can.o
    0x08001886   0x08001886   0x00000002   PAD
    0x08001888   0x08001888   0x00000002   Code   RO         1227    .text.HAL_CAN_ErrorCallback  stm32f4xx_hal_can.o
    0x0800188a   0x0800188a   0x00000002   PAD
    0x0800188c   0x0800188c   0x0000012e   Code   RO         1193    .text.HAL_CAN_GetRxMessage  stm32f4xx_hal_can.o
    0x080019ba   0x080019ba   0x00000002   PAD
    0x080019bc   0x080019bc   0x0000025e   Code   RO         1201    .text.HAL_CAN_IRQHandler  stm32f4xx_hal_can.o
    0x08001c1a   0x08001c1a   0x00000002   PAD
    0x08001c1c   0x08001c1c   0x000000f4   Code   RO         1163    .text.HAL_CAN_Init  stm32f4xx_hal_can.o
    0x08001d10   0x08001d10   0x00000136   Code   RO           77    .text.HAL_CAN_MspInit  can.o
    0x08001e46   0x08001e46   0x00000002   PAD
    0x08001e48   0x08001e48   0x00000002   Code   RO         1215    .text.HAL_CAN_RxFifo0FullCallback  stm32f4xx_hal_can.o
    0x08001e4a   0x08001e4a   0x00000002   PAD
    0x08001e4c   0x08001e4c   0x0000000e   Code   RO         1990    .text.HAL_CAN_RxFifo0MsgPendingCallback  bsp_can.o
    0x08001e5a   0x08001e5a   0x00000002   PAD
    0x08001e5c   0x08001e5c   0x00000002   Code   RO         1219    .text.HAL_CAN_RxFifo1FullCallback  stm32f4xx_hal_can.o
    0x08001e5e   0x08001e5e   0x00000002   PAD
    0x08001e60   0x08001e60   0x0000000e   Code   RO         1992    .text.HAL_CAN_RxFifo1MsgPendingCallback  bsp_can.o
    0x08001e6e   0x08001e6e   0x00000002   PAD
    0x08001e70   0x08001e70   0x00000002   Code   RO         1223    .text.HAL_CAN_SleepCallback  stm32f4xx_hal_can.o
    0x08001e72   0x08001e72   0x00000002   PAD
    0x08001e74   0x08001e74   0x0000005a   Code   RO         1175    .text.HAL_CAN_Start  stm32f4xx_hal_can.o
    0x08001ece   0x08001ece   0x00000002   PAD
    0x08001ed0   0x08001ed0   0x00000002   Code   RO         1205    .text.HAL_CAN_TxMailbox0AbortCallback  stm32f4xx_hal_can.o
    0x08001ed2   0x08001ed2   0x00000002   PAD
    0x08001ed4   0x08001ed4   0x00000002   Code   RO         1203    .text.HAL_CAN_TxMailbox0CompleteCallback  stm32f4xx_hal_can.o
    0x08001ed6   0x08001ed6   0x00000002   PAD
    0x08001ed8   0x08001ed8   0x00000002   Code   RO         1209    .text.HAL_CAN_TxMailbox1AbortCallback  stm32f4xx_hal_can.o
    0x08001eda   0x08001eda   0x00000002   PAD
    0x08001edc   0x08001edc   0x00000002   Code   RO         1207    .text.HAL_CAN_TxMailbox1CompleteCallback  stm32f4xx_hal_can.o
    0x08001ede   0x08001ede   0x00000002   PAD
    0x08001ee0   0x08001ee0   0x00000002   Code   RO         1213    .text.HAL_CAN_TxMailbox2AbortCallback  stm32f4xx_hal_can.o
    0x08001ee2   0x08001ee2   0x00000002   PAD
    0x08001ee4   0x08001ee4   0x00000002   Code   RO         1211    .text.HAL_CAN_TxMailbox2CompleteCallback  stm32f4xx_hal_can.o
    0x08001ee6   0x08001ee6   0x00000002   PAD
    0x08001ee8   0x08001ee8   0x00000002   Code   RO         1225    .text.HAL_CAN_WakeUpFromRxMsgCallback  stm32f4xx_hal_can.o
    0x08001eea   0x08001eea   0x00000002   PAD
    0x08001eec   0x08001eec   0x0000008e   Code   RO          924    .text.HAL_DMA_Abort  stm32f4xx_hal_dma.o
    0x08001f7a   0x08001f7a   0x00000002   PAD
    0x08001f7c   0x08001f7c   0x00000024   Code   RO          926    .text.HAL_DMA_Abort_IT  stm32f4xx_hal_dma.o
    0x08001fa0   0x08001fa0   0x000001c4   Code   RO          930    .text.HAL_DMA_IRQHandler  stm32f4xx_hal_dma.o
    0x08002164   0x08002164   0x00000162   Code   RO          916    .text.HAL_DMA_Init  stm32f4xx_hal_dma.o
    0x080022c6   0x080022c6   0x00000002   PAD
    0x080022c8   0x080022c8   0x00000072   Code   RO          920    .text.HAL_DMA_Start  stm32f4xx_hal_dma.o
    0x0800233a   0x0800233a   0x00000002   PAD
    0x0800233c   0x0800233c   0x000000a2   Code   RO          922    .text.HAL_DMA_Start_IT  stm32f4xx_hal_dma.o
    0x080023de   0x080023de   0x00000002   PAD
    0x080023e0   0x080023e0   0x00000028   Code   RO         1089    .text.HAL_Delay     stm32f4xx_hal.o
    0x08002408   0x08002408   0x00000092   Code   RO         2004    .text.HAL_GPIO_EXTI_Callback  wd.o
    0x0800249a   0x0800249a   0x00000002   PAD
    0x0800249c   0x0800249c   0x00000016   Code   RO          890    .text.HAL_GPIO_EXTI_IRQHandler  stm32f4xx_hal_gpio.o
    0x080024b2   0x080024b2   0x00000002   PAD
    0x080024b4   0x080024b4   0x0000019e   Code   RO          878    .text.HAL_GPIO_Init  stm32f4xx_hal_gpio.o
    0x08002652   0x08002652   0x00000002   PAD
    0x08002654   0x08002654   0x0000000a   Code   RO          882    .text.HAL_GPIO_ReadPin  stm32f4xx_hal_gpio.o
    0x0800265e   0x0800265e   0x00000002   PAD
    0x08002660   0x08002660   0x0000000a   Code   RO          884    .text.HAL_GPIO_WritePin  stm32f4xx_hal_gpio.o
    0x0800266a   0x0800266a   0x00000002   PAD
    0x0800266c   0x0800266c   0x0000000c   Code   RO         1081    .text.HAL_GetTick   stm32f4xx_hal.o
    0x08002678   0x08002678   0x0000001a   Code   RO         1079    .text.HAL_IncTick   stm32f4xx_hal.o
    0x08002692   0x08002692   0x00000002   PAD
    0x08002694   0x08002694   0x00000036   Code   RO         1069    .text.HAL_Init      stm32f4xx_hal.o
    0x080026ca   0x080026ca   0x00000002   PAD
    0x080026cc   0x080026cc   0x000000b2   Code   RO          222    .text.HAL_InitTick  stm32f4xx_hal_timebase_tim.o
    0x0800277e   0x0800277e   0x00000002   PAD
    0x08002780   0x08002780   0x00000042   Code   RO          213    .text.HAL_MspInit   stm32f4xx_hal_msp.o
    0x080027c2   0x080027c2   0x00000002   PAD
    0x080027c4   0x080027c4   0x00000022   Code   RO         1021    .text.HAL_NVIC_EnableIRQ  stm32f4xx_hal_cortex.o
    0x080027e6   0x080027e6   0x00000002   PAD
    0x080027e8   0x080027e8   0x00000056   Code   RO         1019    .text.HAL_NVIC_SetPriority  stm32f4xx_hal_cortex.o
    0x0800283e   0x0800283e   0x00000002   PAD
    0x08002840   0x08002840   0x00000020   Code   RO         1017    .text.HAL_NVIC_SetPriorityGrouping  stm32f4xx_hal_cortex.o
    0x08002860   0x08002860   0x00000002   Code   RO          638    .text.HAL_PCDEx_LPM_Callback  stm32f4xx_hal_pcd_ex.o
    0x08002862   0x08002862   0x00000002   PAD
    0x08002864   0x08002864   0x00000008   Code   RO          636    .text.HAL_PCDEx_SetRxFiFo  stm32f4xx_hal_pcd_ex.o
    0x0800286c   0x0800286c   0x000000ce   Code   RO          634    .text.HAL_PCDEx_SetTxFiFo  stm32f4xx_hal_pcd_ex.o
    0x0800293a   0x0800293a   0x00000002   PAD
    0x0800293c   0x0800293c   0x00000008   Code   RO         2655    .text.HAL_PCD_ConnectCallback  usbd_conf.o
    0x08002944   0x08002944   0x00000014   Code   RO         2641    .text.HAL_PCD_DataInStageCallback  usbd_conf.o
    0x08002958   0x08002958   0x00000016   Code   RO         2639    .text.HAL_PCD_DataOutStageCallback  usbd_conf.o
    0x0800296e   0x0800296e   0x00000002   PAD
    0x08002970   0x08002970   0x00000008   Code   RO         2657    .text.HAL_PCD_DisconnectCallback  usbd_conf.o
    0x08002978   0x08002978   0x00000050   Code   RO          604    .text.HAL_PCD_EP_Close  stm32f4xx_hal_pcd.o
    0x080029c8   0x080029c8   0x0000005e   Code   RO          614    .text.HAL_PCD_EP_ClrStall  stm32f4xx_hal_pcd.o
    0x08002a26   0x08002a26   0x00000002   PAD
    0x08002a28   0x08002a28   0x00000012   Code   RO          608    .text.HAL_PCD_EP_GetRxCount  stm32f4xx_hal_pcd.o
    0x08002a3a   0x08002a3a   0x00000002   PAD
    0x08002a3c   0x08002a3c   0x00000074   Code   RO          602    .text.HAL_PCD_EP_Open  stm32f4xx_hal_pcd.o
    0x08002ab0   0x08002ab0   0x00000042   Code   RO          606    .text.HAL_PCD_EP_Receive  stm32f4xx_hal_pcd.o
    0x08002af2   0x08002af2   0x00000002   PAD
    0x08002af4   0x08002af4   0x0000006e   Code   RO          612    .text.HAL_PCD_EP_SetStall  stm32f4xx_hal_pcd.o
    0x08002b62   0x08002b62   0x00000002   PAD
    0x08002b64   0x08002b64   0x0000003a   Code   RO          610    .text.HAL_PCD_EP_Transmit  stm32f4xx_hal_pcd.o
    0x08002b9e   0x08002b9e   0x00000002   PAD
    0x08002ba0   0x08002ba0   0x00000906   Code   RO          568    .text.HAL_PCD_IRQHandler  stm32f4xx_hal_pcd.o
    0x080034a6   0x080034a6   0x00000002   PAD
    0x080034a8   0x080034a8   0x00000008   Code   RO         2653    .text.HAL_PCD_ISOINIncompleteCallback  usbd_conf.o
    0x080034b0   0x080034b0   0x00000008   Code   RO         2651    .text.HAL_PCD_ISOOUTIncompleteCallback  usbd_conf.o
    0x080034b8   0x080034b8   0x0000026e   Code   RO          556    .text.HAL_PCD_Init  stm32f4xx_hal_pcd.o
    0x08003726   0x08003726   0x00000002   PAD
    0x08003728   0x08003728   0x00000088   Code   RO         2633    .text.HAL_PCD_MspInit  usbd_conf.o
    0x080037b0   0x080037b0   0x0000002a   Code   RO         2645    .text.HAL_PCD_ResetCallback  usbd_conf.o
    0x080037da   0x080037da   0x00000002   PAD
    0x080037dc   0x080037dc   0x00000008   Code   RO         2649    .text.HAL_PCD_ResumeCallback  usbd_conf.o
    0x080037e4   0x080037e4   0x00000008   Code   RO         2643    .text.HAL_PCD_SOFCallback  usbd_conf.o
    0x080037ec   0x080037ec   0x00000028   Code   RO          600    .text.HAL_PCD_SetAddress  stm32f4xx_hal_pcd.o
    0x08003814   0x08003814   0x0000000e   Code   RO         2637    .text.HAL_PCD_SetupStageCallback  usbd_conf.o
    0x08003822   0x08003822   0x00000002   PAD
    0x08003824   0x08003824   0x0000003e   Code   RO          564    .text.HAL_PCD_Start  stm32f4xx_hal_pcd.o
    0x08003862   0x08003862   0x00000002   PAD
    0x08003864   0x08003864   0x00000034   Code   RO         2647    .text.HAL_PCD_SuspendCallback  usbd_conf.o
    0x08003898   0x08003898   0x00000164   Code   RO          758    .text.HAL_RCC_ClockConfig  stm32f4xx_hal_rcc.o
    0x080039fc   0x080039fc   0x0000003e   Code   RO          776    .text.HAL_RCC_GetClockConfig  stm32f4xx_hal_rcc.o
    0x08003a3a   0x08003a3a   0x00000002   PAD
    0x08003a3c   0x08003a3c   0x0000000c   Code   RO          768    .text.HAL_RCC_GetHCLKFreq  stm32f4xx_hal_rcc.o
    0x08003a48   0x08003a48   0x00000026   Code   RO          770    .text.HAL_RCC_GetPCLK1Freq  stm32f4xx_hal_rcc.o
    0x08003a6e   0x08003a6e   0x00000002   PAD
    0x08003a70   0x08003a70   0x00000026   Code   RO          772    .text.HAL_RCC_GetPCLK2Freq  stm32f4xx_hal_rcc.o
    0x08003a96   0x08003a96   0x00000002   PAD
    0x08003a98   0x08003a98   0x0000006e   Code   RO          760    .text.HAL_RCC_GetSysClockFreq  stm32f4xx_hal_rcc.o
    0x08003b06   0x08003b06   0x00000002   PAD
    0x08003b08   0x08003b08   0x000003ac   Code   RO          756    .text.HAL_RCC_OscConfig  stm32f4xx_hal_rcc.o
    0x08003eb4   0x08003eb4   0x00000002   Code   RO          542    .text.HAL_TIMEx_BreakCallback  stm32f4xx_hal_tim_ex.o
    0x08003eb6   0x08003eb6   0x00000002   PAD
    0x08003eb8   0x08003eb8   0x00000002   Code   RO          538    .text.HAL_TIMEx_CommutCallback  stm32f4xx_hal_tim_ex.o
    0x08003eba   0x08003eba   0x00000002   PAD
    0x08003ebc   0x08003ebc   0x000000ba   Code   RO          532    .text.HAL_TIMEx_MasterConfigSynchronization  stm32f4xx_hal_tim_ex.o
    0x08003f76   0x08003f76   0x00000002   PAD
    0x08003f78   0x08003f78   0x0000005a   Code   RO          237    .text.HAL_TIM_Base_Init  stm32f4xx_hal_tim.o
    0x08003fd2   0x08003fd2   0x00000002   PAD
    0x08003fd4   0x08003fd4   0x0000002e   Code   RO          107    .text.HAL_TIM_Base_MspInit  tim.o
    0x08004002   0x08004002   0x00000002   PAD
    0x08004004   0x08004004   0x000000aa   Code   RO          251    .text.HAL_TIM_Base_Start_IT  stm32f4xx_hal_tim.o
    0x080040ae   0x080040ae   0x00000002   PAD
    0x080040b0   0x080040b0   0x000001a0   Code   RO          417    .text.HAL_TIM_ConfigClockSource  stm32f4xx_hal_tim.o
    0x08004250   0x08004250   0x00000002   Code   RO          373    .text.HAL_TIM_IC_CaptureCallback  stm32f4xx_hal_tim.o
    0x08004252   0x08004252   0x00000002   PAD
    0x08004254   0x08004254   0x0000014e   Code   RO          371    .text.HAL_TIM_IRQHandler  stm32f4xx_hal_tim.o
    0x080043a2   0x080043a2   0x00000002   PAD
    0x080043a4   0x080043a4   0x00000002   Code   RO          375    .text.HAL_TIM_OC_DelayElapsedCallback  stm32f4xx_hal_tim.o
    0x080043a6   0x080043a6   0x00000002   PAD
    0x080043a8   0x080043a8   0x00000220   Code   RO          391    .text.HAL_TIM_PWM_ConfigChannel  stm32f4xx_hal_tim.o
    0x080045c8   0x080045c8   0x0000005a   Code   RO          291    .text.HAL_TIM_PWM_Init  stm32f4xx_hal_tim.o
    0x08004622   0x08004622   0x00000002   PAD
    0x08004624   0x08004624   0x00000034   Code   RO          109    .text.HAL_TIM_PWM_MspInit  tim.o
    0x08004658   0x08004658   0x00000002   Code   RO          377    .text.HAL_TIM_PWM_PulseFinishedCallback  stm32f4xx_hal_tim.o
    0x0800465a   0x0800465a   0x00000002   PAD
    0x0800465c   0x0800465c   0x0000010e   Code   RO          299    .text.HAL_TIM_PWM_Start  stm32f4xx_hal_tim.o
    0x0800476a   0x0800476a   0x00000002   PAD
    0x0800476c   0x0800476c   0x00000014   Code   RO           17    .text.HAL_TIM_PeriodElapsedCallback  main.o
    0x08004780   0x08004780   0x00000002   Code   RO          381    .text.HAL_TIM_TriggerCallback  stm32f4xx_hal_tim.o
    0x08004782   0x08004782   0x00000002   PAD
    0x08004784   0x08004784   0x00000002   Code   RO         1329    .text.HAL_UARTEx_RxEventCallback  stm32f4xx_hal_uart.o
    0x08004786   0x08004786   0x00000002   PAD
    0x08004788   0x08004788   0x00000002   Code   RO         1327    .text.HAL_UART_ErrorCallback  stm32f4xx_hal_uart.o
    0x0800478a   0x0800478a   0x00000002   PAD
    0x0800478c   0x0800478c   0x00000570   Code   RO         1321    .text.HAL_UART_IRQHandler  stm32f4xx_hal_uart.o
    0x08004cfc   0x08004cfc   0x00000060   Code   RO         1243    .text.HAL_UART_Init  stm32f4xx_hal_uart.o
    0x08004d5c   0x08004d5c   0x000003b8   Code   RO          133    .text.HAL_UART_MspInit  usart.o
    0x08005114   0x08005114   0x00000002   Code   RO         1335    .text.HAL_UART_RxCpltCallback  stm32f4xx_hal_uart.o
    0x08005116   0x08005116   0x00000002   PAD
    0x08005118   0x08005118   0x000000bc   Code   RO         1269    .text.HAL_UART_Transmit_DMA  stm32f4xx_hal_uart.o
    0x080051d4   0x080051d4   0x00000002   Code   RO         1331    .text.HAL_UART_TxCpltCallback  stm32f4xx_hal_uart.o
    0x080051d6   0x080051d6   0x00000002   PAD
    0x080051d8   0x080051d8   0x00000002   Code   RO         1333    .text.HAL_UART_TxHalfCpltCallback  stm32f4xx_hal_uart.o
    0x080051da   0x080051da   0x00000002   PAD
    0x080051dc   0x080051dc   0x00000002   Code   RO          158    .text.HardFault_Handler  stm32f4xx_it.o
    0x080051de   0x080051de   0x00000002   PAD
    0x080051e0   0x080051e0   0x00000032   Code   RO         2021    .text.Key_Check_Hold  key.o
    0x08005212   0x08005212   0x00000002   PAD
    0x08005214   0x08005214   0x0000005a   Code   RO         2017    .text.Key_Init      key.o
    0x0800526e   0x0800526e   0x00000002   PAD
    0x08005270   0x08005270   0x00000072   Code   RO         2353    .text.LiftTask      eng_task.o
    0x080052e2   0x080052e2   0x00000002   PAD
    0x080052e4   0x080052e4   0x00000040   Code   RO           73    .text.MX_CAN1_Init  can.o
    0x08005324   0x08005324   0x00000040   Code   RO           75    .text.MX_CAN2_Init  can.o
    0x08005364   0x08005364   0x000000ac   Code   RO           92    .text.MX_DMA_Init   dma.o
    0x08005410   0x08005410   0x000000cc   Code   RO           37    .text.MX_FREERTOS_Init  freertos.o
    0x080054dc   0x080054dc   0x00000126   Code   RO           28    .text.MX_GPIO_Init  gpio.o
    0x08005602   0x08005602   0x00000002   PAD
    0x08005604   0x08005604   0x00000072   Code   RO          101    .text.MX_TIM2_Init  tim.o
    0x08005676   0x08005676   0x00000002   PAD
    0x08005678   0x08005678   0x000000e6   Code   RO          103    .text.MX_TIM4_Init  tim.o
    0x0800575e   0x0800575e   0x00000002   PAD
    0x08005760   0x08005760   0x0000003c   Code   RO          125    .text.MX_UART8_Init  usart.o
    0x0800579c   0x0800579c   0x00000046   Code   RO          127    .text.MX_USART1_UART_Init  usart.o
    0x080057e2   0x080057e2   0x00000002   PAD
    0x080057e4   0x080057e4   0x0000003c   Code   RO          129    .text.MX_USART3_UART_Init  usart.o
    0x08005820   0x08005820   0x0000003c   Code   RO          131    .text.MX_USART6_UART_Init  usart.o
    0x0800585c   0x0800585c   0x00000072   Code   RO         2574    .text.MX_USB_DEVICE_Init  usb_device.o
    0x080058ce   0x080058ce   0x00000002   PAD
    0x080058d0   0x080058d0   0x00000002   Code   RO          160    .text.MemManage_Handler  stm32f4xx_it.o
    0x080058d2   0x080058d2   0x00000002   PAD
    0x080058d4   0x080058d4   0x00001b0a   Code   RO         2307    .text.ModeTask      modes.o
    0x080073de   0x080073de   0x00000002   PAD
    0x080073e0   0x080073e0   0x0000001a   Code   RO         2200    .text.MotoStateInit  moto.o
    0x080073fa   0x080073fa   0x00000002   PAD
    0x080073fc   0x080073fc   0x000002cc   Code   RO         2220    .text.MotoTask      chassis.o
    0x080076c8   0x080076c8   0x00000002   Code   RO          156    .text.NMI_Handler   stm32f4xx_it.o
    0x080076ca   0x080076ca   0x00000002   PAD
    0x080076cc   0x080076cc   0x00000118   Code   RO         2096    .text.Nuc_data_unpacked  robot_message.o
    0x080077e4   0x080077e4   0x0000000c   Code   RO          198    .text.OTG_FS_IRQHandler  stm32f4xx_it.o
    0x080077f0   0x080077f0   0x00000030   Code   RO         2179    .text.PWM_Start     pwm.o
    0x08007820   0x08007820   0x00000064   Code   RO         1932    .text.PendSV_Handler  port.o
    0x08007884   0x08007884   0x00000068   Code   RO         2189    .text.Rc_IRQ        rcdriver.o
    0x080078ec   0x080078ec   0x0000000e   Code   RO         2274    .text.Robot_Custom_Ctrl  arm_whole_ctrl.o
    0x080078fa   0x080078fa   0x00000002   PAD
    0x080078fc   0x080078fc   0x00000086   Code   RO         2160    .text.Robot_Custom_Data_Transmit  bsp_uart.o
    0x08007982   0x08007982   0x00000002   PAD
    0x08007984   0x08007984   0x00000020   Code   RO         2162    .text.Robot_Custom_Data_Transmit_Init  bsp_uart.o
    0x080079a4   0x080079a4   0x0000000c   PAD
    0x080079b0   0x080079b0   0x00000024   Code   RO         1916    .text.SVC_Handler   port.o
    0x080079d4   0x080079d4   0x000003be   Code   RO         2204    .text.SaveMotoMsg   moto.o
    0x08007d92   0x08007d92   0x00000002   PAD
    0x08007d94   0x08007d94   0x0000028a   Code   RO         2138    .text.SelfCheck_mode  selfcheck_task.o
    0x0800801e   0x0800801e   0x00000002   PAD
    0x08008020   0x08008020   0x0000005c   Code   RO         2202    .text.SetMotoCurrent  moto.o
    0x0800807c   0x0800807c   0x0000001e   Code   RO         1727    .text.SysTick_Handler  cmsis_os2.o
    0x0800809a   0x0800809a   0x00000002   PAD
    0x0800809c   0x0800809c   0x000000ac   Code   RO           13    .text.SystemClock_Config  main.o
    0x08008148   0x08008148   0x00000012   Code   RO         1365    .text.SystemInit    system_stm32f4xx.o
    0x0800815a   0x0800815a   0x00000002   PAD
    0x0800815c   0x0800815c   0x0000000c   Code   RO          188    .text.TIM7_IRQHandler  stm32f4xx_it.o
    0x08008168   0x08008168   0x00000144   Code   RO          241    .text.TIM_Base_SetConfig  stm32f4xx_hal_tim.o
    0x080082ac   0x080082ac   0x00000038   Code   RO         2349    .text.TransmitTask  eng_task.o
    0x080082e4   0x080082e4   0x00000082   Code   RO          204    .text.UART8_IRQHandler  stm32f4xx_it.o
    0x08008366   0x08008366   0x00000002   PAD
    0x08008368   0x08008368   0x0000000c   Code   RO         1325    .text.UART_DMAAbortOnError  stm32f4xx_hal_uart.o
    0x08008374   0x08008374   0x0000017c   Code   RO         1275    .text.UART_DMAError  stm32f4xx_hal_uart.o
    0x080084f0   0x080084f0   0x000000b0   Code   RO         1271    .text.UART_DMATransmitCplt  stm32f4xx_hal_uart.o
    0x080085a0   0x080085a0   0x00000006   Code   RO         1273    .text.UART_DMATxHalfCplt  stm32f4xx_hal_uart.o
    0x080085a6   0x080085a6   0x00000002   PAD
    0x080085a8   0x080085a8   0x000000fe   Code   RO         1323    .text.UART_Receive_IT  stm32f4xx_hal_uart.o
    0x080086a6   0x080086a6   0x00000002   PAD
    0x080086a8   0x080086a8   0x000000e6   Code   RO         1247    .text.UART_SetConfig  stm32f4xx_hal_uart.o
    0x0800878e   0x0800878e   0x00000002   PAD
    0x08008790   0x08008790   0x00000022   Code   RO          182    .text.USART1_IRQHandler  stm32f4xx_it.o
    0x080087b2   0x080087b2   0x00000002   PAD
    0x080087b4   0x080087b4   0x00000082   Code   RO          184    .text.USART3_IRQHandler  stm32f4xx_it.o
    0x08008836   0x08008836   0x00000002   PAD
    0x08008838   0x08008838   0x00000072   Code   RO          202    .text.USART6_IRQHandler  stm32f4xx_it.o
    0x080088aa   0x080088aa   0x00000002   PAD
    0x080088ac   0x080088ac   0x00000078   Code   RO         2812    .text.USBD_CDC_DataIn  usbd_cdc.o
    0x08008924   0x08008924   0x0000003c   Code   RO         2814    .text.USBD_CDC_DataOut  usbd_cdc.o
    0x08008960   0x08008960   0x0000005a   Code   RO         2806    .text.USBD_CDC_DeInit  usbd_cdc.o
    0x080089ba   0x080089ba   0x00000002   PAD
    0x080089bc   0x080089bc   0x00000038   Code   RO         2810    .text.USBD_CDC_EP0_RxReady  usbd_cdc.o
    0x080089f4   0x080089f4   0x00000010   Code   RO         2822    .text.USBD_CDC_GetDeviceQualifierDescriptor  usbd_cdc.o
    0x08008a04   0x08008a04   0x00000052   Code   RO         2818    .text.USBD_CDC_GetFSCfgDesc  usbd_cdc.o
    0x08008a56   0x08008a56   0x00000002   PAD
    0x08008a58   0x08008a58   0x00000056   Code   RO         2816    .text.USBD_CDC_GetHSCfgDesc  usbd_cdc.o
    0x08008aae   0x08008aae   0x00000002   PAD
    0x08008ab0   0x08008ab0   0x00000052   Code   RO         2820    .text.USBD_CDC_GetOtherSpeedCfgDesc  usbd_cdc.o
    0x08008b02   0x08008b02   0x00000002   PAD
    0x08008b04   0x08008b04   0x000000c8   Code   RO         2804    .text.USBD_CDC_Init  usbd_cdc.o
    0x08008bcc   0x08008bcc   0x00000034   Code   RO         2832    .text.USBD_CDC_ReceivePacket  usbd_cdc.o
    0x08008c00   0x08008c00   0x00000018   Code   RO         2824    .text.USBD_CDC_RegisterInterface  usbd_cdc.o
    0x08008c18   0x08008c18   0x0000001a   Code   RO         2828    .text.USBD_CDC_SetRxBuffer  usbd_cdc.o
    0x08008c32   0x08008c32   0x00000002   PAD
    0x08008c34   0x08008c34   0x0000001e   Code   RO         2826    .text.USBD_CDC_SetTxBuffer  usbd_cdc.o
    0x08008c52   0x08008c52   0x00000002   PAD
    0x08008c54   0x08008c54   0x000000e8   Code   RO         2808    .text.USBD_CDC_Setup  usbd_cdc.o
    0x08008d3c   0x08008d3c   0x00000044   Code   RO         2830    .text.USBD_CDC_TransmitPacket  usbd_cdc.o
    0x08008d80   0x08008d80   0x00000012   Code   RO         2719    .text.USBD_ClrClassConfig  usbd_core.o
    0x08008d92   0x08008d92   0x00000002   PAD
    0x08008d94   0x08008d94   0x00000004   Code   RO         2727    .text.USBD_CoreFindEP  usbd_core.o
    0x08008d98   0x08008d98   0x00000004   Code   RO         2725    .text.USBD_CoreFindIF  usbd_core.o
    0x08008d9c   0x08008d9c   0x00000010   Code   RO         2788    .text.USBD_CtlContinueRx  usbd_ioreq.o
    0x08008dac   0x08008dac   0x00000010   Code   RO         2784    .text.USBD_CtlContinueSendData  usbd_ioreq.o
    0x08008dbc   0x08008dbc   0x00000016   Code   RO         2763    .text.USBD_CtlError  usbd_ctlreq.o
    0x08008dd2   0x08008dd2   0x00000002   PAD
    0x08008dd4   0x08008dd4   0x0000001a   Code   RO         2786    .text.USBD_CtlPrepareRx  usbd_ioreq.o
    0x08008dee   0x08008dee   0x00000002   PAD
    0x08008df0   0x08008df0   0x00000016   Code   RO         2792    .text.USBD_CtlReceiveStatus  usbd_ioreq.o
    0x08008e06   0x08008e06   0x00000002   PAD
    0x08008e08   0x08008e08   0x0000001a   Code   RO         2782    .text.USBD_CtlSendData  usbd_ioreq.o
    0x08008e22   0x08008e22   0x00000002   PAD
    0x08008e24   0x08008e24   0x00000016   Code   RO         2790    .text.USBD_CtlSendStatus  usbd_ioreq.o
    0x08008e3a   0x08008e3a   0x00000002   PAD
    0x08008e3c   0x08008e3c   0x00000024   Code   RO         2593    .text.USBD_FS_ConfigStrDescriptor  usbd_desc.o
    0x08008e60   0x08008e60   0x0000000e   Code   RO         2583    .text.USBD_FS_DeviceDescriptor  usbd_desc.o
    0x08008e6e   0x08008e6e   0x00000002   PAD
    0x08008e70   0x08008e70   0x00000028   Code   RO         2595    .text.USBD_FS_InterfaceStrDescriptor  usbd_desc.o
    0x08008e98   0x08008e98   0x0000000e   Code   RO         2585    .text.USBD_FS_LangIDStrDescriptor  usbd_desc.o
    0x08008ea6   0x08008ea6   0x00000002   PAD
    0x08008ea8   0x08008ea8   0x0000001c   Code   RO         2587    .text.USBD_FS_ManufacturerStrDescriptor  usbd_desc.o
    0x08008ec4   0x08008ec4   0x00000020   Code   RO         2589    .text.USBD_FS_ProductStrDescriptor  usbd_desc.o
    0x08008ee4   0x08008ee4   0x00000170   Code   RO         2591    .text.USBD_FS_SerialStrDescriptor  usbd_desc.o
    0x08009054   0x08009054   0x00000084   Code   RO         2749    .text.USBD_GetEpDesc  usbd_core.o
    0x080090d8   0x080090d8   0x000000fe   Code   RO         2771    .text.USBD_GetString  usbd_ctlreq.o
    0x080091d6   0x080091d6   0x00000002   PAD
    0x080091d8   0x080091d8   0x0000002a   Code   RO         2705    .text.USBD_Init     usbd_core.o
    0x08009202   0x08009202   0x00000002   PAD
    0x08009204   0x08009204   0x00000022   Code   RO         2677    .text.USBD_LL_ClearStallEP  usbd_conf.o
    0x08009226   0x08009226   0x00000002   PAD
    0x08009228   0x08009228   0x00000022   Code   RO         2671    .text.USBD_LL_CloseEP  usbd_conf.o
    0x0800924a   0x0800924a   0x00000002   PAD
    0x0800924c   0x0800924c   0x000000b6   Code   RO         2729    .text.USBD_LL_DataInStage  usbd_core.o
    0x08009302   0x08009302   0x00000002   PAD
    0x08009304   0x08009304   0x00000070   Code   RO         2723    .text.USBD_LL_DataOutStage  usbd_core.o
    0x08009374   0x08009374   0x00000004   Code   RO         2745    .text.USBD_LL_DevConnected  usbd_core.o
    0x08009378   0x08009378   0x00000022   Code   RO         2747    .text.USBD_LL_DevDisconnected  usbd_core.o
    0x0800939a   0x0800939a   0x00000002   PAD
    0x0800939c   0x0800939c   0x00000008   Code   RO         2687    .text.USBD_LL_GetRxDataSize  usbd_conf.o
    0x080093a4   0x080093a4   0x0000006e   Code   RO         2659    .text.USBD_LL_Init  usbd_conf.o
    0x08009412   0x08009412   0x00000002   PAD
    0x08009414   0x08009414   0x0000002a   Code   RO         2679    .text.USBD_LL_IsStallEP  usbd_conf.o
    0x0800943e   0x0800943e   0x00000002   PAD
    0x08009440   0x08009440   0x0000002c   Code   RO         2741    .text.USBD_LL_IsoINIncomplete  usbd_core.o
    0x0800946c   0x0800946c   0x0000002c   Code   RO         2743    .text.USBD_LL_IsoOUTIncomplete  usbd_core.o
    0x08009498   0x08009498   0x00000028   Code   RO         2669    .text.USBD_LL_OpenEP  usbd_conf.o
    0x080094c0   0x080094c0   0x00000022   Code   RO         2685    .text.USBD_LL_PrepareReceive  usbd_conf.o
    0x080094e2   0x080094e2   0x00000002   PAD
    0x080094e4   0x080094e4   0x00000060   Code   RO         2731    .text.USBD_LL_Reset  usbd_core.o
    0x08009544   0x08009544   0x00000014   Code   RO         2737    .text.USBD_LL_Resume  usbd_core.o
    0x08009558   0x08009558   0x0000001e   Code   RO         2739    .text.USBD_LL_SOF   usbd_core.o
    0x08009576   0x08009576   0x00000002   PAD
    0x08009578   0x08009578   0x00000008   Code   RO         2733    .text.USBD_LL_SetSpeed  usbd_core.o
    0x08009580   0x08009580   0x00000022   Code   RO         2681    .text.USBD_LL_SetUSBAddress  usbd_conf.o
    0x080095a2   0x080095a2   0x00000002   PAD
    0x080095a4   0x080095a4   0x00000062   Code   RO         2721    .text.USBD_LL_SetupStage  usbd_core.o
    0x08009606   0x08009606   0x00000002   PAD
    0x08009608   0x08009608   0x00000022   Code   RO         2675    .text.USBD_LL_StallEP  usbd_conf.o
    0x0800962a   0x0800962a   0x00000002   PAD
    0x0800962c   0x0800962c   0x00000022   Code   RO         2665    .text.USBD_LL_Start  usbd_conf.o
    0x0800964e   0x0800964e   0x00000002   PAD
    0x08009650   0x08009650   0x0000001c   Code   RO         2735    .text.USBD_LL_Suspend  usbd_core.o
    0x0800966c   0x0800966c   0x00000022   Code   RO         2683    .text.USBD_LL_Transmit  usbd_conf.o
    0x0800968e   0x0800968e   0x00000002   PAD
    0x08009690   0x08009690   0x00000016   Code   RO         2769    .text.USBD_ParseSetupRequest  usbd_ctlreq.o
    0x080096a6   0x080096a6   0x00000002   PAD
    0x080096a8   0x080096a8   0x00000042   Code   RO         2709    .text.USBD_RegisterClass  usbd_core.o
    0x080096ea   0x080096ea   0x00000002   PAD
    0x080096ec   0x080096ec   0x00000010   Code   RO         2717    .text.USBD_SetClassConfig  usbd_core.o
    0x080096fc   0x080096fc   0x00000004   Code   RO         2711    .text.USBD_Start    usbd_core.o
    0x08009700   0x08009700   0x00000378   Code   RO         2761    .text.USBD_StdDevReq  usbd_ctlreq.o
    0x08009a78   0x08009a78   0x00000162   Code   RO         2767    .text.USBD_StdEPReq  usbd_ctlreq.o
    0x08009bda   0x08009bda   0x00000002   PAD
    0x08009bdc   0x08009bdc   0x00000070   Code   RO         2765    .text.USBD_StdItfReq  usbd_ctlreq.o
    0x08009c4c   0x08009c4c   0x00000002   Code   RO         2691    .text.USBD_static_free  usbd_conf.o
    0x08009c4e   0x08009c4e   0x00000002   PAD
    0x08009c50   0x08009c50   0x0000000a   Code   RO         2689    .text.USBD_static_malloc  usbd_conf.o
    0x08009c5a   0x08009c5a   0x00000002   PAD
    0x08009c5c   0x08009c5c   0x00000082   Code   RO          672    .text.USB_ActivateEndpoint  stm32f4xx_ll_usb.o
    0x08009cde   0x08009cde   0x00000002   PAD
    0x08009ce0   0x08009ce0   0x00000020   Code   RO          714    .text.USB_ActivateSetup  stm32f4xx_ll_usb.o
    0x08009d00   0x08009d00   0x00000212   Code   RO          650    .text.USB_CoreInit  stm32f4xx_ll_usb.o
    0x08009f12   0x08009f12   0x00000002   PAD
    0x08009f14   0x08009f14   0x00000082   Code   RO          676    .text.USB_DeactivateEndpoint  stm32f4xx_ll_usb.o
    0x08009f96   0x08009f96   0x00000002   PAD
    0x08009f98   0x08009f98   0x0000001e   Code   RO          696    .text.USB_DevConnect  stm32f4xx_ll_usb.o
    0x08009fb6   0x08009fb6   0x00000002   PAD
    0x08009fb8   0x08009fb8   0x0000001e   Code   RO          698    .text.USB_DevDisconnect  stm32f4xx_ll_usb.o
    0x08009fd6   0x08009fd6   0x00000002   PAD
    0x08009fd8   0x08009fd8   0x000004b6   Code   RO          662    .text.USB_DevInit   stm32f4xx_ll_usb.o
    0x0800a48e   0x0800a48e   0x00000002   PAD
    0x0800a490   0x0800a490   0x0000000e   Code   RO          656    .text.USB_DisableGlobalInt  stm32f4xx_ll_usb.o
    0x0800a49e   0x0800a49e   0x00000002   PAD
    0x0800a4a0   0x0800a4a0   0x0000005a   Code   RO          716    .text.USB_EP0_OutStart  stm32f4xx_ll_usb.o
    0x0800a4fa   0x0800a4fa   0x00000002   PAD
    0x0800a4fc   0x0800a4fc   0x00000052   Code   RO          690    .text.USB_EPClearStall  stm32f4xx_ll_usb.o
    0x0800a54e   0x0800a54e   0x00000002   PAD
    0x0800a550   0x0800a550   0x0000003e   Code   RO          688    .text.USB_EPSetStall  stm32f4xx_ll_usb.o
    0x0800a58e   0x0800a58e   0x00000002   PAD
    0x0800a590   0x0800a590   0x0000023a   Code   RO          680    .text.USB_EPStartXfer  stm32f4xx_ll_usb.o
    0x0800a7ca   0x0800a7ca   0x00000002   PAD
    0x0800a7cc   0x0800a7cc   0x0000010e   Code   RO          684    .text.USB_EPStopXfer  stm32f4xx_ll_usb.o
    0x0800a8da   0x0800a8da   0x00000002   PAD
    0x0800a8dc   0x0800a8dc   0x0000000e   Code   RO          654    .text.USB_EnableGlobalInt  stm32f4xx_ll_usb.o
    0x0800a8ea   0x0800a8ea   0x00000002   PAD
    0x0800a8ec   0x0800a8ec   0x000000be   Code   RO          666    .text.USB_FlushTxFifo  stm32f4xx_ll_usb.o
    0x0800a9aa   0x0800a9aa   0x00000002   PAD
    0x0800a9ac   0x0800a9ac   0x0000001a   Code   RO          670    .text.USB_GetDevSpeed  stm32f4xx_ll_usb.o
    0x0800a9c6   0x0800a9c6   0x00000002   PAD
    0x0800a9c8   0x0800a9c8   0x00000008   Code   RO          660    .text.USB_GetMode   stm32f4xx_ll_usb.o
    0x0800a9d0   0x0800a9d0   0x0000000e   Code   RO          706    .text.USB_ReadDevAllInEpInterrupt  stm32f4xx_ll_usb.o
    0x0800a9de   0x0800a9de   0x00000002   PAD
    0x0800a9e0   0x0800a9e0   0x0000000e   Code   RO          704    .text.USB_ReadDevAllOutEpInterrupt  stm32f4xx_ll_usb.o
    0x0800a9ee   0x0800a9ee   0x00000002   PAD
    0x0800a9f0   0x0800a9f0   0x00000024   Code   RO          710    .text.USB_ReadDevInEPInterrupt  stm32f4xx_ll_usb.o
    0x0800aa14   0x0800aa14   0x00000010   Code   RO          708    .text.USB_ReadDevOutEPInterrupt  stm32f4xx_ll_usb.o
    0x0800aa24   0x0800aa24   0x00000008   Code   RO          700    .text.USB_ReadInterrupts  stm32f4xx_ll_usb.o
    0x0800aa2c   0x0800aa2c   0x000000aa   Code   RO          686    .text.USB_ReadPacket  stm32f4xx_ll_usb.o
    0x0800aad6   0x0800aad6   0x00000002   PAD
    0x0800aad8   0x0800aad8   0x00000368   Code   RO          658    .text.USB_SetCurrentMode  stm32f4xx_ll_usb.o
    0x0800ae40   0x0800ae40   0x00000022   Code   RO          694    .text.USB_SetDevAddress  stm32f4xx_ll_usb.o
    0x0800ae62   0x0800ae62   0x00000002   PAD
    0x0800ae64   0x0800ae64   0x00000118   Code   RO          652    .text.USB_SetTurnaroundTime  stm32f4xx_ll_usb.o
    0x0800af7c   0x0800af7c   0x0000006a   Code   RO          682    .text.USB_WritePacket  stm32f4xx_ll_usb.o
    0x0800afe6   0x0800afe6   0x00000002   PAD
    0x0800afe8   0x0800afe8   0x00000002   Code   RO          164    .text.UsageFault_Handler  stm32f4xx_it.o
    0x0800afea   0x0800afea   0x00000002   PAD
    0x0800afec   0x0800afec   0x0000002a   Code   RO         2140    .text.__NVIC_SystemReset  selfcheck_task.o
    0x0800b016   0x0800b016   0x00000002   PAD
    0x0800b018   0x0800b018   0x00000190   Code   RO         2413    .text._ui_init_g_1_0  ui_g.o
    0x0800b1a8   0x0800b1a8   0x00000192   Code   RO         2437    .text._ui_init_g_3_0  ui_g.o
    0x0800b33a   0x0800b33a   0x00000002   PAD
    0x0800b33c   0x0800b33c   0x00000154   Code   RO         2244    .text.arm_lift_reset  lift_moto_ctrl.o
    0x0800b490   0x0800b490   0x00000026   Code   RO         2079    .text.arm_xipan_close  relay.o
    0x0800b4b6   0x0800b4b6   0x00000002   PAD
    0x0800b4b8   0x0800b4b8   0x00000026   Code   RO         2077    .text.arm_xipan_open  relay.o
    0x0800b4de   0x0800b4de   0x00000002   PAD
    0x0800b4e0   0x0800b4e0   0x000000ba   Code   RO         2379    .text.calc_crc16    ui_interface.o
    0x0800b59a   0x0800b59a   0x00000002   PAD
    0x0800b59c   0x0800b59c   0x0000008e   Code   RO         2377    .text.calc_crc8     ui_interface.o
    0x0800b62a   0x0800b62a   0x00000002   PAD
    0x0800b62c   0x0800b62c   0x0000015c   Code   RO         2252    .text.camera_lift_reset  lift_moto_ctrl.o
    0x0800b788   0x0800b788   0x00000078   Code   RO         1988    .text.can_filter_init  bsp_can.o
    0x0800b800   0x0800b800   0x0000000e   Code   RO         2110    .text.cmd_id_init   robot_message.o
    0x0800b80e   0x0800b80e   0x00000002   PAD
    0x0800b810   0x0800b810   0x00000072   Code   RO         2108    .text.cmd_id_queue_handle  robot_message.o
    0x0800b882   0x0800b882   0x00000002   PAD
    0x0800b884   0x0800b884   0x0000003c   Code   RO         2106    .text.cmd_id_task_create  robot_message.o
    0x0800b8c0   0x0800b8c0   0x00000104   Code   RO         2038    .text.decodeDataFrame  referee.o
    0x0800b9c4   0x0800b9c4   0x0000002c   Code   RO         2154    .text.decode_five_jiont_back_data  bsp_uart.o
    0x0800b9f0   0x0800b9f0   0x0000005e   Code   RO           11    .text.main          main.o
    0x0800ba4e   0x0800ba4e   0x00000002   PAD
    0x0800ba50   0x0800ba50   0x00000020   Code   RO         1787    .text.osDelay       cmsis_os2.o
    0x0800ba70   0x0800ba70   0x00000028   Code   RO         1729    .text.osKernelInitialize  cmsis_os2.o
    0x0800ba98   0x0800ba98   0x0000003c   Code   RO         1735    .text.osKernelStart  cmsis_os2.o
    0x0800bad4   0x0800bad4   0x00000094   Code   RO         1751    .text.osThreadNew   cmsis_os2.o
    0x0800bb68   0x0800bb68   0x00000052   Code   RO         1968    .text.pidInit       pid.o
    0x0800bbba   0x0800bbba   0x00000002   PAD
    0x0800bbbc   0x0800bbbc   0x00000104   Code   RO         1972    .text.pid_calculate  pid.o
    0x0800bcc0   0x0800bcc0   0x0000028a   Code   RO         1562    .text.prvAddNewTaskToReadyList  tasks.o
    0x0800bf4a   0x0800bf4a   0x00000002   PAD
    0x0800bf4c   0x0800bf4c   0x00000086   Code   RO         1594    .text.prvIdleTask   tasks.o
    0x0800bfd2   0x0800bfd2   0x00000002   PAD
    0x0800bfd4   0x0800bfd4   0x00000104   Code   RO         1560    .text.prvInitialiseNewTask  tasks.o
    0x0800c0d8   0x0800c0d8   0x00000028   Code   RO         1924    .text.prvPortStartFirstTask  port.o
    0x0800c100   0x0800c100   0x0000003e   Code   RO         1914    .text.prvTaskExitError  port.o
    0x0800c13e   0x0800c13e   0x00000002   PAD
    0x0800c140   0x0800c140   0x0000037a   Code   RO         1679    .text.prvTimerTask  timers.o
    0x0800c4ba   0x0800c4ba   0x00000002   PAD
    0x0800c4bc   0x0800c4bc   0x00000074   Code   RO         1461    .text.prvUnlockQueue  queue.o
    0x0800c530   0x0800c530   0x000001e8   Code   RO         1890    .text.pvPortMalloc  heap_4.o
    0x0800c718   0x0800c718   0x00000024   Code   RO         1912    .text.pxPortInitialiseStack  port.o
    0x0800c73c   0x0800c73c   0x00000158   Code   RO         2034    .text.referee_data_solve  referee.o
    0x0800c894   0x0800c894   0x00000036   Code   RO         2152    .text.sync_data_to_c_init  bsp_uart.o
    0x0800c8ca   0x0800c8ca   0x00000002   PAD
    0x0800c8cc   0x0800c8cc   0x00000004   Code   RO         2419    .text.ui_init_g_1   ui_g.o
    0x0800c8d0   0x0800c8d0   0x0000010e   Code   RO         2431    .text.ui_init_g_2   ui_g.o
    0x0800c9de   0x0800c9de   0x00000002   PAD
    0x0800c9e0   0x0800c9e0   0x00000004   Code   RO         2443    .text.ui_init_g_3   ui_g.o
    0x0800c9e4   0x0800c9e4   0x0000009a   Code   RO         2455    .text.ui_init_g_4   ui_g.o
    0x0800ca7e   0x0800ca7e   0x00000002   PAD
    0x0800ca80   0x0800ca80   0x0000009c   Code   RO         2479    .text.ui_init_g_close  ui_g.o
    0x0800cb1c   0x0800cb1c   0x0000009c   Code   RO         2491    .text.ui_init_g_die  ui_g.o
    0x0800cbb8   0x0800cbb8   0x0000009a   Code   RO         2515    .text.ui_init_g_open  ui_g.o
    0x0800cc52   0x0800cc52   0x00000002   PAD
    0x0800cc54   0x0800cc54   0x000000be   Code   RO         2527    .text.ui_init_g_pumg  ui_g.o
    0x0800cd12   0x0800cd12   0x00000002   PAD
    0x0800cd14   0x0800cd14   0x000000c2   Code   RO         2539    .text.ui_init_g_shijue  ui_g.o
    0x0800cdd6   0x0800cdd6   0x00000002   PAD
    0x0800cdd8   0x0800cdd8   0x000001e4   Code   RO         2381    .text.ui_proc_1_frame  ui_interface.o
    0x0800cfbc   0x0800cfbc   0x000000c2   Code   RO         2383    .text.ui_proc_2_frame  ui_interface.o
    0x0800d07e   0x0800d07e   0x00000002   PAD
    0x0800d080   0x0800d080   0x00000132   Code   RO         2385    .text.ui_proc_5_frame  ui_interface.o
    0x0800d1b2   0x0800d1b2   0x00000002   PAD
    0x0800d1b4   0x0800d1b4   0x000000ae   Code   RO         2389    .text.ui_proc_string_frame  ui_interface.o
    0x0800d262   0x0800d262   0x00000002   PAD
    0x0800d264   0x0800d264   0x0000003a   Code   RO         2423    .text.ui_remove_g_1  ui_g.o
    0x0800d29e   0x0800d29e   0x00000002   PAD
    0x0800d2a0   0x0800d2a0   0x0000003a   Code   RO         2435    .text.ui_remove_g_2  ui_g.o
    0x0800d2da   0x0800d2da   0x00000002   PAD
    0x0800d2dc   0x0800d2dc   0x00000046   Code   RO         2447    .text.ui_remove_g_3  ui_g.o
    0x0800d322   0x0800d322   0x00000002   PAD
    0x0800d324   0x0800d324   0x0000002e   Code   RO         2459    .text.ui_remove_g_4  ui_g.o
    0x0800d352   0x0800d352   0x00000002   PAD
    0x0800d354   0x0800d354   0x0000002e   Code   RO         2483    .text.ui_remove_g_close  ui_g.o
    0x0800d382   0x0800d382   0x00000002   PAD
    0x0800d384   0x0800d384   0x0000002e   Code   RO         2519    .text.ui_remove_g_open  ui_g.o
    0x0800d3b2   0x0800d3b2   0x00000002   PAD
    0x0800d3b4   0x0800d3b4   0x00000262   Code   RO         2365    .text.ui_task       referee_ui_task.o
    0x0800d616   0x0800d616   0x00000002   PAD
    0x0800d618   0x0800d618   0x0000017a   Code   RO         2158    .text.usart_dma_init  bsp_uart.o
    0x0800d792   0x0800d792   0x00000002   PAD
    0x0800d794   0x0800d794   0x00000004   Code   RO         2128    .text.usb_data_send  bsp_usb.o
    0x0800d798   0x0800d798   0x00000016   Code   RO         2126    .text.usb_init      bsp_usb.o
    0x0800d7ae   0x0800d7ae   0x00000002   PAD
    0x0800d7b0   0x0800d7b0   0x0000004a   Code   RO         2351    .text.usb_task      eng_task.o
    0x0800d7fa   0x0800d7fa   0x00000002   PAD
    0x0800d7fc   0x0800d7fc   0x00000022   Code   RO         1425    .text.uxListRemove  list.o
    0x0800d81e   0x0800d81e   0x00000002   PAD
    0x0800d820   0x0800d820   0x0000001a   Code   RO         1873    .text.vApplicationGetIdleTaskMemory  cmsis_os2.o
    0x0800d83a   0x0800d83a   0x00000002   PAD
    0x0800d83c   0x0800d83c   0x0000001c   Code   RO         1875    .text.vApplicationGetTimerTaskMemory  cmsis_os2.o
    0x0800d858   0x0800d858   0x00000016   Code   RO         1417    .text.vListInitialise  list.o
    0x0800d86e   0x0800d86e   0x00000002   PAD
    0x0800d870   0x0800d870   0x00000006   Code   RO         1419    .text.vListInitialiseItem  list.o
    0x0800d876   0x0800d876   0x00000002   PAD
    0x0800d878   0x0800d878   0x00000062   Code   RO         1423    .text.vListInsert   list.o
    0x0800d8da   0x0800d8da   0x00000002   PAD
    0x0800d8dc   0x0800d8dc   0x0000001a   Code   RO         1421    .text.vListInsertEnd  list.o
    0x0800d8f6   0x0800d8f6   0x00000002   PAD
    0x0800d8f8   0x0800d8f8   0x00000014   Code   RO         1922    .text.vPortEnableVFP  port.o
    0x0800d90c   0x0800d90c   0x00000046   Code   RO         1928    .text.vPortEnterCritical  port.o
    0x0800d952   0x0800d952   0x00000002   PAD
    0x0800d954   0x0800d954   0x0000002e   Code   RO         1930    .text.vPortExitCritical  port.o
    0x0800d982   0x0800d982   0x00000002   PAD
    0x0800d984   0x0800d984   0x000000de   Code   RO         1892    .text.vPortFree     heap_4.o
    0x0800da62   0x0800da62   0x00000002   PAD
    0x0800da64   0x0800da64   0x00000034   Code   RO         1920    .text.vPortSetupTimerInterrupt  port.o
    0x0800da98   0x0800da98   0x00000058   Code   RO         1495    .text.vQueueAddToRegistry  queue.o
    0x0800daf0   0x0800daf0   0x00000052   Code   RO         1499    .text.vQueueWaitForMessageRestricted  queue.o
    0x0800db42   0x0800db42   0x00000002   PAD
    0x0800db44   0x0800db44   0x00000080   Code   RO         1574    .text.vTaskDelay    tasks.o
    0x0800dbc4   0x0800dbc4   0x00000012   Code   RO         1624    .text.vTaskInternalSetTimeOutState  tasks.o
    0x0800dbd6   0x0800dbd6   0x00000002   PAD
    0x0800dbd8   0x0800dbd8   0x0000000e   Code   RO         1628    .text.vTaskMissedYield  tasks.o
    0x0800dbe6   0x0800dbe6   0x00000002   PAD
    0x0800dbe8   0x0800dbe8   0x00000074   Code   RO         1612    .text.vTaskPlaceOnEventList  tasks.o
    0x0800dc5c   0x0800dc5c   0x0000007a   Code   RO         1616    .text.vTaskPlaceOnEventListRestricted  tasks.o
    0x0800dcd6   0x0800dcd6   0x00000002   PAD
    0x0800dcd8   0x0800dcd8   0x000000f0   Code   RO         1592    .text.vTaskStartScheduler  tasks.o
    0x0800ddc8   0x0800ddc8   0x00000010   Code   RO         1570    .text.vTaskSuspendAll  tasks.o
    0x0800ddd8   0x0800ddd8   0x000000cc   Code   RO         1586    .text.vTaskSwitchContext  tasks.o
    0x0800dea4   0x0800dea4   0x00000038   Code   RO         2002    .text.wd_init       wd.o
    0x0800dedc   0x0800dedc   0x00000188   Code   RO         1918    .text.xPortStartScheduler  port.o
    0x0800e064   0x0800e064   0x0000002e   Code   RO         1934    .text.xPortSysTickHandler  port.o
    0x0800e092   0x0800e092   0x00000002   PAD
    0x0800e094   0x0800e094   0x000000da   Code   RO         1437    .text.xQueueGenericCreateStatic  queue.o
    0x0800e16e   0x0800e16e   0x00000002   PAD
    0x0800e170   0x0800e170   0x000002c0   Code   RO         1451    .text.xQueueGenericSend  queue.o
    0x0800e430   0x0800e430   0x0000023e   Code   RO         1467    .text.xQueueReceive  queue.o
    0x0800e66e   0x0800e66e   0x00000002   PAD
    0x0800e670   0x0800e670   0x0000009a   Code   RO         1626    .text.xTaskCheckForTimeOut  tasks.o
    0x0800e70a   0x0800e70a   0x00000002   PAD
    0x0800e70c   0x0800e70c   0x00000060   Code   RO         1564    .text.xTaskCreate   tasks.o
    0x0800e76c   0x0800e76c   0x00000076   Code   RO         1558    .text.xTaskCreateStatic  tasks.o
    0x0800e7e2   0x0800e7e2   0x00000002   PAD
    0x0800e7e4   0x0800e7e4   0x0000001e   Code   RO         1640    .text.xTaskGetSchedulerState  tasks.o
    0x0800e802   0x0800e802   0x00000002   PAD
    0x0800e804   0x0800e804   0x0000000c   Code   RO         1600    .text.xTaskGetTickCount  tasks.o
    0x0800e810   0x0800e810   0x00000104   Code   RO         1598    .text.xTaskIncrementTick  tasks.o
    0x0800e914   0x0800e914   0x0000008e   Code   RO         1644    .text.xTaskPriorityDisinherit  tasks.o
    0x0800e9a2   0x0800e9a2   0x00000002   PAD
    0x0800e9a4   0x0800e9a4   0x00000072   Code   RO         1618    .text.xTaskRemoveFromEventList  tasks.o
    0x0800ea16   0x0800ea16   0x00000002   PAD
    0x0800ea18   0x0800ea18   0x000000ee   Code   RO         1572    .text.xTaskResumeAll  tasks.o
    0x0800eb06   0x0800eb06   0x00000002   PAD
    0x0800eb08   0x0800eb08   0x000000b4   Code   RO         1677    .text.xTimerCreateTimerTask  timers.o
    0x0800ebbc   0x0800ebbc   0x0000001a   Code   RO         3221    x$fpl$fpinit        fz_wm.l(fpinit.o)
    0x0800ebd6   0x0800ebd6   0x00000028   Data   RO         2860    .constdata          c_w.l(_printf_hex_int.o)
    0x0800ebfe   0x0800ebfe   0x00000010   Data   RO         1370    .rodata.AHBPrescTable  system_stm32f4xx.o
    0x0800ec0e   0x0800ec0e   0x00000008   Data   RO         1371    .rodata.APBPrescTable  system_stm32f4xx.o
    0x0800ec16   0x0800ec16   0x00000002   PAD
    0x0800ec18   0x0800ec18   0x00000024   Data   RO           56    .rodata.Arm_Ctrl_attributes  freertos.o
    0x0800ec3c   0x0800ec3c   0x00000100   Data   RO         2114    .rodata.CRC08_Table  robot_message.o
    0x0800ed3c   0x0800ed3c   0x00000100   Data   RO         2398    .rodata.CRC8_TAB    ui_interface.o
    0x0800ee3c   0x0800ee3c   0x00000024   Data   RO           60    .rodata.Lift_attributes  freertos.o
    0x0800ee60   0x0800ee60   0x00000024   Data   RO           58    .rodata.Mode_attributes  freertos.o
    0x0800ee84   0x0800ee84   0x00000024   Data   RO           57    .rodata.Moto_attributes  freertos.o
    0x0800eea8   0x0800eea8   0x00000024   Data   RO           62    .rodata.SelfCheck_attributes  freertos.o
    0x0800eecc   0x0800eecc   0x00000024   Data   RO           59    .rodata.Transmit_attributes  freertos.o
    0x0800eef0   0x0800eef0   0x00000024   Data   RO           63    .rodata.UI_attributes  freertos.o
    0x0800ef14   0x0800ef14   0x00000024   Data   RO           61    .rodata.USB_attributes  freertos.o
    0x0800ef38   0x0800ef38   0x00000008   Data   RO          940    .rodata.cst8        stm32f4xx_hal_dma.o
    0x0800ef40   0x0800ef40   0x00000032   Data   RO           55    .rodata.str1.1      freertos.o
    0x0800ef72   0x0800ef72   0x00000005   Data   RO         1717    .rodata.str1.1      timers.o
    0x0800ef77   0x0800ef77   0x00000001   PAD
    0x0800ef78   0x0800ef78   0x00000200   Data   RO         2399    .rodata.wCRC_Table  ui_interface.o
    0x0800f178   0x0800f178   0x00000020   Data   RO         3298    Region$$Table       anon$$obj.o


    Execution Region RW_IRAM2 (Exec base: 0x10000000, Load base: 0x0800f2e0, Size: 0x00000000, Max: 0x00010000, ABSOLUTE)

    **** No section assigned to this execution region ****


    Execution Region RW_IRAM1 (Exec base: 0x20000000, Load base: 0x0800f198, Size: 0x00009260, Max: 0x00030000, ABSOLUTE)

    Exec Addr    Load Addr    Size         Type   Attr      Idx    E Section Name        Object

    0x20000000   0x0800f198   0x00000008   Data   RW         1128    .data..L_MergedGlobals  stm32f4xx_hal.o
    0x20000008   0x0800f1a0   0x00000002   Data   RW         2142    .data..L_MergedGlobals  selfcheck_task.o
    0x2000000a   0x0800f1a2   0x00000002   PAD
    0x2000000c   0x0800f1a4   0x00000020   Data   RW         2565    .data..L_MergedGlobals  ui_g.o
    0x2000002c   0x0800f1c4   0x0000001c   Data   RW         2597    .data.FS_Desc       usbd_desc.o
    0x20000048   0x0800f1e0   0x00000001   Data   RW         2336    .data.ShiJue_mode_ctrl  modes.o
    0x20000049   0x0800f1e1   0x00000003   PAD
    0x2000004c   0x0800f1e4   0x00000004   Data   RW         1369    .data.SystemCoreClock  system_stm32f4xx.o
    0x20000050   0x0800f1e8   0x00000038   Data   RW         2834    .data.USBD_CDC      usbd_cdc.o
    0x20000088   0x0800f220   0x00000043   Data   RW         2836    .data.USBD_CDC_CfgDesc  usbd_cdc.o
    0x200000cb   0x0800f263   0x00000001   PAD
    0x200000cc   0x0800f264   0x0000000a   Data   RW         2835    .data.USBD_CDC_DeviceQualifierDesc  usbd_cdc.o
    0x200000d6   0x0800f26e   0x00000002   PAD
    0x200000d8   0x0800f270   0x00000012   Data   RW         2598    .data.USBD_FS_DeviceDesc  usbd_desc.o
    0x200000ea   0x0800f282   0x00000002   PAD
    0x200000ec   0x0800f284   0x00000014   Data   RW         2622    .data.USBD_Interface_fops_FS  usbd_cdc_if.o
    0x20000100   0x0800f298   0x00000004   Data   RW         2599    .data.USBD_LangIDDesc  usbd_desc.o
    0x20000104   0x0800f29c   0x0000001a   Data   RW         2600    .data.USBD_StringSerial  usbd_desc.o
    0x2000011e   0x0800f2b6   0x00000002   PAD
    0x20000120   0x0800f2b8   0x00000004   Data   RW         2356    .data.Yaw_Flag      eng_task.o
    0x20000124   0x0800f2bc   0x00000002   Data   RW         2229    .data.chassis_speed_coefficient  chassis.o
    0x20000126   0x0800f2be   0x00000001   Data   RW         2367    .data.t_UI          referee_ui_task.o
    0x20000127   0x0800f2bf   0x00000001   PAD
    0x20000128   0x0800f2c0   0x00000004   Data   RW         2549    .data.ui_g_4_gk     ui_g.o
    0x2000012c   0x0800f2c4   0x00000004   Data   RW         2553    .data.ui_g_close_close  ui_g.o
    0x20000130   0x0800f2c8   0x00000004   Data   RW         2555    .data.ui_g_die_die  ui_g.o
    0x20000134   0x0800f2cc   0x00000004   Data   RW         2559    .data.ui_g_open_open  ui_g.o
    0x20000138   0x0800f2d0   0x00000004   Data   RW         2561    .data.ui_g_pumg_pumg  ui_g.o
    0x2000013c   0x0800f2d4   0x00000004   Data   RW         2564    .data.ui_g_shijue_shijue  ui_g.o
    0x20000140   0x0800f2d8   0x00000004   Data   RW         2397    .data.ui_self_id    ui_interface.o
    0x20000144   0x0800f2dc   0x00000004   Data   RW         1938    .data.uxCriticalNesting  port.o
    0x20000148        -       0x00000060   Zero   RW         3169    .bss                c_w.l(libspace.o)
    0x200001a8        -       0x00000020   Zero   RW           64    .bss..L_MergedGlobals  freertos.o
    0x200001c8        -       0x00000078   Zero   RW         1667    .bss..L_MergedGlobals  tasks.o
    0x20000240        -       0x0000003c   Zero   RW         1718    .bss..L_MergedGlobals  timers.o
    0x2000027c        -       0x00000020   Zero   RW         1903    .bss..L_MergedGlobals  heap_4.o
    0x2000029c        -       0x00000008   Zero   RW         1939    .bss..L_MergedGlobals  port.o
    0x200002a4        -       0x00000002   Zero   RW         2006    .bss..L_MergedGlobals  wd.o
    0x200002a6   0x0800f2e0   0x00000002   PAD
    0x200002a8        -       0x0000007e   Zero   RW         2044    .bss..L_MergedGlobals  referee.o
    0x20000326        -       0x00000002   Zero   RW         2082    .bss..L_MergedGlobals  relay.o
    0x20000328        -       0x00000008   Zero   RW         2117    .bss..L_MergedGlobals  robot_message.o
    0x20000330        -       0x0000003e   Zero   RW         2170    .bss..L_MergedGlobals  bsp_uart.o
    0x2000036e   0x0800f2e0   0x00000002   PAD
    0x20000370        -       0x0000004c   Zero   RW         2211    .bss..L_MergedGlobals  moto.o
    0x200003bc        -       0x00000008   Zero   RW         2231    .bss..L_MergedGlobals  chassis.o
    0x200003c4        -       0x00000064   Zero   RW         2263    .bss..L_MergedGlobals  lift_moto_ctrl.o
    0x20000428        -       0x0000000e   Zero   RW         2340    .bss..L_MergedGlobals  modes.o
    0x20000436        -       0x0000004d   Zero   RW         2404    .bss..L_MergedGlobals  ui_interface.o
    0x20000483   0x0800f2e0   0x00000001   PAD
    0x20000484        -       0x00000028   Zero   RW         2143    .bss..L_MergedGlobals.1  selfcheck_task.o
    0x200004ac        -       0x00000028   Zero   RW         1668    .bss..L_MergedGlobals.2  tasks.o
    0x200004d4        -       0x00000004   Zero   RW           83    .bss.HAL_RCC_CAN1_CLK_ENABLED  can.o
    0x200004d8        -       0x00000004   Zero   RW         1877    .bss.KernelState    cmsis_os2.o
    0x200004dc        -       0x00000040   Zero   RW         2025    .bss.Keys           key.o
    0x2000051c        -       0x0000000a   Zero   RW         2042    .bss.NEW_RC_DATA    referee.o
    0x20000526        -       0x00000018   Zero   RW         1949    .bss.RC_CtrlData    inculdes.o
    0x2000053e   0x0800f2e0   0x00000002   PAD
    0x20000540        -       0x00000080   Zero   RW         2168    .bss.Transmit_buff  bsp_uart.o
    0x200005c0        -       0x00000080   Zero   RW         2167    .bss.UART8_Rx_Buffer  bsp_uart.o
    0x20000640        -       0x00000080   Zero   RW         2191    .bss.USART1_Rx_Buffer  rcdriver.o
    0x200006c0        -       0x00000080   Zero   RW         2166    .bss.USART3_Rx_Buffer  bsp_uart.o
    0x20000740        -       0x00000080   Zero   RW         2165    .bss.USART6_Rx_Buffer  bsp_uart.o
    0x200007c0        -       0x00000001   Zero   RW         2773    .bss.USBD_SetConfig.cfgidx  usbd_ctlreq.o
    0x200007c1   0x0800f2e0   0x00000003   PAD
    0x200007c4        -       0x00000200   Zero   RW         2601    .bss.USBD_StrDesc   usbd_desc.o
    0x200009c4        -       0x00000220   Zero   RW         2696    .bss.USBD_static_malloc.mem  usbd_conf.o
    0x20000be4        -       0x00000800   Zero   RW         2623    .bss.UserRxBufferFS  usbd_cdc_if.o
    0x200013e4        -       0x00000800   Zero   RW         2624    .bss.UserTxBufferFS  usbd_cdc_if.o
    0x20001be4        -       0x0000005c   Zero   RW         2259    .bss.camera_pid_lift_pos  lift_moto_ctrl.o
    0x20001c40        -       0x0000005c   Zero   RW         2261    .bss.camera_pid_lift_reset_spd  lift_moto_ctrl.o
    0x20001c9c        -       0x0000005c   Zero   RW         2260    .bss.camera_pid_lift_spd  lift_moto_ctrl.o
    0x20001cf8        -       0x00000018   Zero   RW         2113    .bss.cmd_id_queue   robot_message.o
    0x20001d10        -       0x00000020   Zero   RW         2040    .bss.game_robot_HP_t  referee.o
    0x20001d30        -       0x000002dc   Zero   RW         2576    .bss.hUsbDeviceFS   usb_device.o
    0x2000200c        -       0x00000028   Zero   RW           81    .bss.hcan1          can.o
    0x20002034        -       0x00000028   Zero   RW           82    .bss.hcan2          can.o
    0x2000205c        -       0x00000060   Zero   RW          141    .bss.hdma_uart8_rx  usart.o
    0x200020bc        -       0x00000060   Zero   RW          142    .bss.hdma_uart8_tx  usart.o
    0x2000211c        -       0x00000060   Zero   RW          143    .bss.hdma_usart1_rx  usart.o
    0x2000217c        -       0x00000060   Zero   RW          145    .bss.hdma_usart3_rx  usart.o
    0x200021dc        -       0x00000060   Zero   RW          144    .bss.hdma_usart3_tx  usart.o
    0x2000223c        -       0x00000060   Zero   RW          146    .bss.hdma_usart6_rx  usart.o
    0x2000229c        -       0x00000060   Zero   RW          147    .bss.hdma_usart6_tx  usart.o
    0x200022fc        -       0x000004e4   Zero   RW         2695    .bss.hpcd_USB_OTG_FS  usbd_conf.o
    0x200027e0        -       0x00000048   Zero   RW          115    .bss.htim2          tim.o
    0x20002828        -       0x00000048   Zero   RW          116    .bss.htim4          tim.o
    0x20002870        -       0x00000048   Zero   RW          228    .bss.htim7          stm32f4xx_hal_timebase_tim.o
    0x200028b8        -       0x00000048   Zero   RW          138    .bss.huart1         usart.o
    0x20002900        -       0x00000048   Zero   RW          139    .bss.huart3         usart.o
    0x20002948        -       0x00000048   Zero   RW          140    .bss.huart6         usart.o
    0x20002990        -       0x00000048   Zero   RW          137    .bss.huart8         usart.o
    0x200029d8        -       0x00000080   Zero   RW         2210    .bss.moto_chassis   moto.o
    0x20002a58        -       0x00001074   Zero   RW         2112    .bss.nuc_receive_data  robot_message.o
    0x20003acc        -       0x00000228   Zero   RW         2230    .bss.pid_chassis_moto  chassis.o
    0x20003cf4        -       0x0000005c   Zero   RW         2257    .bss.pid_lift_reset_spd  lift_moto_ctrl.o
    0x20003d50        -       0x0000005c   Zero   RW         2256    .bss.pid_lift_spd   lift_moto_ctrl.o
    0x20003dac        -       0x000000a0   Zero   RW         1716    .bss.prvCheckForValidListAndQueue.ucStaticTimerQueueStorage  timers.o
    0x20003e4c        -       0x00000050   Zero   RW         1715    .bss.prvCheckForValidListAndQueue.xStaticTimerQueue  timers.o
    0x20003e9c        -       0x00000460   Zero   RW         1666    .bss.pxReadyTasksLists  tasks.o
    0x200042fc        -       0x00000076   Zero   RW         2041    .bss.robot_interaction_data  referee.o
    0x20004372        -       0x0000001b   Zero   RW         2164    .bss.sync_data_to_c  bsp_uart.o
    0x2000438d        -       0x00003c00   Zero   RW         1902    .bss.ucHeap         heap_4.o
    0x20007f8d   0x0800f2e0   0x00000001   PAD
    0x20007f8e        -       0x0000005a   Zero   RW         2545    .bss.ui_g_1_0       ui_g.o
    0x20007fe8        -       0x0000002d   Zero   RW         2546    .bss.ui_g_2_0       ui_g.o
    0x20008015   0x0800f2e0   0x00000001   PAD
    0x20008016        -       0x0000005a   Zero   RW         2547    .bss.ui_g_3_0       ui_g.o
    0x20008070        -       0x0000001e   Zero   RW         2548    .bss.ui_g_4_0       ui_g.o
    0x2000808e        -       0x0000001e   Zero   RW         2552    .bss.ui_g_close_0   ui_g.o
    0x200080ac        -       0x0000001e   Zero   RW         2554    .bss.ui_g_die_0     ui_g.o
    0x200080ca        -       0x0000001e   Zero   RW         2558    .bss.ui_g_open_0    ui_g.o
    0x200080e8        -       0x0000003c   Zero   RW         2560    .bss.ui_g_pumg_0    ui_g.o
    0x20008124        -       0x0000003c   Zero   RW         2563    .bss.ui_g_shijue_0  ui_g.o
    0x20008160        -       0x00000404   Zero   RW         2130    .bss.usb_cdc_data   bsp_usb.o
    0x20008564        -       0x00000004   Zero   RW         1127    .bss.uwTick         stm32f4xx_hal.o
    0x20008568        -       0x00000200   Zero   RW         1879    .bss.vApplicationGetIdleTaskMemory.Idle_Stack  cmsis_os2.o
    0x20008768        -       0x0000005c   Zero   RW         1878    .bss.vApplicationGetIdleTaskMemory.Idle_TCB  cmsis_os2.o
    0x200087c4        -       0x00000400   Zero   RW         1881    .bss.vApplicationGetTimerTaskMemory.Timer_Stack  cmsis_os2.o
    0x20008bc4        -       0x0000005c   Zero   RW         1880    .bss.vApplicationGetTimerTaskMemory.Timer_TCB  cmsis_os2.o
    0x20008c20        -       0x00000040   Zero   RW         1501    .bss.xQueueRegistry  queue.o
    0x20008c60        -       0x00000200   Zero   RW            2    HEAP                startup_stm32f427xx.o
    0x20008e60        -       0x00000400   Zero   RW            1    STACK               startup_stm32f427xx.o


==============================================================================

Image component sizes


      Code (inc. data)   RO Data    RW Data    ZI Data      Debug   Object Name

       220          0          0          0          0        907   arm_whole_ctrl.o
       148          0          0          0          0       3837   bsp_can.o
       642          0          0          0        601       7054   bsp_uart.o
        26          0          0          0       1028       1233   bsp_usb.o
       438          0          0          0         84       7079   can.o
       716         20          0          2        560       4664   chassis.o
       364          0          0          0       1724      43495   cmsis_os2.o
       172          0          0          0          0       3703   dma.o
       244          0          0          4          0       2295   eng_task.o
       220          0        338          0         32       4626   freertos.o
       294          0          0          0          0       4316   gpio.o
       710          0          0          0      15392       5891   heap_4.o
         0          0          0          0         24       1048   inculdes.o
       140          0          0          0         64       2892   key.o
      1028         44          0          0        560       4428   lift_moto_ctrl.o
       186          0          0          0          0       2368   list.o
       292          0          0          0          0       6337   main.o
      9648         16          0          1         14      13016   modes.o
      1076          6          0          0        204       7289   moto.o
       342          8          0          0          0       4037   pid.o
       900         16          0          4          8       4397   port.o
        48          0          0          0          0       2006   pwm.o
      1782          0          0          0         64      30822   queue.o
       422          0          0          0        128       1475   rcdriver.o
       604         10          0          0        286       6526   referee.o
       610          0          0          1          0       1086   referee_ui_task.o
        76          0          0          0          2       1441   relay.o
       468          0        256          0       4244       5451   robot_message.o
       692          0          0          2         40       3539   selfcheck_task.o
        64         26        428          0       1536        860   startup_stm32f427xx.o
       132          0          0          8          4       7692   stm32f4xx_hal.o
      1696          6          0          0          0      14082   stm32f4xx_hal_can.o
       152          0          0          0          0      10872   stm32f4xx_hal_cortex.o
      1260          6          8          0          0      10594   stm32f4xx_hal_dma.o
       456          0          0          0          0       5501   stm32f4xx_hal_gpio.o
        66          0          0          0          0       3722   stm32f4xx_hal_msp.o
      3576          0          0          0          0      17448   stm32f4xx_hal_pcd.o
       216          0          0          0          0       4773   stm32f4xx_hal_pcd_ex.o
      1556          4          0          0          0       7616   stm32f4xx_hal_rcc.o
      2246          6          0          0          0      58417   stm32f4xx_hal_tim.o
       190          0          0          0          0      21954   stm32f4xx_hal_tim_ex.o
       178          0          0          0         72       7446   stm32f4xx_hal_timebase_tim.o
      2744          0          0          0          0      32699   stm32f4xx_hal_uart.o
       590          0          0          0          0      11335   stm32f4xx_it.o
      4964          0          0          0          0      37398   stm32f4xx_ll_usb.o
        18          0         24          4          0       2782   system_stm32f4xx.o
      3066          8          0          0       1280      44766   tasks.o
       442          0          0          0        144       7255   tim.o
        88          8          0          0          0       1490   time.o
      1070         18          5          0        300      16644   timers.o
      2408          0          0         56        465      18212   ui_g.o
      1486          0        768          4         77      19028   ui_interface.o
      1202          0          0          0        960       8534   usart.o
       114          0          0          0        732       3208   usb_device.o
      1224         12          0        133          0      11539   usbd_cdc.o
       164          0          0         20       4096       5012   usbd_cdc_if.o
       784          0          0          0       1796      18536   usbd_conf.o
       986          0          0          0          0      11158   usbd_core.o
      1652         32          0          0          1      11252   usbd_ctlreq.o
       532         40          0         76        512       4134   usbd_desc.o
       128          0          0          0          0       4733   usbd_ioreq.o
       202          0          0          0          2       1582   wd.o

    ----------------------------------------------------------------------
     58604        286       1862        328      37048     629532   Object Totals
         0          0         32          0          0          0   (incl. Generated)
       444          0          3         13         12          0   (incl. Padding)

    ----------------------------------------------------------------------

      Code (inc. data)   RO Data    RW Data    ZI Data      Debug   Library Member Name

         8          0          0          0          0         68   __main.o
         0          0          0          0          0          0   __rtentry.o
        12          0          0          0          0          0   __rtentry2.o
         6          0          0          0          0          0   __rtentry4.o
        94          8          0          0          0          0   __scatter.o
        26          0          0          0          0          0   __scatter_copy.o
        28          0          0          0          0          0   __scatter_zi.o
        88          4         40          0          0         88   _printf_hex_int.o
       178          0          0          0          0         88   _printf_intcommon.o
        78          0          0          0          0        108   _printf_pad.o
         0          0          0          0          0          0   _printf_percent.o
         4          0          0          0          0          0   _printf_percent_end.o
         6          0          0          0          0          0   _printf_x.o
        16          0          0          0          0         68   aeabi_memset4.o
        18          0          0          0          0         80   exit.o
         6          0          0          0          0        152   heapauxi.o
         0          0          0          0          0          0   indicate_semi.o
         2          0          0          0          0          0   libinit.o
         6          0          0          0          0          0   libinit2.o
         2          0          0          0          0          0   libshutdown.o
         2          0          0          0          0          0   libshutdown2.o
         8          4          0          0         96         68   libspace.o
       240          0          0          0          0        100   lludivv7m.o
        78          0          0          0          0         80   rt_memclr_w.o
       138          0          0          0          0         68   rt_memcpy_v6.o
       100          0          0          0          0         80   rt_memcpy_w.o
         2          0          0          0          0          0   rtexit.o
        10          0          0          0          0          0   rtexit2.o
        62          0          0          0          0         76   strlen.o
        12          4          0          0          0         68   sys_exit.o
        74          0          0          0          0         80   sys_stackheap_outer.o
         2          0          0          0          0         68   use_no_semi.o
        26          0          0          0          0        116   fpinit.o

    ----------------------------------------------------------------------
      1342         20         40          0         96       1456   Library Totals
        10          0          0          0          0          0   (incl. Padding)

    ----------------------------------------------------------------------

      Code (inc. data)   RO Data    RW Data    ZI Data      Debug   Library Name

      1306         20         40          0         96       1340   c_w.l
        26          0          0          0          0        116   fz_wm.l

    ----------------------------------------------------------------------
      1342         20         40          0         96       1456   Library Totals

    ----------------------------------------------------------------------

==============================================================================


      Code (inc. data)   RO Data    RW Data    ZI Data      Debug   

     59946        306       1902        328      37144     629252   Grand Totals
     59946        306       1902        328      37144     629252   ELF Image Totals
     59946        306       1902        328          0          0   ROM Totals

==============================================================================

    Total RO  Size (Code + RO Data)                61848 (  60.40kB)
    Total RW  Size (RW Data + ZI Data)             37472 (  36.59kB)
    Total ROM Size (Code + RO Data + RW Data)      62176 (  60.72kB)

==============================================================================

